Component: ARM Compiler 5.06 update 4 (build 422) Tool: armlink [4d35d2]

==============================================================================

Section Cross References

    startup_stm32f446xx.o(RESET) refers to startup_stm32f446xx.o(STACK) for __initial_sp
    startup_stm32f446xx.o(RESET) refers to startup_stm32f446xx.o(.text) for Reset_Handler
    startup_stm32f446xx.o(RESET) refers to stm32f4xx_it.o(i.NMI_Handler) for NMI_Handler
    startup_stm32f446xx.o(RESET) refers to stm32f4xx_it.o(i.HardFault_Handler) for HardFault_Handler
    startup_stm32f446xx.o(RESET) refers to stm32f4xx_it.o(i.MemManage_Handler) for MemManage_Handler
    startup_stm32f446xx.o(RESET) refers to stm32f4xx_it.o(i.BusFault_Handler) for BusFault_Handler
    startup_stm32f446xx.o(RESET) refers to stm32f4xx_it.o(i.UsageFault_Handler) for UsageFault_Handler
    startup_stm32f446xx.o(RESET) refers to port.o(.emb_text) for SVC_Handler
    startup_stm32f446xx.o(RESET) refers to stm32f4xx_it.o(i.DebugMon_Handler) for DebugMon_Handler
    startup_stm32f446xx.o(RESET) refers to port.o(i.SysTick_Handler) for SysTick_Handler
    startup_stm32f446xx.o(RESET) refers to stm32f4xx_it.o(i.TIM1_UP_TIM10_IRQHandler) for TIM1_UP_TIM10_IRQHandler
    startup_stm32f446xx.o(.text) refers to system_stm32f4xx.o(i.SystemInit) for SystemInit
    startup_stm32f446xx.o(.text) refers to entry.o(.ARM.Collect$$$$00000000) for __main
    main.o(i.CallbackHorloge) refers to printf1.o(i.__0printf$1) for __2printf
    main.o(i.CallbackHorloge) refers to rand.o(.text) for rand
    main.o(i.CallbackHorloge) refers to cmsis_os.o(i.osSignalSet) for osSignalSet
    main.o(i.CallbackHorloge) refers to main.o(.data) for .data
    main.o(i.HAL_TIM_PeriodElapsedCallback) refers to stm32f4xx_hal.o(i.HAL_IncTick) for HAL_IncTick
    main.o(i.MX_GPIO_Init) refers to memseta.o(.text) for __aeabi_memclr4
    main.o(i.MX_GPIO_Init) refers to stm32f4xx_hal_gpio.o(i.HAL_GPIO_WritePin) for HAL_GPIO_WritePin
    main.o(i.MX_GPIO_Init) refers to stm32f4xx_hal_gpio.o(i.HAL_GPIO_Init) for HAL_GPIO_Init
    main.o(i.StartAfficheur) refers to uoled.o(i.gfx_RectangleFilled) for gfx_RectangleFilled
    main.o(i.StartAfficheur) refers to uoled.o(i.txt_BGcolour) for txt_BGcolour
    main.o(i.StartAfficheur) refers to uoled.o(i.txt_FGcolour) for txt_FGcolour
    main.o(i.StartAfficheur) refers to uoled.o(i.txt_MoveCursor) for txt_MoveCursor
    main.o(i.StartAfficheur) refers to uoled.o(i.putCH) for putCH
    main.o(i.StartAfficheur) refers to cmsis_os.o(i.osSignalWait) for osSignalWait
    main.o(i.StartAfficheur) refers to printf1.o(i.__0printf$1) for __2printf
    main.o(i.StartAfficheur) refers to uoled.o(i.putINT) for putINT
    main.o(i.StartAfficheur) refers to main.o(.data) for .data
    main.o(i.StartDecodage) refers to cmsis_os.o(i.osDelay) for osDelay
    main.o(i.StartGestionRadio) refers to cmsis_os.o(i.osDelay) for osDelay
    main.o(i.StartGestionTours) refers to cmsis_os.o(i.osSignalWait) for osSignalWait
    main.o(i.StartGestionTours) refers to printf1.o(i.__0printf$1) for __2printf
    main.o(i.StartGestionTours) refers to cmsis_os.o(i.osSignalSet) for osSignalSet
    main.o(i.StartGestionTours) refers to main.o(.data) for .data
    main.o(i.StartReinit) refers to cmsis_os.o(i.osDelay) for osDelay
    main.o(i.SystemClock_Config) refers to memseta.o(.text) for __aeabi_memclr4
    main.o(i.SystemClock_Config) refers to stm32f4xx_hal_rcc_ex.o(i.HAL_RCC_OscConfig) for HAL_RCC_OscConfig
    main.o(i.SystemClock_Config) refers to stm32f4xx_hal_rcc.o(i.HAL_RCC_ClockConfig) for HAL_RCC_ClockConfig
    main.o(i.fputc) refers to stm32f4xx_hal_uart.o(i.HAL_UART_Transmit) for HAL_UART_Transmit
    main.o(i.fputc) refers to main.o(.bss) for .bss
    main.o(i.main) refers to stm32f4xx_hal.o(i.HAL_Init) for HAL_Init
    main.o(i.main) refers to main.o(i.SystemClock_Config) for SystemClock_Config
    main.o(i.main) refers to main.o(i.MX_GPIO_Init) for MX_GPIO_Init
    main.o(i.main) refers to stm32f4xx_hal_uart.o(i.HAL_UART_Init) for HAL_UART_Init
    main.o(i.main) refers to uoled.o(i.gfx_Cls) for gfx_Cls
    main.o(i.main) refers to uoled.o(i.setbaudWait) for setbaudWait
    main.o(i.main) refers to cmsis_os.o(i.osTimerCreate) for osTimerCreate
    main.o(i.main) refers to cmsis_os.o(i.osTimerStart) for osTimerStart
    main.o(i.main) refers to memcpya.o(.text) for __aeabi_memcpy4
    main.o(i.main) refers to cmsis_os.o(i.osThreadCreate) for osThreadCreate
    main.o(i.main) refers to cmsis_os.o(i.osKernelStart) for osKernelStart
    main.o(i.main) refers to main.o(.bss) for .bss
    main.o(i.main) refers to main.o(.constdata) for .constdata
    main.o(i.main) refers to main.o(.data) for .data
    main.o(.constdata) refers to main.o(i.CallbackHorloge) for CallbackHorloge
    main.o(.constdata) refers to main.o(.conststring) for .conststring
    main.o(.constdata) refers to main.o(i.StartDecodage) for StartDecodage
[...]
    Removing cmsis_os.o(i.osPoolCAlloc), (16 bytes).
    Removing cmsis_os.o(i.osPoolCreate), (94 bytes).
    Removing cmsis_os.o(i.osPoolFree), (48 bytes).
    Removing cmsis_os.o(i.osRecursiveMutexCreate), (4 bytes).
    Removing cmsis_os.o(i.osRecursiveMutexRelease), (4 bytes).
    Removing cmsis_os.o(i.osRecursiveMutexWait), (4 bytes).
    Removing cmsis_os.o(i.osSemaphoreCreate), (38 bytes).
    Removing cmsis_os.o(i.osSemaphoreDelete), (24 bytes).
    Removing cmsis_os.o(i.osSemaphoreGetCount), (4 bytes).
    Removing cmsis_os.o(i.osSemaphoreRelease), (80 bytes).
    Removing cmsis_os.o(i.osSemaphoreWait), (104 bytes).
    Removing cmsis_os.o(i.osSystickHandler), (20 bytes).
    Removing cmsis_os.o(i.osThreadGetId), (4 bytes).
    Removing cmsis_os.o(i.osThreadGetPriority), (32 bytes).
    Removing cmsis_os.o(i.osThreadList), (4 bytes).
    Removing cmsis_os.o(i.osThreadResume), (52 bytes).
    Removing cmsis_os.o(i.osThreadResumeAll), (18 bytes).
    Removing cmsis_os.o(i.osThreadSetPriority), (22 bytes).
    Removing cmsis_os.o(i.osThreadSuspend), (10 bytes).
    Removing cmsis_os.o(i.osThreadSuspendAll), (10 bytes).
    Removing cmsis_os.o(i.osThreadTerminate), (10 bytes).
    Removing cmsis_os.o(i.osThreadYield), (24 bytes).
    Removing cmsis_os.o(i.osTimerDelete), (44 bytes).
    Removing cmsis_os.o(i.osTimerStop), (88 bytes).
    Removing heap_4.o(i.vPortInitialiseBlocks), (2 bytes).
    Removing heap_4.o(i.xPortGetFreeHeapSize), (12 bytes).
    Removing heap_4.o(i.xPortGetMinimumEverFreeHeapSize), (12 bytes).
    Removing port.o(i.vPortEndScheduler), (32 bytes).
    Removing dadd.o(.text), (334 bytes).
    Removing dmul.o(.text), (228 bytes).
    Removing ddiv.o(.text), (222 bytes).
    Removing dfixul.o(.text), (48 bytes).
    Removing cdrcmple.o(.text), (48 bytes).
    Removing depilogue.o(.text), (186 bytes).

503 unused section(s) (total 33272 bytes) removed from the image.

==============================================================================

Image Symbol Table

    Local Symbols

    Symbol Name                              Value     Ov Type        Size  Object(Section)

    ../Drivers/STM32F4xx_HAL_Driver/Src/stm32f4xx_hal.c 0x00000000   Number         0  stm32f4xx_hal.o ABSOLUTE
    ../Drivers/STM32F4xx_HAL_Driver/Src/stm32f4xx_hal_cortex.c 0x00000000   Number         0  stm32f4xx_hal_cortex.o ABSOLUTE
    ../Drivers/STM32F4xx_HAL_Driver/Src/stm32f4xx_hal_dma.c 0x00000000   Number         0  stm32f4xx_hal_dma.o ABSOLUTE
    ../Drivers/STM32F4xx_HAL_Driver/Src/stm32f4xx_hal_dma_ex.c 0x00000000   Number         0  stm32f4xx_hal_dma_ex.o ABSOLUTE
    ../Drivers/STM32F4xx_HAL_Driver/Src/stm32f4xx_hal_flash.c 0x00000000   Number         0  stm32f4xx_hal_flash.o ABSOLUTE
    ../Drivers/STM32F4xx_HAL_Driver/Src/stm32f4xx_hal_flash_ex.c 0x00000000   Number         0  stm32f4xx_hal_flash_ex.o ABSOLUTE
    ../Drivers/STM32F4xx_HAL_Driver/Src/stm32f4xx_hal_flash_ramfunc.c 0x00000000   Number         0  stm32f4xx_hal_flash_ramfunc.o ABSOLUTE
    ../Drivers/STM32F4xx_HAL_Driver/Src/stm32f4xx_hal_gpio.c 0x00000000   Number         0  stm32f4xx_hal_gpio.o ABSOLUTE
    ../Drivers/STM32F4xx_HAL_Driver/Src/stm32f4xx_hal_pwr.c 0x00000000   Number         0  stm32f4xx_hal_pwr.o ABSOLUTE
    ../Drivers/STM32F4xx_HAL_Driver/Src/stm32f4xx_hal_pwr_ex.c 0x00000000   Number         0  stm32f4xx_hal_pwr_ex.o ABSOLUTE
    ../Drivers/STM32F4xx_HAL_Driver/Src/stm32f4xx_hal_rcc.c 0x00000000   Number         0  stm32f4xx_hal_rcc.o ABSOLUTE
    ../Drivers/STM32F4xx_HAL_Driver/Src/stm32f4xx_hal_rcc_ex.c 0x00000000   Number         0  stm32f4xx_hal_rcc_ex.o ABSOLUTE
    ../Drivers/STM32F4xx_HAL_Driver/Src/stm32f4xx_hal_tim.c 0x00000000   Number         0  stm32f4xx_hal_tim.o ABSOLUTE
    ../Drivers/STM32F4xx_HAL_Driver/Src/stm32f4xx_hal_tim_ex.c 0x00000000   Number         0  stm32f4xx_hal_tim_ex.o ABSOLUTE
    ../Drivers/STM32F4xx_HAL_Driver/Src/stm32f4xx_hal_uart.c 0x00000000   Number         0  stm32f4xx_hal_uart.o ABSOLUTE
    ../Middlewares/Third_Party/FreeRTOS/Source/CMSIS_RTOS/cmsis_os.c 0x00000000   Number         0  cmsis_os.o ABSOLUTE
    ../Middlewares/Third_Party/FreeRTOS/Source/croutine.c 0x00000000   Number         0  croutine.o ABSOLUTE
    ../Middlewares/Third_Party/FreeRTOS/Source/event_groups.c 0x00000000   Number         0  event_groups.o ABSOLUTE
    ../Middlewares/Third_Party/FreeRTOS/Source/list.c 0x00000000   Number         0  list.o ABSOLUTE
    ../Middlewares/Third_Party/FreeRTOS/Source/portable/MemMang/heap_4.c 0x00000000   Number         0  heap_4.o ABSOLUTE
    ../Middlewares/Third_Party/FreeRTOS/Source/portable/RVDS/ARM_CM4F/port.c 0x00000000   Number         0  port.o ABSOLUTE
    ../Middlewares/Third_Party/FreeRTOS/Source/queue.c 0x00000000   Number         0  queue.o ABSOLUTE
    ../Middlewares/Third_Party/FreeRTOS/Source/tasks.c 0x00000000   Number         0  tasks.o ABSOLUTE
    ../Middlewares/Third_Party/FreeRTOS/Source/timers.c 0x00000000   Number         0  timers.o ABSOLUTE
    ../Src/freertos.c                        0x00000000   Number         0  freertos.o ABSOLUTE
    ../Src/main.c                            0x00000000   Number         0  main.o ABSOLUTE
    ../Src/stm32f4xx_hal_msp.c               0x00000000   Number         0  stm32f4xx_hal_msp.o ABSOLUTE
    ../Src/stm32f4xx_hal_timebase_tim.c      0x00000000   Number         0  stm32f4xx_hal_timebase_tim.o ABSOLUTE
    ../Src/stm32f4xx_it.c                    0x00000000   Number         0  stm32f4xx_it.o ABSOLUTE
    ../Src/system_stm32f4xx.c                0x00000000   Number         0  system_stm32f4xx.o ABSOLUTE
    ../clib/microlib/division.c              0x00000000   Number         0  uidiv.o ABSOLUTE
    ../clib/microlib/division.c              0x00000000   Number         0  uldiv.o ABSOLUTE
    ../clib/microlib/init/entry.s            0x00000000   Number         0  entry9a.o ABSOLUTE
    ../clib/microlib/init/entry.s            0x00000000   Number         0  entry11a.o ABSOLUTE
    ../clib/microlib/init/entry.s            0x00000000   Number         0  entry10b.o ABSOLUTE
    ../clib/microlib/init/entry.s            0x00000000   Number         0  entry.o ABSOLUTE
    ../clib/microlib/init/entry.s            0x00000000   Number         0  entry10a.o ABSOLUTE
    ../clib/microlib/init/entry.s            0x00000000   Number         0  entry9b.o ABSOLUTE
    ../clib/microlib/init/entry.s            0x00000000   Number         0  entry8b.o ABSOLUTE
    ../clib/microlib/init/entry.s            0x00000000   Number         0  entry7b.o ABSOLUTE
    ../clib/microlib/init/entry.s            0x00000000   Number         0  entry7a.o ABSOLUTE
    ../clib/microlib/init/entry.s            0x00000000   Number         0  entry5.o ABSOLUTE
    ../clib/microlib/init/entry.s            0x00000000   Number         0  entry8a.o ABSOLUTE
    ../clib/microlib/init/entry.s            0x00000000   Number         0  entry2.o ABSOLUTE
    ../clib/microlib/init/entry.s            0x00000000   Number         0  entry11b.o ABSOLUTE
    ../clib/microlib/longlong.c              0x00000000   Number         0  llushr.o ABSOLUTE
    ../clib/microlib/longlong.c              0x00000000   Number         0  llshl.o ABSOLUTE
    ../clib/microlib/longlong.c              0x00000000   Number         0  llsshr.o ABSOLUTE
    ../clib/microlib/printf/printf.c         0x00000000   Number         0  printf2.o ABSOLUTE
    ../clib/microlib/printf/printf.c         0x00000000   Number         0  printf3.o ABSOLUTE
    ../clib/microlib/printf/printf.c         0x00000000   Number         0  printf0.o ABSOLUTE
    ../clib/microlib/printf/printf.c         0x00000000   Number         0  printfa.o ABSOLUTE
    ../clib/microlib/printf/printf.c         0x00000000   Number         0  printf8.o ABSOLUTE
    ../clib/microlib/printf/printf.c         0x00000000   Number         0  printf7.o ABSOLUTE
    ../clib/microlib/printf/printf.c         0x00000000   Number         0  printf6.o ABSOLUTE
    ../clib/microlib/printf/printf.c         0x00000000   Number         0  printf5.o ABSOLUTE
    ../clib/microlib/printf/printf.c         0x00000000   Number         0  printfb.o ABSOLUTE
    ../clib/microlib/printf/printf.c         0x00000000   Number         0  printf4.o ABSOLUTE
    ../clib/microlib/printf/printf.c         0x00000000   Number         0  printf1.o ABSOLUTE
    ../clib/microlib/printf/stubs.s          0x00000000   Number         0  stubs.o ABSOLUTE
    ../clib/microlib/stdio/streams.c         0x00000000   Number         0  stdout.o ABSOLUTE
    ../clib/microlib/stdlib/rand.c           0x00000000   Number         0  rand.o ABSOLUTE
    ../clib/microlib/string/memcpy.c         0x00000000   Number         0  memcpyb.o ABSOLUTE
    ../clib/microlib/string/memcpy.c         0x00000000   Number         0  memcpya.o ABSOLUTE
    ../clib/microlib/string/memset.c         0x00000000   Number         0  memseta.o ABSOLUTE
    ../clib/microlib/stubs.s                 0x00000000   Number         0  iusefp.o ABSOLUTE
    ../fplib/microlib/fpadd.c                0x00000000   Number         0  dadd.o ABSOLUTE
    ../fplib/microlib/fpdiv.c                0x00000000   Number         0  ddiv.o ABSOLUTE
    ../fplib/microlib/fpepilogue.c           0x00000000   Number         0  depilogue.o ABSOLUTE
    ../fplib/microlib/fpfix.c                0x00000000   Number         0  dfixul.o ABSOLUTE
    ../fplib/microlib/fpmul.c                0x00000000   Number         0  dmul.o ABSOLUTE
    ..\Drivers\STM32F4xx_HAL_Driver\Src\stm32f4xx_hal.c 0x00000000   Number         0  stm32f4xx_hal.o ABSOLUTE
    ..\Drivers\STM32F4xx_HAL_Driver\Src\stm32f4xx_hal_cortex.c 0x00000000   Number         0  stm32f4xx_hal_cortex.o ABSOLUTE
    ..\Drivers\STM32F4xx_HAL_Driver\Src\stm32f4xx_hal_dma.c 0x00000000   Number         0  stm32f4xx_hal_dma.o ABSOLUTE
    ..\Drivers\STM32F4xx_HAL_Driver\Src\stm32f4xx_hal_dma_ex.c 0x00000000   Number         0  stm32f4xx_hal_dma_ex.o ABSOLUTE
    ..\Drivers\STM32F4xx_HAL_Driver\Src\stm32f4xx_hal_flash.c 0x00000000   Number         0  stm32f4xx_hal_flash.o ABSOLUTE
    ..\Drivers\STM32F4xx_HAL_Driver\Src\stm32f4xx_hal_flash_ex.c 0x00000000   Number         0  stm32f4xx_hal_flash_ex.o ABSOLUTE
    ..\Drivers\STM32F4xx_HAL_Driver\Src\stm32f4xx_hal_flash_ramfunc.c 0x00000000   Number         0  stm32f4xx_hal_flash_ramfunc.o ABSOLUTE
    ..\Drivers\STM32F4xx_HAL_Driver\Src\stm32f4xx_hal_gpio.c 0x00000000   Number         0  stm32f4xx_hal_gpio.o ABSOLUTE
    ..\Drivers\STM32F4xx_HAL_Driver\Src\stm32f4xx_hal_pwr.c 0x00000000   Number         0  stm32f4xx_hal_pwr.o ABSOLUTE
    ..\Drivers\STM32F4xx_HAL_Driver\Src\stm32f4xx_hal_pwr_ex.c 0x00000000   Number         0  stm32f4xx_hal_pwr_ex.o ABSOLUTE
    ..\Drivers\STM32F4xx_HAL_Driver\Src\stm32f4xx_hal_rcc.c 0x00000000   Number         0  stm32f4xx_hal_rcc.o ABSOLUTE
    ..\Drivers\STM32F4xx_HAL_Driver\Src\stm32f4xx_hal_rcc_ex.c 0x00000000   Number         0  stm32f4xx_hal_rcc_ex.o ABSOLUTE
    ..\Drivers\STM32F4xx_HAL_Driver\Src\stm32f4xx_hal_tim.c 0x00000000   Number         0  stm32f4xx_hal_tim.o ABSOLUTE
    ..\Drivers\STM32F4xx_HAL_Driver\Src\stm32f4xx_hal_tim_ex.c 0x00000000   Number         0  stm32f4xx_hal_tim_ex.o ABSOLUTE
    ..\Drivers\STM32F4xx_HAL_Driver\Src\stm32f4xx_hal_uart.c 0x00000000   Number         0  stm32f4xx_hal_uart.o ABSOLUTE
    ..\Middlewares\Third_Party\FreeRTOS\Source\CMSIS_RTOS\cmsis_os.c 0x00000000   Number         0  cmsis_os.o ABSOLUTE
    ..\Middlewares\Third_Party\FreeRTOS\Source\portable\RVDS\ARM_CM4F\port.c 0x00000000   Number         0  port.o ABSOLUTE
    ..\Src\freertos.c                        0x00000000   Number         0  freertos.o ABSOLUTE
    ..\Src\main.c                            0x00000000   Number         0  main.o ABSOLUTE
    ..\Src\stm32f4xx_hal_msp.c               0x00000000   Number         0  stm32f4xx_hal_msp.o ABSOLUTE
    ..\Src\stm32f4xx_hal_timebase_tim.c      0x00000000   Number         0  stm32f4xx_hal_timebase_tim.o ABSOLUTE
    ..\Src\stm32f4xx_it.c                    0x00000000   Number         0  stm32f4xx_it.o ABSOLUTE
    ..\Src\system_stm32f4xx.c                0x00000000   Number         0  system_stm32f4xx.o ABSOLUTE
    ..\Src\uoled.c                           0x00000000   Number         0  uoled.o ABSOLUTE
    ..\\Src\\uoled.c                         0x00000000   Number         0  uoled.o ABSOLUTE
    cdrcmple.s                               0x00000000   Number         0  cdrcmple.o ABSOLUTE
    dc.s                                     0x00000000   Number         0  dc.o ABSOLUTE
    handlers.s                               0x00000000   Number         0  handlers.o ABSOLUTE
    init.s                                   0x00000000   Number         0  init.o ABSOLUTE
    startup_stm32f446xx.s                    0x00000000   Number         0  startup_stm32f446xx.o ABSOLUTE
    RESET                                    0x08000000   Section      452  startup_stm32f446xx.o(RESET)
    .ARM.Collect$$$$00000000                 0x080001c4   Section        0  entry.o(.ARM.Collect$$$$00000000)
    .ARM.Collect$$$$00000001                 0x080001c4   Section        4  entry2.o(.ARM.Collect$$$$00000001)
    .ARM.Collect$$$$00000004                 0x080001c8   Section        4  entry5.o(.ARM.Collect$$$$00000004)
    .ARM.Collect$$$$00000008                 0x080001cc   Section        0  entry7b.o(.ARM.Collect$$$$00000008)
    .ARM.Collect$$$$0000000A                 0x080001cc   Section        0  entry8b.o(.ARM.Collect$$$$0000000A)
    .ARM.Collect$$$$0000000B                 0x080001cc   Section        8  entry9a.o(.ARM.Collect$$$$0000000B)
    .ARM.Collect$$$$0000000D                 0x080001d4   Section        0  entry10a.o(.ARM.Collect$$$$0000000D)
    .ARM.Collect$$$$0000000F                 0x080001d4   Section        0  entry11a.o(.ARM.Collect$$$$0000000F)
    .ARM.Collect$$$$00002712                 0x080001d4   Section        4  entry2.o(.ARM.Collect$$$$00002712)
    __lit__00000000                          0x080001d4   Data           4  entry2.o(.ARM.Collect$$$$00002712)
    .emb_text                                0x080001d8   Section      186  port.o(.emb_text)
    $v0                                      0x080001d8   Number         0  port.o(.emb_text)
    .text                                    0x08000294   Section       36  startup_stm32f446xx.o(.text)
    $v0                                      0x08000294   Number         0  startup_stm32f446xx.o(.text)
    .text                                    0x080002b8   Section        0  uldiv.o(.text)
    .text                                    0x0800031c   Section        0  rand.o(.text)
    .text                                    0x08000340   Section        0  memcpya.o(.text)
    .text                                    0x08000364   Section        0  memseta.o(.text)
    .text                                    0x08000388   Section        0  uidiv.o(.text)
    .text                                    0x080003b4   Section        0  llshl.o(.text)
    .text                                    0x080003d2   Section        0  llushr.o(.text)
    .text                                    0x080003f4   Section       36  init.o(.text)
    i.BusFault_Handler                       0x08000418   Section        0  stm32f4xx_it.o(i.BusFault_Handler)
    i.CallbackHorloge                        0x0800041c   Section        0  main.o(i.CallbackHorloge)
    i.DebugMon_Handler                       0x0800045c   Section        0  stm32f4xx_it.o(i.DebugMon_Handler)
    i.GetAck                                 0x08000460   Section        0  uoled.o(i.GetAck)
    i.HAL_Delay                              0x08000480   Section        0  stm32f4xx_hal.o(i.HAL_Delay)
    i.HAL_GPIO_Init                          0x080004a4   Section        0  stm32f4xx_hal_gpio.o(i.HAL_GPIO_Init)
    i.HAL_GPIO_WritePin                      0x08000654   Section        0  stm32f4xx_hal_gpio.o(i.HAL_GPIO_WritePin)
    i.HAL_GetTick                            0x08000660   Section        0  stm32f4xx_hal.o(i.HAL_GetTick)
    i.HAL_IncTick                            0x0800066c   Section        0  stm32f4xx_hal.o(i.HAL_IncTick)
    i.HAL_Init                               0x0800067c   Section        0  stm32f4xx_hal.o(i.HAL_Init)
    i.HAL_InitTick                           0x080006b0   Section        0  stm32f4xx_hal_timebase_tim.o(i.HAL_InitTick)
    i.HAL_MspInit                            0x08000724   Section        0  stm32f4xx_hal_msp.o(i.HAL_MspInit)
    i.HAL_NVIC_EnableIRQ                     0x0800075c   Section        0  stm32f4xx_hal_cortex.o(i.HAL_NVIC_EnableIRQ)
    i.HAL_NVIC_SetPriority                   0x08000774   Section        0  stm32f4xx_hal_cortex.o(i.HAL_NVIC_SetPriority)
    i.HAL_NVIC_SetPriorityGrouping           0x080007b4   Section        0  stm32f4xx_hal_cortex.o(i.HAL_NVIC_SetPriorityGrouping)
    i.HAL_RCC_ClockConfig                    0x080007d8   Section        0  stm32f4xx_hal_rcc.o(i.HAL_RCC_ClockConfig)
    i.HAL_RCC_GetClockConfig                 0x08000908   Section        0  stm32f4xx_hal_rcc.o(i.HAL_RCC_GetClockConfig)
    i.HAL_RCC_GetPCLK1Freq                   0x08000948   Section        0  stm32f4xx_hal_rcc.o(i.HAL_RCC_GetPCLK1Freq)
    i.HAL_RCC_GetPCLK2Freq                   0x08000968   Section        0  stm32f4xx_hal_rcc.o(i.HAL_RCC_GetPCLK2Freq)
    i.HAL_RCC_GetSysClockFreq                0x08000988   Section        0  stm32f4xx_hal_rcc_ex.o(i.HAL_RCC_GetSysClockFreq)
    i.HAL_RCC_OscConfig                      0x08000a20   Section        0  stm32f4xx_hal_rcc_ex.o(i.HAL_RCC_OscConfig)
    i.HAL_TIMEx_BreakCallback                0x08000d50   Section        0  stm32f4xx_hal_tim_ex.o(i.HAL_TIMEx_BreakCallback)
    i.HAL_TIMEx_CommutationCallback          0x08000d52   Section        0  stm32f4xx_hal_tim_ex.o(i.HAL_TIMEx_CommutationCallback)
    i.HAL_TIM_Base_Init                      0x08000d54   Section        0  stm32f4xx_hal_tim.o(i.HAL_TIM_Base_Init)
    i.HAL_TIM_Base_MspInit                   0x08000d8a   Section        0  stm32f4xx_hal_tim.o(i.HAL_TIM_Base_MspInit)
    i.HAL_TIM_Base_Start_IT                  0x08000d8c   Section        0  stm32f4xx_hal_tim.o(i.HAL_TIM_Base_Start_IT)
    i.HAL_TIM_IC_CaptureCallback             0x08000da4   Section        0  stm32f4xx_hal_tim.o(i.HAL_TIM_IC_CaptureCallback)
    i.HAL_TIM_IRQHandler                     0x08000da6   Section        0  stm32f4xx_hal_tim.o(i.HAL_TIM_IRQHandler)
    i.HAL_TIM_OC_DelayElapsedCallback        0x08000f0c   Section        0  stm32f4xx_hal_tim.o(i.HAL_TIM_OC_DelayElapsedCallback)
    i.HAL_TIM_PWM_PulseFinishedCallback      0x08000f0e   Section        0  stm32f4xx_hal_tim.o(i.HAL_TIM_PWM_PulseFinishedCallback)
    i.HAL_TIM_PeriodElapsedCallback          0x08000f10   Section        0  main.o(i.HAL_TIM_PeriodElapsedCallback)
    i.HAL_TIM_TriggerCallback                0x08000f24   Section        0  stm32f4xx_hal_tim.o(i.HAL_TIM_TriggerCallback)
    i.HAL_UART_Init                          0x08000f26   Section        0  stm32f4xx_hal_uart.o(i.HAL_UART_Init)
    i.HAL_UART_MspInit                       0x08000f88   Section        0  stm32f4xx_hal_msp.o(i.HAL_UART_MspInit)
    i.HAL_UART_Receive                       0x08001020   Section        0  stm32f4xx_hal_uart.o(i.HAL_UART_Receive)
    i.HAL_UART_Transmit                      0x080010da   Section        0  stm32f4xx_hal_uart.o(i.HAL_UART_Transmit)
    i.HardFault_Handler                      0x08001194   Section        0  stm32f4xx_it.o(i.HardFault_Handler)
    i.MX_GPIO_Init                           0x08001198   Section        0  main.o(i.MX_GPIO_Init)
    MX_GPIO_Init                             0x08001199   Thumb Code   134  main.o(i.MX_GPIO_Init)
    i.MemManage_Handler                      0x0800122c   Section        0  stm32f4xx_it.o(i.MemManage_Handler)
    i.NMI_Handler                            0x0800122e   Section        0  stm32f4xx_it.o(i.NMI_Handler)
    i.NVIC_SetPriority                       0x08001230   Section        0  stm32f4xx_hal_cortex.o(i.NVIC_SetPriority)
    NVIC_SetPriority                         0x08001231   Thumb Code    32  stm32f4xx_hal_cortex.o(i.NVIC_SetPriority)
    i.StartAfficheur                         0x08001250   Section        0  main.o(i.StartAfficheur)
    i.StartDecodage                          0x080013f4   Section        0  main.o(i.StartDecodage)
    i.StartGestionRadio                      0x080013fc   Section        0  main.o(i.StartGestionRadio)
    i.StartGestionTours                      0x08001404   Section        0  main.o(i.StartGestionTours)
    i.StartReinit                            0x080014cc   Section        0  main.o(i.StartReinit)
    i.SysTick_Handler                        0x080014d4   Section        0  port.o(i.SysTick_Handler)
    i.SystemClock_Config                     0x08001500   Section        0  main.o(i.SystemClock_Config)
    i.SystemInit                             0x08001574   Section        0  system_stm32f4xx.o(i.SystemInit)
    i.TIM1_UP_TIM10_IRQHandler               0x080015c8   Section        0  stm32f4xx_it.o(i.TIM1_UP_TIM10_IRQHandler)
    i.TIM_Base_SetConfig                     0x080015d4   Section        0  stm32f4xx_hal_tim.o(i.TIM_Base_SetConfig)
    i.UART_SetConfig                         0x08001694   Section        0  stm32f4xx_hal_uart.o(i.UART_SetConfig)
    UART_SetConfig                           0x08001695   Thumb Code   676  stm32f4xx_hal_uart.o(i.UART_SetConfig)
    i.UART_WaitOnFlagUntilTimeout            0x08001940   Section        0  stm32f4xx_hal_uart.o(i.UART_WaitOnFlagUntilTimeout)
    UART_WaitOnFlagUntilTimeout              0x08001941   Thumb Code    98  stm32f4xx_hal_uart.o(i.UART_WaitOnFlagUntilTimeout)
    i.UsageFault_Handler                     0x080019a2   Section        0  stm32f4xx_it.o(i.UsageFault_Handler)
    i.__0printf$1                            0x080019a4   Section        0  printf1.o(i.__0printf$1)
    i.__scatterload_copy                     0x080019c4   Section       14  handlers.o(i.__scatterload_copy)
    i.__scatterload_null                     0x080019d2   Section        2  handlers.o(i.__scatterload_null)
    i.__scatterload_zeroinit                 0x080019d4   Section       14  handlers.o(i.__scatterload_zeroinit)
    i._printf_core                           0x080019e4   Section        0  printf1.o(i._printf_core)
    _printf_core                             0x080019e5   Thumb Code   336  printf1.o(i._printf_core)
    i.fputc                                  0x08001b38   Section        0  main.o(i.fputc)
    i.gfx_Cls                                0x08001b50   Section        0  uoled.o(i.gfx_Cls)
    i.gfx_Rectangle                          0x08001c08   Section        0  uoled.o(i.gfx_Rectangle)
    i.gfx_RectangleFilled                    0x08001cf8   Section        0  uoled.o(i.gfx_RectangleFilled)
    i.inHandlerMode                          0x08001df4   Section        0  cmsis_os.o(i.inHandlerMode)
    inHandlerMode                            0x08001df5   Thumb Code    12  cmsis_os.o(i.inHandlerMode)
    i.main                                   0x08001e00   Section        0  main.o(i.main)
    i.makeFreeRtosPriority                   0x08001efc   Section        0  cmsis_os.o(i.makeFreeRtosPriority)
    makeFreeRtosPriority                     0x08001efd   Thumb Code    12  cmsis_os.o(i.makeFreeRtosPriority)
    i.osDelay                                0x08001f08   Section        0  cmsis_os.o(i.osDelay)
    i.osKernelStart                          0x08001f16   Section        0  cmsis_os.o(i.osKernelStart)
    i.osSignalSet                            0x08001f20   Section        0  cmsis_os.o(i.osSignalSet)
    i.osSignalWait                           0x08001f7c   Section        0  cmsis_os.o(i.osSignalWait)
    i.osThreadCreate                         0x08001fd2   Section        0  cmsis_os.o(i.osThreadCreate)
    i.osTimerCreate                          0x08002000   Section        0  cmsis_os.o(i.osTimerCreate)
    i.osTimerStart                           0x08002020   Section        0  cmsis_os.o(i.osTimerStart)
    i.prvAddCurrentTaskToDelayedList         0x08002080   Section        0  tasks.o(i.prvAddCurrentTaskToDelayedList)
    prvAddCurrentTaskToDelayedList           0x08002081   Thumb Code   102  tasks.o(i.prvAddCurrentTaskToDelayedList)
    i.prvAddNewTaskToReadyList               0x080020f0   Section        0  tasks.o(i.prvAddNewTaskToReadyList)
    prvAddNewTaskToReadyList                 0x080020f1   Thumb Code   194  tasks.o(i.prvAddNewTaskToReadyList)
    i.prvCheckForValidListAndQueue           0x080021c0   Section        0  timers.o(i.prvCheckForValidListAndQueue)
    prvCheckForValidListAndQueue             0x080021c1   Thumb Code    62  timers.o(i.prvCheckForValidListAndQueue)
    i.prvCheckTasksWaitingTermination        0x08002210   Section        0  tasks.o(i.prvCheckTasksWaitingTermination)
    prvCheckTasksWaitingTermination          0x08002211   Thumb Code    74  tasks.o(i.prvCheckTasksWaitingTermination)
    i.prvCopyDataFromQueue                   0x08002264   Section        0  queue.o(i.prvCopyDataFromQueue)
    prvCopyDataFromQueue                     0x08002265   Thumb Code    38  queue.o(i.prvCopyDataFromQueue)
    i.prvCopyDataToQueue                     0x0800228a   Section        0  queue.o(i.prvCopyDataToQueue)
    prvCopyDataToQueue                       0x0800228b   Thumb Code    90  queue.o(i.prvCopyDataToQueue)
    i.prvDeleteTCB                           0x080022e4   Section        0  tasks.o(i.prvDeleteTCB)
    prvDeleteTCB                             0x080022e5   Thumb Code    20  tasks.o(i.prvDeleteTCB)
    i.prvHeapInit                            0x080022f8   Section        0  heap_4.o(i.prvHeapInit)
    prvHeapInit                              0x080022f9   Thumb Code    66  heap_4.o(i.prvHeapInit)
    i.prvIdleTask                            0x08002344   Section        0  tasks.o(i.prvIdleTask)
    prvIdleTask                              0x08002345   Thumb Code    30  tasks.o(i.prvIdleTask)
    i.prvInitialiseNewTask                   0x0800236c   Section        0  tasks.o(i.prvInitialiseNewTask)
    prvInitialiseNewTask                     0x0800236d   Thumb Code   138  tasks.o(i.prvInitialiseNewTask)
    i.prvInsertBlockIntoFreeList             0x080023f8   Section        0  heap_4.o(i.prvInsertBlockIntoFreeList)
    prvInsertBlockIntoFreeList               0x080023f9   Thumb Code    72  heap_4.o(i.prvInsertBlockIntoFreeList)
    i.prvInsertTimerInActiveList             0x08002444   Section        0  timers.o(i.prvInsertTimerInActiveList)
    prvInsertTimerInActiveList               0x08002445   Thumb Code    52  timers.o(i.prvInsertTimerInActiveList)
    i.prvIsQueueEmpty                        0x0800247c   Section        0  queue.o(i.prvIsQueueEmpty)
    prvIsQueueEmpty                          0x0800247d   Thumb Code    26  queue.o(i.prvIsQueueEmpty)
    i.prvProcessReceivedCommands             0x08002498   Section        0  timers.o(i.prvProcessReceivedCommands)
    prvProcessReceivedCommands               0x08002499   Thumb Code   180  timers.o(i.prvProcessReceivedCommands)
    i.prvProcessTimerOrBlockTask             0x08002550   Section        0  timers.o(i.prvProcessTimerOrBlockTask)
    prvProcessTimerOrBlockTask               0x08002551   Thumb Code   172  timers.o(i.prvProcessTimerOrBlockTask)
    i.prvResetNextTaskUnblockTime            0x08002604   Section        0  tasks.o(i.prvResetNextTaskUnblockTime)
    prvResetNextTaskUnblockTime              0x08002605   Thumb Code    26  tasks.o(i.prvResetNextTaskUnblockTime)
    i.prvSampleTimeNow                       0x08002624   Section        0  timers.o(i.prvSampleTimeNow)
    prvSampleTimeNow                         0x08002625   Thumb Code    36  timers.o(i.prvSampleTimeNow)
    i.prvSwitchTimerLists                    0x0800264c   Section        0  timers.o(i.prvSwitchTimerLists)
    prvSwitchTimerLists                      0x0800264d   Thumb Code   102  timers.o(i.prvSwitchTimerLists)
    i.prvTaskExitError                       0x080026b8   Section        0  port.o(i.prvTaskExitError)
    prvTaskExitError                         0x080026b9   Thumb Code    36  port.o(i.prvTaskExitError)
    i.prvTimerTask                           0x080026e0   Section        0  timers.o(i.prvTimerTask)
    prvTimerTask                             0x080026e1   Thumb Code    34  timers.o(i.prvTimerTask)
    i.prvUnlockQueue                         0x08002708   Section        0  queue.o(i.prvUnlockQueue)
    prvUnlockQueue                           0x08002709   Thumb Code   106  queue.o(i.prvUnlockQueue)
    i.putCH                                  0x08002774   Section        0  uoled.o(i.putCH)
    i.putINT                                 0x080027cc   Section        0  uoled.o(i.putINT)
    i.pvPortMalloc                           0x08002804   Section        0  heap_4.o(i.pvPortMalloc)
    i.pxPortInitialiseStack                  0x080028dc   Section        0  port.o(i.pxPortInitialiseStack)
    i.setbaudWait                            0x08002908   Section        0  uoled.o(i.setbaudWait)
    i.txt_BGcolour                           0x08002970   Section        0  uoled.o(i.txt_BGcolour)
    i.txt_FGcolour                           0x080029c8   Section        0  uoled.o(i.txt_FGcolour)
    i.txt_MoveCursor                         0x08002a20   Section        0  uoled.o(i.txt_MoveCursor)
    i.uxListRemove                           0x08002a9c   Section        0  list.o(i.uxListRemove)
    i.vApplicationTickHook                   0x08002ac0   Section        0  freertos.o(i.vApplicationTickHook)
    i.vListInitialise                        0x08002ac2   Section        0  list.o(i.vListInitialise)
    i.vListInitialiseItem                    0x08002ad8   Section        0  list.o(i.vListInitialiseItem)
    i.vListInsert                            0x08002ade   Section        0  list.o(i.vListInsert)
    i.vListInsertEnd                         0x08002b0e   Section        0  list.o(i.vListInsertEnd)
    i.vPortEnterCritical                     0x08002b28   Section        0  port.o(i.vPortEnterCritical)
    i.vPortExitCritical                      0x08002b68   Section        0  port.o(i.vPortExitCritical)
    i.vPortFree                              0x08002b90   Section        0  heap_4.o(i.vPortFree)
    i.vPortSetupTimerInterrupt               0x08002bec   Section        0  port.o(i.vPortSetupTimerInterrupt)
    i.vPortValidateInterruptPriority         0x08002c0c   Section        0  port.o(i.vPortValidateInterruptPriority)
    i.vQueueAddToRegistry                    0x08002c60   Section        0  queue.o(i.vQueueAddToRegistry)
    i.vQueueWaitForMessageRestricted         0x08002c84   Section        0  queue.o(i.vQueueWaitForMessageRestricted)
    i.vTaskDelay                             0x08002cc8   Section        0  tasks.o(i.vTaskDelay)
    i.vTaskMissedYield                       0x08002d14   Section        0  tasks.o(i.vTaskMissedYield)
    i.vTaskPlaceOnEventList                  0x08002d20   Section        0  tasks.o(i.vTaskPlaceOnEventList)
    i.vTaskPlaceOnEventListRestricted        0x08002d50   Section        0  tasks.o(i.vTaskPlaceOnEventListRestricted)
    i.vTaskSetTimeOutState                   0x08002d88   Section        0  tasks.o(i.vTaskSetTimeOutState)
    i.vTaskStartScheduler                    0x08002dac   Section        0  tasks.o(i.vTaskStartScheduler)
    i.vTaskSuspendAll                        0x08002e1c   Section        0  tasks.o(i.vTaskSuspendAll)
    i.vTaskSwitchContext                     0x08002e2c   Section        0  tasks.o(i.vTaskSwitchContext)
    i.xPortStartScheduler                    0x08002e88   Section        0  port.o(i.xPortStartScheduler)
    i.xQueueGenericCreate                    0x08002f6c   Section        0  queue.o(i.xQueueGenericCreate)
    i.xQueueGenericReceive                   0x08002fb4   Section        0  queue.o(i.xQueueGenericReceive)
    i.xQueueGenericReset                     0x08003108   Section        0  queue.o(i.xQueueGenericReset)
    i.xQueueGenericSend                      0x08003190   Section        0  queue.o(i.xQueueGenericSend)
    i.xQueueGenericSendFromISR               0x080032f4   Section        0  queue.o(i.xQueueGenericSendFromISR)
    i.xTaskCheckForTimeOut                   0x080033b0   Section        0  tasks.o(i.xTaskCheckForTimeOut)
    i.xTaskCreate                            0x0800341c   Section        0  tasks.o(i.xTaskCreate)
    i.xTaskGenericNotify                     0x08003474   Section        0  tasks.o(i.xTaskGenericNotify)
    i.xTaskGenericNotifyFromISR              0x08003540   Section        0  tasks.o(i.xTaskGenericNotifyFromISR)
    i.xTaskGetSchedulerState                 0x08003630   Section        0  tasks.o(i.xTaskGetSchedulerState)
    i.xTaskGetTickCount                      0x0800364c   Section        0  tasks.o(i.xTaskGetTickCount)
    i.xTaskIncrementTick                     0x08003658   Section        0  tasks.o(i.xTaskIncrementTick)
    i.xTaskNotifyWait                        0x0800372c   Section        0  tasks.o(i.xTaskNotifyWait)
    i.xTaskRemoveFromEventList               0x080037b8   Section        0  tasks.o(i.xTaskRemoveFromEventList)
    i.xTaskResumeAll                         0x0800382c   Section        0  tasks.o(i.xTaskResumeAll)
    i.xTimerCreate                           0x080038f0   Section        0  timers.o(i.xTimerCreate)
    i.xTimerCreateTimerTask                  0x08003940   Section        0  timers.o(i.xTimerCreateTimerTask)
    i.xTimerGenericCommand                   0x08003988   Section        0  timers.o(i.xTimerGenericCommand)
    .constdata                               0x080039e4   Section      104  main.o(.constdata)
    .constdata                               0x08003a4c   Section       16  system_stm32f4xx.o(.constdata)
    .constdata                               0x08003a5c   Section        8  system_stm32f4xx.o(.constdata)
    .conststring                             0x08003a64   Section       63  main.o(.conststring)
    .data                                    0x20000000   Section       40  main.o(.data)
    .data                                    0x20000028   Section       12  stm32f4xx_hal.o(.data)
    .data                                    0x20000034   Section        4  system_stm32f4xx.o(.data)
    .data                                    0x20000038   Section       60  tasks.o(.data)
    uxDeletedTasksWaitingCleanUp             0x2000003c   Data           4  tasks.o(.data)
    uxCurrentNumberOfTasks                   0x20000040   Data           4  tasks.o(.data)
    xTickCount                               0x20000044   Data           4  tasks.o(.data)
    uxTopReadyPriority                       0x20000048   Data           4  tasks.o(.data)
    xSchedulerRunning                        0x2000004c   Data           4  tasks.o(.data)
    uxPendedTicks                            0x20000050   Data           4  tasks.o(.data)
    xYieldPending                            0x20000054   Data           4  tasks.o(.data)
    xNumOfOverflows                          0x20000058   Data           4  tasks.o(.data)
    uxTaskNumber                             0x2000005c   Data           4  tasks.o(.data)
    xNextTaskUnblockTime                     0x20000060   Data           4  tasks.o(.data)
    xIdleTaskHandle                          0x20000064   Data           4  tasks.o(.data)
    uxSchedulerSuspended                     0x20000068   Data           4  tasks.o(.data)
    pxDelayedTaskList                        0x2000006c   Data           4  tasks.o(.data)
    pxOverflowDelayedTaskList                0x20000070   Data           4  tasks.o(.data)
    .data                                    0x20000074   Section       20  timers.o(.data)
    xTimerQueue                              0x20000074   Data           4  timers.o(.data)
    xTimerTaskHandle                         0x20000078   Data           4  timers.o(.data)
    xLastTime                                0x2000007c   Data           4  timers.o(.data)
    pxCurrentTimerList                       0x20000080   Data           4  timers.o(.data)
    pxOverflowTimerList                      0x20000084   Data           4  timers.o(.data)
    .data                                    0x20000088   Section       24  heap_4.o(.data)
    pxEnd                                    0x20000088   Data           4  heap_4.o(.data)
    xFreeBytesRemaining                      0x2000008c   Data           4  heap_4.o(.data)
    xMinimumEverFreeBytesRemaining           0x20000090   Data           4  heap_4.o(.data)
    xBlockAllocatedBit                       0x20000094   Data           4  heap_4.o(.data)
    xStart                                   0x20000098   Data           8  heap_4.o(.data)
    .data                                    0x200000a0   Section       12  port.o(.data)
    ucMaxSysCallPriority                     0x200000a0   Data           1  port.o(.data)
    uxCriticalNesting                        0x200000a4   Data           4  port.o(.data)
    ulMaxPRIGROUPValue                       0x200000a8   Data           4  port.o(.data)
    .data                                    0x200000ac   Section        4  rand.o(.data)
    _rand_state                              0x200000ac   Data           4  rand.o(.data)
    .data                                    0x200000b0   Section        4  stdout.o(.data)
    .bss                                     0x200000b4   Section      128  main.o(.bss)
    .bss                                     0x20000134   Section       60  stm32f4xx_hal_timebase_tim.o(.bss)
    .bss                                     0x20000170   Section       64  queue.o(.bss)
    .bss                                     0x200001b0   Section      240  tasks.o(.bss)
    pxReadyTasksLists                        0x200001b0   Data         140  tasks.o(.bss)
    xDelayedTaskList1                        0x2000023c   Data          20  tasks.o(.bss)
    xDelayedTaskList2                        0x20000250   Data          20  tasks.o(.bss)
    xPendingReadyList                        0x20000264   Data          20  tasks.o(.bss)
    xTasksWaitingTermination                 0x20000278   Data          20  tasks.o(.bss)
    xSuspendedTaskList                       0x2000028c   Data          20  tasks.o(.bss)
    .bss                                     0x200002a0   Section       40  timers.o(.bss)
    xActiveTimerList1                        0x200002a0   Data          20  timers.o(.bss)
    xActiveTimerList2                        0x200002b4   Data          20  timers.o(.bss)
    .bss                                     0x200002c8   Section    15360  heap_4.o(.bss)
    ucHeap                                   0x200002c8   Data       15360  heap_4.o(.bss)
    STACK                                    0x20003ec8   Section     1024  startup_stm32f446xx.o(STACK)

    Global Symbols

    Symbol Name                              Value     Ov Type        Size  Object(Section)

    BuildAttributes$$THM_ISAv4$E$P$D$K$B$S$7EM$VFPi3$EXTD16$VFPS$VFMA$PE$A:L22UL41UL21$X:L11$S22US41US21$IEEE1$IW$USESV6$~STKCKD$USESV7$~SHL$OSPACE$ROPI$EBA8$MICROLIB$REQ8$PRES8$EABIv2 0x00000000   Number         0  anon$$obj.o ABSOLUTE
    __ARM_use_no_argv                        0x00000000   Number         0  main.o ABSOLUTE
    _printf_a                                0x00000000   Number         0  stubs.o ABSOLUTE
    _printf_c                                0x00000000   Number         0  stubs.o ABSOLUTE
    _printf_charcount                        0x00000000   Number         0  stubs.o ABSOLUTE
    _printf_d                                0x00000000   Number         0  stubs.o ABSOLUTE
    _printf_e                                0x00000000   Number         0  stubs.o ABSOLUTE
    _printf_f                                0x00000000   Number         0  stubs.o ABSOLUTE
    _printf_flags                            0x00000000   Number         0  stubs.o ABSOLUTE
    _printf_fp_dec                           0x00000000   Number         0  stubs.o ABSOLUTE
    _printf_fp_hex                           0x00000000   Number         0  stubs.o ABSOLUTE
    _printf_g                                0x00000000   Number         0  stubs.o ABSOLUTE
    _printf_i                                0x00000000   Number         0  stubs.o ABSOLUTE
    _printf_int_dec                          0x00000000   Number         0  stubs.o ABSOLUTE
    _printf_l                                0x00000000   Number         0  stubs.o ABSOLUTE
    _printf_lc                               0x00000000   Number         0  stubs.o ABSOLUTE
    _printf_ll                               0x00000000   Number         0  stubs.o ABSOLUTE
    _printf_lld                              0x00000000   Number         0  stubs.o ABSOLUTE
    _printf_lli                              0x00000000   Number         0  stubs.o ABSOLUTE
    _printf_llo                              0x00000000   Number         0  stubs.o ABSOLUTE
    _printf_llu                              0x00000000   Number         0  stubs.o ABSOLUTE
    _printf_llx                              0x00000000   Number         0  stubs.o ABSOLUTE
    _printf_longlong_dec                     0x00000000   Number         0  stubs.o ABSOLUTE
    _printf_longlong_hex                     0x00000000   Number         0  stubs.o ABSOLUTE
    _printf_longlong_oct                     0x00000000   Number         0  stubs.o ABSOLUTE
    _printf_ls                               0x00000000   Number         0  stubs.o ABSOLUTE
    _printf_mbtowc                           0x00000000   Number         0  stubs.o ABSOLUTE
    _printf_n                                0x00000000   Number         0  stubs.o ABSOLUTE
    _printf_o                                0x00000000   Number         0  stubs.o ABSOLUTE
    _printf_p                                0x00000000   Number         0  stubs.o ABSOLUTE
    _printf_percent                          0x00000000   Number         0  stubs.o ABSOLUTE
    _printf_pre_padding                      0x00000000   Number         0  stubs.o ABSOLUTE
    _printf_return_value                     0x00000000   Number         0  stubs.o ABSOLUTE
    _printf_s                                0x00000000   Number         0  stubs.o ABSOLUTE
    _printf_sizespec                         0x00000000   Number         0  stubs.o ABSOLUTE
    _printf_str                              0x00000000   Number         0  stubs.o ABSOLUTE
    _printf_truncate_signed                  0x00000000   Number         0  stubs.o ABSOLUTE
    _printf_truncate_unsigned                0x00000000   Number         0  stubs.o ABSOLUTE
    _printf_u                                0x00000000   Number         0  stubs.o ABSOLUTE
    _printf_wc                               0x00000000   Number         0  stubs.o ABSOLUTE
    _printf_wctomb                           0x00000000   Number         0  stubs.o ABSOLUTE
    _printf_widthprec                        0x00000000   Number         0  stubs.o ABSOLUTE
    _printf_x                                0x00000000   Number         0  stubs.o ABSOLUTE
    __cpp_initialize__aeabi_                  - Undefined Weak Reference
    __cxa_finalize                            - Undefined Weak Reference
    __decompress                              - Undefined Weak Reference
    _clock_init                               - Undefined Weak Reference
    _microlib_exit                            - Undefined Weak Reference
    __Vectors_Size                           0x000001c4   Number         0  startup_stm32f446xx.o ABSOLUTE
    __Vectors                                0x08000000   Data           4  startup_stm32f446xx.o(RESET)
    __Vectors_End                            0x080001c4   Data           0  startup_stm32f446xx.o(RESET)
    __main                                   0x080001c5   Thumb Code     0  entry.o(.ARM.Collect$$$$00000000)
    _main_stk                                0x080001c5   Thumb Code     0  entry2.o(.ARM.Collect$$$$00000001)
    _main_scatterload                        0x080001c9   Thumb Code     0  entry5.o(.ARM.Collect$$$$00000004)
    __main_after_scatterload                 0x080001cd   Thumb Code     0  entry5.o(.ARM.Collect$$$$00000004)
    _main_clock                              0x080001cd   Thumb Code     0  entry7b.o(.ARM.Collect$$$$00000008)
    _main_cpp_init                           0x080001cd   Thumb Code     0  entry8b.o(.ARM.Collect$$$$0000000A)
    _main_init                               0x080001cd   Thumb Code     0  entry9a.o(.ARM.Collect$$$$0000000B)
    __rt_final_cpp                           0x080001d5   Thumb Code     0  entry10a.o(.ARM.Collect$$$$0000000D)
    __rt_final_exit                          0x080001d5   Thumb Code     0  entry11a.o(.ARM.Collect$$$$0000000F)
    SVC_Handler                              0x080001d9   Thumb Code    28  port.o(.emb_text)
    __asm___6_port_c_39a90d8d__prvStartFirstTask 0x080001f9   Thumb Code    28  port.o(.emb_text)
    __asm___6_port_c_39a90d8d__prvEnableVFP  0x08000219   Thumb Code    16  port.o(.emb_text)
    PendSV_Handler                           0x0800022d   Thumb Code    92  port.o(.emb_text)
    vPortGetIPSR                             0x0800028d   Thumb Code     6  port.o(.emb_text)
    Reset_Handler                            0x08000295   Thumb Code     8  startup_stm32f446xx.o(.text)
    ADC_IRQHandler                           0x080002af   Thumb Code     0  startup_stm32f446xx.o(.text)
    CAN1_RX0_IRQHandler                      0x080002af   Thumb Code     0  startup_stm32f446xx.o(.text)
    CAN1_RX1_IRQHandler                      0x080002af   Thumb Code     0  startup_stm32f446xx.o(.text)
    CAN1_SCE_IRQHandler                      0x080002af   Thumb Code     0  startup_stm32f446xx.o(.text)
    CAN1_TX_IRQHandler                       0x080002af   Thumb Code     0  startup_stm32f446xx.o(.text)
    CAN2_RX0_IRQHandler                      0x080002af   Thumb Code     0  startup_stm32f446xx.o(.text)
    CAN2_RX1_IRQHandler                      0x080002af   Thumb Code     0  startup_stm32f446xx.o(.text)
    CAN2_SCE_IRQHandler                      0x080002af   Thumb Code     0  startup_stm32f446xx.o(.text)
    CAN2_TX_IRQHandler                       0x080002af   Thumb Code     0  startup_stm32f446xx.o(.text)
    CEC_IRQHandler                           0x080002af   Thumb Code     0  startup_stm32f446xx.o(.text)
    DCMI_IRQHandler                          0x080002af   Thumb Code     0  startup_stm32f446xx.o(.text)
    DMA1_Stream0_IRQHandler                  0x080002af   Thumb Code     0  startup_stm32f446xx.o(.text)
    DMA1_Stream1_IRQHandler                  0x080002af   Thumb Code     0  startup_stm32f446xx.o(.text)
    DMA1_Stream2_IRQHandler                  0x080002af   Thumb Code     0  startup_stm32f446xx.o(.text)
    DMA1_Stream3_IRQHandler                  0x080002af   Thumb Code     0  startup_stm32f446xx.o(.text)
    DMA1_Stream4_IRQHandler                  0x080002af   Thumb Code     0  startup_stm32f446xx.o(.text)
    DMA1_Stream5_IRQHandler                  0x080002af   Thumb Code     0  startup_stm32f446xx.o(.text)
    DMA1_Stream6_IRQHandler                  0x080002af   Thumb Code     0  startup_stm32f446xx.o(.text)
    DMA1_Stream7_IRQHandler                  0x080002af   Thumb Code     0  startup_stm32f446xx.o(.text)
    DMA2_Stream0_IRQHandler                  0x080002af   Thumb Code     0  startup_stm32f446xx.o(.text)
    DMA2_Stream1_IRQHandler                  0x080002af   Thumb Code     0  startup_stm32f446xx.o(.text)
    DMA2_Stream2_IRQHandler                  0x080002af   Thumb Code     0  startup_stm32f446xx.o(.text)
    DMA2_Stream3_IRQHandler                  0x080002af   Thumb Code     0  startup_stm32f446xx.o(.text)
    DMA2_Stream4_IRQHandler                  0x080002af   Thumb Code     0  startup_stm32f446xx.o(.text)
    DMA2_Stream5_IRQHandler                  0x080002af   Thumb Code     0  startup_stm32f446xx.o(.text)
    DMA2_Stream6_IRQHandler                  0x080002af   Thumb Code     0  startup_stm32f446xx.o(.text)
    DMA2_Stream7_IRQHandler                  0x080002af   Thumb Code     0  startup_stm32f446xx.o(.text)
    EXTI0_IRQHandler                         0x080002af   Thumb Code     0  startup_stm32f446xx.o(.text)
    EXTI15_10_IRQHandler                     0x080002af   Thumb Code     0  startup_stm32f446xx.o(.text)
    EXTI1_IRQHandler                         0x080002af   Thumb Code     0  startup_stm32f446xx.o(.text)
    EXTI2_IRQHandler                         0x080002af   Thumb Code     0  startup_stm32f446xx.o(.text)
    EXTI3_IRQHandler                         0x080002af   Thumb Code     0  startup_stm32f446xx.o(.text)
    EXTI4_IRQHandler                         0x080002af   Thumb Code     0  startup_stm32f446xx.o(.text)
    EXTI9_5_IRQHandler                       0x080002af   Thumb Code     0  startup_stm32f446xx.o(.text)
    FLASH_IRQHandler                         0x080002af   Thumb Code     0  startup_stm32f446xx.o(.text)
    FMC_IRQHandler                           0x080002af   Thumb Code     0  startup_stm32f446xx.o(.text)
    FPU_IRQHandler                           0x080002af   Thumb Code     0  startup_stm32f446xx.o(.text)
    I2C1_ER_IRQHandler                       0x080002af   Thumb Code     0  startup_stm32f446xx.o(.text)
    I2C1_EV_IRQHandler                       0x080002af   Thumb Code     0  startup_stm32f446xx.o(.text)
    I2C2_ER_IRQHandler                       0x080002af   Thumb Code     0  startup_stm32f446xx.o(.text)
    I2C2_EV_IRQHandler                       0x080002af   Thumb Code     0  startup_stm32f446xx.o(.text)
    I2C3_ER_IRQHandler                       0x080002af   Thumb Code     0  startup_stm32f446xx.o(.text)
    I2C3_EV_IRQHandler                       0x080002af   Thumb Code     0  startup_stm32f446xx.o(.text)
    I2C4_Error_IRQHandler                    0x080002af   Thumb Code     0  startup_stm32f446xx.o(.text)
    I2C4_Event_IRQHandler                    0x080002af   Thumb Code     0  startup_stm32f446xx.o(.text)
    OTG_FS_IRQHandler                        0x080002af   Thumb Code     0  startup_stm32f446xx.o(.text)
    OTG_FS_WKUP_IRQHandler                   0x080002af   Thumb Code     0  startup_stm32f446xx.o(.text)
    OTG_HS_EP1_IN_IRQHandler                 0x080002af   Thumb Code     0  startup_stm32f446xx.o(.text)
    OTG_HS_EP1_OUT_IRQHandler                0x080002af   Thumb Code     0  startup_stm32f446xx.o(.text)
    OTG_HS_IRQHandler                        0x080002af   Thumb Code     0  startup_stm32f446xx.o(.text)
    OTG_HS_WKUP_IRQHandler                   0x080002af   Thumb Code     0  startup_stm32f446xx.o(.text)
    PVD_IRQHandler                           0x080002af   Thumb Code     0  startup_stm32f446xx.o(.text)
    QUADSPI_IRQHandler                       0x080002af   Thumb Code     0  startup_stm32f446xx.o(.text)
    RCC_IRQHandler                           0x080002af   Thumb Code     0  startup_stm32f446xx.o(.text)
    RTC_Alarm_IRQHandler                     0x080002af   Thumb Code     0  startup_stm32f446xx.o(.text)
    RTC_WKUP_IRQHandler                      0x080002af   Thumb Code     0  startup_stm32f446xx.o(.text)
    SAI1_IRQHandler                          0x080002af   Thumb Code     0  startup_stm32f446xx.o(.text)
    SAI2_IRQHandler                          0x080002af   Thumb Code     0  startup_stm32f446xx.o(.text)
    SDIO_IRQHandler                          0x080002af   Thumb Code     0  startup_stm32f446xx.o(.text)
    SPDIF_RX_IRQHandler                      0x080002af   Thumb Code     0  startup_stm32f446xx.o(.text)
    SPI1_IRQHandler                          0x080002af   Thumb Code     0  startup_stm32f446xx.o(.text)
    SPI2_IRQHandler                          0x080002af   Thumb Code     0  startup_stm32f446xx.o(.text)
    SPI3_IRQHandler                          0x080002af   Thumb Code     0  startup_stm32f446xx.o(.text)
    SPI4_IRQHandler                          0x080002af   Thumb Code     0  startup_stm32f446xx.o(.text)
    TAMP_STAMP_IRQHandler                    0x080002af   Thumb Code     0  startup_stm32f446xx.o(.text)
    TIM1_BRK_TIM9_IRQHandler                 0x080002af   Thumb Code     0  startup_stm32f446xx.o(.text)
    TIM1_CC_IRQHandler                       0x080002af   Thumb Code     0  startup_stm32f446xx.o(.text)
    TIM1_TRG_COM_TIM11_IRQHandler            0x080002af   Thumb Code     0  startup_stm32f446xx.o(.text)
    TIM2_IRQHandler                          0x080002af   Thumb Code     0  startup_stm32f446xx.o(.text)
    TIM3_IRQHandler                          0x080002af   Thumb Code     0  startup_stm32f446xx.o(.text)
    TIM4_IRQHandler                          0x080002af   Thumb Code     0  startup_stm32f446xx.o(.text)
    TIM5_IRQHandler                          0x080002af   Thumb Code     0  startup_stm32f446xx.o(.text)
    TIM6_DAC_IRQHandler                      0x080002af   Thumb Code     0  startup_stm32f446xx.o(.text)
    TIM7_IRQHandler                          0x080002af   Thumb Code     0  startup_stm32f446xx.o(.text)
    TIM8_BRK_TIM12_IRQHandler                0x080002af   Thumb Code     0  startup_stm32f446xx.o(.text)
    TIM8_CC_IRQHandler                       0x080002af   Thumb Code     0  startup_stm32f446xx.o(.text)
    TIM8_TRG_COM_TIM14_IRQHandler            0x080002af   Thumb Code     0  startup_stm32f446xx.o(.text)
    TIM8_UP_TIM13_IRQHandler                 0x080002af   Thumb Code     0  startup_stm32f446xx.o(.text)
    UART4_IRQHandler                         0x080002af   Thumb Code     0  startup_stm32f446xx.o(.text)
    UART5_IRQHandler                         0x080002af   Thumb Code     0  startup_stm32f446xx.o(.text)
    USART1_IRQHandler                        0x080002af   Thumb Code     0  startup_stm32f446xx.o(.text)
    USART2_IRQHandler                        0x080002af   Thumb Code     0  startup_stm32f446xx.o(.text)
    USART3_IRQHandler                        0x080002af   Thumb Code     0  startup_stm32f446xx.o(.text)
    USART6_IRQHandler                        0x080002af   Thumb Code     0  startup_stm32f446xx.o(.text)
    WWDG_IRQHandler                          0x080002af   Thumb Code     0  startup_stm32f446xx.o(.text)
    __aeabi_uldivmod                         0x080002b9   Thumb Code    98  uldiv.o(.text)
    rand                                     0x0800031d   Thumb Code    20  rand.o(.text)
    srand                                    0x08000331   Thumb Code     6  rand.o(.text)
    __aeabi_memcpy                           0x08000341   Thumb Code    36  memcpya.o(.text)
    __aeabi_memcpy4                          0x08000341   Thumb Code     0  memcpya.o(.text)
    __aeabi_memcpy8                          0x08000341   Thumb Code     0  memcpya.o(.text)
    __aeabi_memset                           0x08000365   Thumb Code    14  memseta.o(.text)
    __aeabi_memset4                          0x08000365   Thumb Code     0  memseta.o(.text)
    __aeabi_memset8                          0x08000365   Thumb Code     0  memseta.o(.text)
    __aeabi_memclr                           0x08000373   Thumb Code     4  memseta.o(.text)
    __aeabi_memclr4                          0x08000373   Thumb Code     0  memseta.o(.text)
    __aeabi_memclr8                          0x08000373   Thumb Code     0  memseta.o(.text)
    _memset$wrapper                          0x08000377   Thumb Code    18  memseta.o(.text)
    __aeabi_uidiv                            0x08000389   Thumb Code     0  uidiv.o(.text)
    __aeabi_uidivmod                         0x08000389   Thumb Code    44  uidiv.o(.text)
    __aeabi_llsl                             0x080003b5   Thumb Code    30  llshl.o(.text)
    _ll_shift_l                              0x080003b5   Thumb Code     0  llshl.o(.text)
    __aeabi_llsr                             0x080003d3   Thumb Code    32  llushr.o(.text)
    _ll_ushift_r                             0x080003d3   Thumb Code     0  llushr.o(.text)
    __scatterload                            0x080003f5   Thumb Code    28  init.o(.text)
    __scatterload_rt2                        0x080003f5   Thumb Code     0  init.o(.text)
    BusFault_Handler                         0x08000419   Thumb Code     2  stm32f4xx_it.o(i.BusFault_Handler)
    CallbackHorloge                          0x0800041d   Thumb Code    42  main.o(i.CallbackHorloge)
    DebugMon_Handler                         0x0800045d   Thumb Code     2  stm32f4xx_it.o(i.DebugMon_Handler)
    GetAck                                   0x08000461   Thumb Code    28  uoled.o(i.GetAck)
    HAL_Delay                                0x08000481   Thumb Code    32  stm32f4xx_hal.o(i.HAL_Delay)
    HAL_GPIO_Init                            0x080004a5   Thumb Code   392  stm32f4xx_hal_gpio.o(i.HAL_GPIO_Init)
    HAL_GPIO_WritePin                        0x08000655   Thumb Code    10  stm32f4xx_hal_gpio.o(i.HAL_GPIO_WritePin)
    HAL_GetTick                              0x08000661   Thumb Code     6  stm32f4xx_hal.o(i.HAL_GetTick)
    HAL_IncTick                              0x0800066d   Thumb Code    12  stm32f4xx_hal.o(i.HAL_IncTick)
    HAL_Init                                 0x0800067d   Thumb Code    48  stm32f4xx_hal.o(i.HAL_Init)
    HAL_InitTick                             0x080006b1   Thumb Code    98  stm32f4xx_hal_timebase_tim.o(i.HAL_InitTick)
    HAL_MspInit                              0x08000725   Thumb Code    52  stm32f4xx_hal_msp.o(i.HAL_MspInit)
    HAL_NVIC_EnableIRQ                       0x0800075d   Thumb Code    22  stm32f4xx_hal_cortex.o(i.HAL_NVIC_EnableIRQ)
    HAL_NVIC_SetPriority                     0x08000775   Thumb Code    60  stm32f4xx_hal_cortex.o(i.HAL_NVIC_SetPriority)
    HAL_NVIC_SetPriorityGrouping             0x080007b5   Thumb Code    26  stm32f4xx_hal_cortex.o(i.HAL_NVIC_SetPriorityGrouping)
    HAL_RCC_ClockConfig                      0x080007d9   Thumb Code   286  stm32f4xx_hal_rcc.o(i.HAL_RCC_ClockConfig)
    HAL_RCC_GetClockConfig                   0x08000909   Thumb Code    54  stm32f4xx_hal_rcc.o(i.HAL_RCC_GetClockConfig)
    HAL_RCC_GetPCLK1Freq                     0x08000949   Thumb Code    20  stm32f4xx_hal_rcc.o(i.HAL_RCC_GetPCLK1Freq)
    HAL_RCC_GetPCLK2Freq                     0x08000969   Thumb Code    20  stm32f4xx_hal_rcc.o(i.HAL_RCC_GetPCLK2Freq)
    HAL_RCC_GetSysClockFreq                  0x08000989   Thumb Code   140  stm32f4xx_hal_rcc_ex.o(i.HAL_RCC_GetSysClockFreq)
    HAL_RCC_OscConfig                        0x08000a21   Thumb Code   794  stm32f4xx_hal_rcc_ex.o(i.HAL_RCC_OscConfig)
    HAL_TIMEx_BreakCallback                  0x08000d51   Thumb Code     2  stm32f4xx_hal_tim_ex.o(i.HAL_TIMEx_BreakCallback)
    HAL_TIMEx_CommutationCallback            0x08000d53   Thumb Code     2  stm32f4xx_hal_tim_ex.o(i.HAL_TIMEx_CommutationCallback)
    HAL_TIM_Base_Init                        0x08000d55   Thumb Code    54  stm32f4xx_hal_tim.o(i.HAL_TIM_Base_Init)
    HAL_TIM_Base_MspInit                     0x08000d8b   Thumb Code     2  stm32f4xx_hal_tim.o(i.HAL_TIM_Base_MspInit)
    HAL_TIM_Base_Start_IT                    0x08000d8d   Thumb Code    24  stm32f4xx_hal_tim.o(i.HAL_TIM_Base_Start_IT)
    HAL_TIM_IC_CaptureCallback               0x08000da5   Thumb Code     2  stm32f4xx_hal_tim.o(i.HAL_TIM_IC_CaptureCallback)
    HAL_TIM_IRQHandler                       0x08000da7   Thumb Code   358  stm32f4xx_hal_tim.o(i.HAL_TIM_IRQHandler)
    HAL_TIM_OC_DelayElapsedCallback          0x08000f0d   Thumb Code     2  stm32f4xx_hal_tim.o(i.HAL_TIM_OC_DelayElapsedCallback)
    HAL_TIM_PWM_PulseFinishedCallback        0x08000f0f   Thumb Code     2  stm32f4xx_hal_tim.o(i.HAL_TIM_PWM_PulseFinishedCallback)
    HAL_TIM_PeriodElapsedCallback            0x08000f11   Thumb Code    14  main.o(i.HAL_TIM_PeriodElapsedCallback)
    HAL_TIM_TriggerCallback                  0x08000f25   Thumb Code     2  stm32f4xx_hal_tim.o(i.HAL_TIM_TriggerCallback)
    HAL_UART_Init                            0x08000f27   Thumb Code    98  stm32f4xx_hal_uart.o(i.HAL_UART_Init)
    HAL_UART_MspInit                         0x08000f89   Thumb Code   136  stm32f4xx_hal_msp.o(i.HAL_UART_MspInit)
    HAL_UART_Receive                         0x08001021   Thumb Code   186  stm32f4xx_hal_uart.o(i.HAL_UART_Receive)
    HAL_UART_Transmit                        0x080010db   Thumb Code   186  stm32f4xx_hal_uart.o(i.HAL_UART_Transmit)
    HardFault_Handler                        0x08001195   Thumb Code     2  stm32f4xx_it.o(i.HardFault_Handler)
    MemManage_Handler                        0x0800122d   Thumb Code     2  stm32f4xx_it.o(i.MemManage_Handler)
    NMI_Handler                              0x0800122f   Thumb Code     2  stm32f4xx_it.o(i.NMI_Handler)
    StartAfficheur                           0x08001251   Thumb Code   400  main.o(i.StartAfficheur)
    StartDecodage                            0x080013f5   Thumb Code     8  main.o(i.StartDecodage)
    StartGestionRadio                        0x080013fd   Thumb Code     8  main.o(i.StartGestionRadio)
    StartGestionTours                        0x08001405   Thumb Code    98  main.o(i.StartGestionTours)
    StartReinit                              0x080014cd   Thumb Code     8  main.o(i.StartReinit)
    SysTick_Handler                          0x080014d5   Thumb Code    38  port.o(i.SysTick_Handler)
    SystemClock_Config                       0x08001501   Thumb Code   106  main.o(i.SystemClock_Config)
    SystemInit                               0x08001575   Thumb Code    66  system_stm32f4xx.o(i.SystemInit)
    TIM1_UP_TIM10_IRQHandler                 0x080015c9   Thumb Code     6  stm32f4xx_it.o(i.TIM1_UP_TIM10_IRQHandler)
    TIM_Base_SetConfig                       0x080015d5   Thumb Code   148  stm32f4xx_hal_tim.o(i.TIM_Base_SetConfig)
    UsageFault_Handler                       0x080019a3   Thumb Code     2  stm32f4xx_it.o(i.UsageFault_Handler)
    __0printf$1                              0x080019a5   Thumb Code    22  printf1.o(i.__0printf$1)
    __1printf$1                              0x080019a5   Thumb Code     0  printf1.o(i.__0printf$1)
    __2printf                                0x080019a5   Thumb Code     0  printf1.o(i.__0printf$1)
    __scatterload_copy                       0x080019c5   Thumb Code    14  handlers.o(i.__scatterload_copy)
    __scatterload_null                       0x080019d3   Thumb Code     2  handlers.o(i.__scatterload_null)
    __scatterload_zeroinit                   0x080019d5   Thumb Code    14  handlers.o(i.__scatterload_zeroinit)
    fputc                                    0x08001b39   Thumb Code    20  main.o(i.fputc)
    gfx_Cls                                  0x08001b51   Thumb Code   174  uoled.o(i.gfx_Cls)
    gfx_Rectangle                            0x08001c09   Thumb Code   232  uoled.o(i.gfx_Rectangle)
    gfx_RectangleFilled                      0x08001cf9   Thumb Code   244  uoled.o(i.gfx_RectangleFilled)
    main                                     0x08001e01   Thumb Code   230  main.o(i.main)
    osDelay                                  0x08001f09   Thumb Code    14  cmsis_os.o(i.osDelay)
    osKernelStart                            0x08001f17   Thumb Code    10  cmsis_os.o(i.osKernelStart)
    osSignalSet                              0x08001f21   Thumb Code    86  cmsis_os.o(i.osSignalSet)
    osSignalWait                             0x08001f7d   Thumb Code    86  cmsis_os.o(i.osSignalWait)
    osThreadCreate                           0x08001fd3   Thumb Code    46  cmsis_os.o(i.osThreadCreate)
    osTimerCreate                            0x08002001   Thumb Code    28  cmsis_os.o(i.osTimerCreate)
    osTimerStart                             0x08002021   Thumb Code    90  cmsis_os.o(i.osTimerStart)
    putCH                                    0x08002775   Thumb Code    80  uoled.o(i.putCH)
    putINT                                   0x080027cd   Thumb Code    54  uoled.o(i.putINT)
    pvPortMalloc                             0x08002805   Thumb Code   210  heap_4.o(i.pvPortMalloc)
    pxPortInitialiseStack                    0x080028dd   Thumb Code    40  port.o(i.pxPortInitialiseStack)
    setbaudWait                              0x08002909   Thumb Code    96  uoled.o(i.setbaudWait)
    txt_BGcolour                             0x08002971   Thumb Code    80  uoled.o(i.txt_BGcolour)
    txt_FGcolour                             0x080029c9   Thumb Code    80  uoled.o(i.txt_FGcolour)
    txt_MoveCursor                           0x08002a21   Thumb Code   116  uoled.o(i.txt_MoveCursor)
    uxListRemove                             0x08002a9d   Thumb Code    36  list.o(i.uxListRemove)
    vApplicationTickHook                     0x08002ac1   Thumb Code     2  freertos.o(i.vApplicationTickHook)
    vListInitialise                          0x08002ac3   Thumb Code    22  list.o(i.vListInitialise)
    vListInitialiseItem                      0x08002ad9   Thumb Code     6  list.o(i.vListInitialiseItem)
    vListInsert                              0x08002adf   Thumb Code    48  list.o(i.vListInsert)
    vListInsertEnd                           0x08002b0f   Thumb Code    24  list.o(i.vListInsertEnd)
    vPortEnterCritical                       0x08002b29   Thumb Code    54  port.o(i.vPortEnterCritical)
    vPortExitCritical                        0x08002b69   Thumb Code    34  port.o(i.vPortExitCritical)
    vPortFree                                0x08002b91   Thumb Code    88  heap_4.o(i.vPortFree)
    vPortSetupTimerInterrupt                 0x08002bed   Thumb Code    26  port.o(i.vPortSetupTimerInterrupt)
    vPortValidateInterruptPriority           0x08002c0d   Thumb Code    74  port.o(i.vPortValidateInterruptPriority)
    vQueueAddToRegistry                      0x08002c61   Thumb Code    32  queue.o(i.vQueueAddToRegistry)
    vQueueWaitForMessageRestricted           0x08002c85   Thumb Code    68  queue.o(i.vQueueWaitForMessageRestricted)
    vTaskDelay                               0x08002cc9   Thumb Code    66  tasks.o(i.vTaskDelay)
    vTaskMissedYield                         0x08002d15   Thumb Code     8  tasks.o(i.vTaskMissedYield)
    vTaskPlaceOnEventList                    0x08002d21   Thumb Code    44  tasks.o(i.vTaskPlaceOnEventList)
    vTaskPlaceOnEventListRestricted          0x08002d51   Thumb Code    52  tasks.o(i.vTaskPlaceOnEventListRestricted)
    vTaskSetTimeOutState                     0x08002d89   Thumb Code    30  tasks.o(i.vTaskSetTimeOutState)
    vTaskStartScheduler                      0x08002dad   Thumb Code    94  tasks.o(i.vTaskStartScheduler)
    vTaskSuspendAll                          0x08002e1d   Thumb Code    10  tasks.o(i.vTaskSuspendAll)
    vTaskSwitchContext                       0x08002e2d   Thumb Code    82  tasks.o(i.vTaskSwitchContext)
    xPortStartScheduler                      0x08002e89   Thumb Code   208  port.o(i.xPortStartScheduler)
    xQueueGenericCreate                      0x08002f6d   Thumb Code    72  queue.o(i.xQueueGenericCreate)
    xQueueGenericReceive                     0x08002fb5   Thumb Code   334  queue.o(i.xQueueGenericReceive)
    xQueueGenericReset                       0x08003109   Thumb Code   132  queue.o(i.xQueueGenericReset)
    xQueueGenericSend                        0x08003191   Thumb Code   350  queue.o(i.xQueueGenericSend)
    xQueueGenericSendFromISR                 0x080032f5   Thumb Code   188  queue.o(i.xQueueGenericSendFromISR)
    xTaskCheckForTimeOut                     0x080033b1   Thumb Code   102  tasks.o(i.xTaskCheckForTimeOut)
    xTaskCreate                              0x0800341d   Thumb Code    86  tasks.o(i.xTaskCreate)
    xTaskGenericNotify                       0x08003475   Thumb Code   190  tasks.o(i.xTaskGenericNotify)
    xTaskGenericNotifyFromISR                0x08003541   Thumb Code   230  tasks.o(i.xTaskGenericNotifyFromISR)
    xTaskGetSchedulerState                   0x08003631   Thumb Code    22  tasks.o(i.xTaskGetSchedulerState)
    xTaskGetTickCount                        0x0800364d   Thumb Code     6  tasks.o(i.xTaskGetTickCount)
    xTaskIncrementTick                       0x08003659   Thumb Code   202  tasks.o(i.xTaskIncrementTick)
    xTaskNotifyWait                          0x0800372d   Thumb Code   130  tasks.o(i.xTaskNotifyWait)
    xTaskRemoveFromEventList                 0x080037b9   Thumb Code   108  tasks.o(i.xTaskRemoveFromEventList)
    xTaskResumeAll                           0x0800382d   Thumb Code   182  tasks.o(i.xTaskResumeAll)
    xTimerCreate                             0x080038f1   Thumb Code    78  timers.o(i.xTimerCreate)
    xTimerCreateTimerTask                    0x08003941   Thumb Code    56  timers.o(i.xTimerCreateTimerTask)
    xTimerGenericCommand                     0x08003989   Thumb Code    88  timers.o(i.xTimerGenericCommand)
    AHBPrescTable                            0x08003a4c   Data          16  system_stm32f4xx.o(.constdata)
    APBPrescTable                            0x08003a5c   Data           8  system_stm32f4xx.o(.constdata)
    Region$$Table$$Base                      0x08003aa4   Number         0  anon$$obj.o(Region$$Table)
    Region$$Table$$Limit                     0x08003ac4   Number         0  anon$$obj.o(Region$$Table)
    anomalie                                 0x20000000   Data           1  main.o(.data)
    DecodageHandle                           0x20000004   Data           4  main.o(.data)
    AfficheurHandle                          0x20000008   Data           4  main.o(.data)
    GestionToursHandle                       0x2000000c   Data           4  main.o(.data)
    GestionRadioHandle                       0x20000010   Data           4  main.o(.data)
    ReinitHandle                             0x20000014   Data           4  main.o(.data)
    HorlogeHandle                            0x20000018   Data           4  main.o(.data)
    nbTour1                                  0x2000001c   Data           4  main.o(.data)
    nbTour2                                  0x20000020   Data           4  main.o(.data)
    endroit                                  0x20000024   Data           4  main.o(.data)
    uwTickFreq                               0x20000028   Data           1  stm32f4xx_hal.o(.data)
    uwTickPrio                               0x2000002c   Data           4  stm32f4xx_hal.o(.data)
    uwTick                                   0x20000030   Data           4  stm32f4xx_hal.o(.data)
    SystemCoreClock                          0x20000034   Data           4  system_stm32f4xx.o(.data)
    pxCurrentTCB                             0x20000038   Data           4  tasks.o(.data)
    __stdout                                 0x200000b0   Data           4  stdout.o(.data)
    huart4                                   0x200000b4   Data          64  main.o(.bss)
    huart2                                   0x200000f4   Data          64  main.o(.bss)
    htim1                                    0x20000134   Data          60  stm32f4xx_hal_timebase_tim.o(.bss)
    xQueueRegistry                           0x20000170   Data          64  queue.o(.bss)
    __initial_sp                             0x200042c8   Data           0  startup_stm32f446xx.o(STACK)



==============================================================================

Memory Map of the image

  Image Entry point : 0x080001c5

  Load Region LR_IROM1 (Base: 0x08000000, Size: 0x00003b78, Max: 0x00080000, ABSOLUTE)

    Execution Region ER_IROM1 (Base: 0x08000000, Size: 0x00003ac4, Max: 0x00080000, ABSOLUTE)

    Base Addr    Size         Type   Attr      Idx    E Section Name        Object

    0x08000000   0x000001c4   Data   RO            3    RESET               startup_stm32f446xx.o
    0x080001c4   0x00000000   Code   RO         4084  * .ARM.Collect$$$$00000000  mc_w.l(entry.o)
    0x080001c4   0x00000004   Code   RO         4359    .ARM.Collect$$$$00000001  mc_w.l(entry2.o)
    0x080001c8   0x00000004   Code   RO         4362    .ARM.Collect$$$$00000004  mc_w.l(entry5.o)
    0x080001cc   0x00000000   Code   RO         4364    .ARM.Collect$$$$00000008  mc_w.l(entry7b.o)
    0x080001cc   0x00000000   Code   RO         4366    .ARM.Collect$$$$0000000A  mc_w.l(entry8b.o)
    0x080001cc   0x00000008   Code   RO         4367    .ARM.Collect$$$$0000000B  mc_w.l(entry9a.o)
    0x080001d4   0x00000000   Code   RO         4369    .ARM.Collect$$$$0000000D  mc_w.l(entry10a.o)
    0x080001d4   0x00000000   Code   RO         4371    .ARM.Collect$$$$0000000F  mc_w.l(entry11a.o)
    0x080001d4   0x00000004   Code   RO         4360    .ARM.Collect$$$$00002712  mc_w.l(entry2.o)
    0x080001d8   0x000000ba   Code   RO         4007    .emb_text           port.o
    0x08000292   0x00000002   PAD
    0x08000294   0x00000024   Code   RO            4    .text               startup_stm32f446xx.o
    0x080002b8   0x00000062   Code   RO         4087    .text               mc_w.l(uldiv.o)
    0x0800031a   0x00000002   PAD
    0x0800031c   0x00000024   Code   RO         4089    .text               mc_w.l(rand.o)
    0x08000340   0x00000024   Code   RO         4092    .text               mc_w.l(memcpya.o)
    0x08000364   0x00000024   Code   RO         4094    .text               mc_w.l(memseta.o)
    0x08000388   0x0000002c   Code   RO         4374    .text               mc_w.l(uidiv.o)
    0x080003b4   0x0000001e   Code   RO         4376    .text               mc_w.l(llshl.o)
    0x080003d2   0x00000020   Code   RO         4378    .text               mc_w.l(llushr.o)
    0x080003f2   0x00000002   PAD
    0x080003f4   0x00000024   Code   RO         4391    .text               mc_w.l(init.o)
    0x08000418   0x00000002   Code   RO          295    i.BusFault_Handler  stm32f4xx_it.o
    0x0800041a   0x00000002   PAD
    0x0800041c   0x00000040   Code   RO           13    i.CallbackHorloge   main.o
    0x0800045c   0x00000002   Code   RO          296    i.DebugMon_Handler  stm32f4xx_it.o
    0x0800045e   0x00000002   PAD
    0x08000460   0x00000020   Code   RO          435    i.GetAck            uoled.o
    0x08000480   0x00000024   Code   RO         2730    i.HAL_Delay         stm32f4xx_hal.o
    0x080004a4   0x000001b0   Code   RO         2186    i.HAL_GPIO_Init     stm32f4xx_hal_gpio.o
    0x08000654   0x0000000a   Code   RO         2190    i.HAL_GPIO_WritePin  stm32f4xx_hal_gpio.o
    0x0800065e   0x00000002   PAD
    0x08000660   0x0000000c   Code   RO         2736    i.HAL_GetTick       stm32f4xx_hal.o
    0x0800066c   0x00000010   Code   RO         2740    i.HAL_IncTick       stm32f4xx_hal.o
    0x0800067c   0x00000034   Code   RO         2741    i.HAL_Init          stm32f4xx_hal.o
    0x080006b0   0x00000074   Code   RO          395    i.HAL_InitTick      stm32f4xx_hal_timebase_tim.o
    0x08000724   0x00000038   Code   RO          359    i.HAL_MspInit       stm32f4xx_hal_msp.o
    0x0800075c   0x00000016   Code   RO         2593    i.HAL_NVIC_EnableIRQ  stm32f4xx_hal_cortex.o
    0x08000772   0x00000002   PAD
    0x08000774   0x00000040   Code   RO         2599    i.HAL_NVIC_SetPriority  stm32f4xx_hal_cortex.o
    0x080007b4   0x00000024   Code   RO         2600    i.HAL_NVIC_SetPriorityGrouping  stm32f4xx_hal_cortex.o
    0x080007d8   0x00000130   Code   RO         1748    i.HAL_RCC_ClockConfig  stm32f4xx_hal_rcc.o
    0x08000908   0x00000040   Code   RO         1752    i.HAL_RCC_GetClockConfig  stm32f4xx_hal_rcc.o
    0x08000948   0x00000020   Code   RO         1755    i.HAL_RCC_GetPCLK1Freq  stm32f4xx_hal_rcc.o
    0x08000968   0x00000020   Code   RO         1756    i.HAL_RCC_GetPCLK2Freq  stm32f4xx_hal_rcc.o
    0x08000988   0x00000098   Code   RO         1859    i.HAL_RCC_GetSysClockFreq  stm32f4xx_hal_rcc_ex.o
    0x08000a20   0x00000330   Code   RO         1860    i.HAL_RCC_OscConfig  stm32f4xx_hal_rcc_ex.o
    0x08000d50   0x00000002   Code   RO         1182    i.HAL_TIMEx_BreakCallback  stm32f4xx_hal_tim_ex.o
    0x08000d52   0x00000002   Code   RO         1183    i.HAL_TIMEx_CommutationCallback  stm32f4xx_hal_tim_ex.o
    0x08000d54   0x00000036   Code   RO          553    i.HAL_TIM_Base_Init  stm32f4xx_hal_tim.o
    0x08000d8a   0x00000002   Code   RO          555    i.HAL_TIM_Base_MspInit  stm32f4xx_hal_tim.o
    0x08000d8c   0x00000018   Code   RO          558    i.HAL_TIM_Base_Start_IT  stm32f4xx_hal_tim.o
    0x08000da4   0x00000002   Code   RO          582    i.HAL_TIM_IC_CaptureCallback  stm32f4xx_hal_tim.o
    0x08000da6   0x00000166   Code   RO          595    i.HAL_TIM_IRQHandler  stm32f4xx_hal_tim.o
    0x08000f0c   0x00000002   Code   RO          598    i.HAL_TIM_OC_DelayElapsedCallback  stm32f4xx_hal_tim.o
    0x08000f0e   0x00000002   Code   RO          625    i.HAL_TIM_PWM_PulseFinishedCallback  stm32f4xx_hal_tim.o
    0x08000f10   0x00000014   Code   RO           15    i.HAL_TIM_PeriodElapsedCallback  main.o
    0x08000f24   0x00000002   Code   RO          636    i.HAL_TIM_TriggerCallback  stm32f4xx_hal_tim.o
    0x08000f26   0x00000062   Code   RO         1446    i.HAL_UART_Init     stm32f4xx_hal_uart.o
    0x08000f88   0x00000098   Code   RO          361    i.HAL_UART_MspInit  stm32f4xx_hal_msp.o
    0x08001020   0x000000ba   Code   RO         1449    i.HAL_UART_Receive  stm32f4xx_hal_uart.o
    0x080010da   0x000000ba   Code   RO         1454    i.HAL_UART_Transmit  stm32f4xx_hal_uart.o
    0x08001194   0x00000002   Code   RO          297    i.HardFault_Handler  stm32f4xx_it.o
    0x08001196   0x00000002   PAD
    0x08001198   0x00000094   Code   RO           16    i.MX_GPIO_Init      main.o
    0x0800122c   0x00000002   Code   RO          298    i.MemManage_Handler  stm32f4xx_it.o
    0x0800122e   0x00000002   Code   RO          299    i.NMI_Handler       stm32f4xx_it.o
    0x08001230   0x00000020   Code   RO         2606    i.NVIC_SetPriority  stm32f4xx_hal_cortex.o
    0x08001250   0x000001a4   Code   RO           17    i.StartAfficheur    main.o
    0x080013f4   0x00000008   Code   RO           18    i.StartDecodage     main.o
    0x080013fc   0x00000008   Code   RO           19    i.StartGestionRadio  main.o
    0x08001404   0x000000c8   Code   RO           20    i.StartGestionTours  main.o
    0x080014cc   0x00000008   Code   RO           21    i.StartReinit       main.o
    0x080014d4   0x0000002c   Code   RO         4008    i.SysTick_Handler   port.o
    0x08001500   0x00000074   Code   RO           22    i.SystemClock_Config  main.o
    0x08001574   0x00000054   Code   RO         2895    i.SystemInit        system_stm32f4xx.o
    0x080015c8   0x0000000c   Code   RO          300    i.TIM1_UP_TIM10_IRQHandler  stm32f4xx_it.o
    0x080015d4   0x000000c0   Code   RO          637    i.TIM_Base_SetConfig  stm32f4xx_hal_tim.o
    0x08001694   0x000002ac   Code   RO         1472    i.UART_SetConfig    stm32f4xx_hal_uart.o
    0x08001940   0x00000062   Code   RO         1474    i.UART_WaitOnFlagUntilTimeout  stm32f4xx_hal_uart.o
    0x080019a2   0x00000002   Code   RO          301    i.UsageFault_Handler  stm32f4xx_it.o
    0x080019a4   0x00000020   Code   RO         4143    i.__0printf$1       mc_w.l(printf1.o)
    0x080019c4   0x0000000e   Code   RO         4399    i.__scatterload_copy  mc_w.l(handlers.o)
    0x080019d2   0x00000002   Code   RO         4400    i.__scatterload_null  mc_w.l(handlers.o)
    0x080019d4   0x0000000e   Code   RO         4401    i.__scatterload_zeroinit  mc_w.l(handlers.o)
    0x080019e2   0x00000002   PAD
    0x080019e4   0x00000154   Code   RO         4150    i._printf_core      mc_w.l(printf1.o)
    0x08001b38   0x00000018   Code   RO           23    i.fputc             main.o
    0x08001b50   0x000000b8   Code   RO          441    i.gfx_Cls           uoled.o
    0x08001c08   0x000000f0   Code   RO          442    i.gfx_Rectangle     uoled.o
    0x08001cf8   0x000000fc   Code   RO          443    i.gfx_RectangleFilled  uoled.o
    0x08001df4   0x0000000c   Code   RO         3583    i.inHandlerMode     cmsis_os.o
    0x08001e00   0x000000fc   Code   RO           24    i.main              main.o
    0x08001efc   0x0000000c   Code   RO         3585    i.makeFreeRtosPriority  cmsis_os.o
    0x08001f08   0x0000000e   Code   RO         3587    i.osDelay           cmsis_os.o
    0x08001f16   0x0000000a   Code   RO         3590    i.osKernelStart     cmsis_os.o
    0x08001f20   0x0000005c   Code   RO         3621    i.osSignalSet       cmsis_os.o
    0x08001f7c   0x00000056   Code   RO         3622    i.osSignalWait      cmsis_os.o
    0x08001fd2   0x0000002e   Code   RO         3624    i.osThreadCreate    cmsis_os.o
    0x08002000   0x00000020   Code   RO         3635    i.osTimerCreate     cmsis_os.o
    0x08002020   0x00000060   Code   RO         3637    i.osTimerStart      cmsis_os.o
    0x08002080   0x00000070   Code   RO         3204    i.prvAddCurrentTaskToDelayedList  tasks.o
    0x080020f0   0x000000d0   Code   RO         3205    i.prvAddNewTaskToReadyList  tasks.o
    0x080021c0   0x00000050   Code   RO         3466    i.prvCheckForValidListAndQueue  timers.o
    0x08002210   0x00000054   Code   RO         3206    i.prvCheckTasksWaitingTermination  tasks.o
    0x08002264   0x00000026   Code   RO         3064    i.prvCopyDataFromQueue  queue.o
    0x0800228a   0x0000005a   Code   RO         3065    i.prvCopyDataToQueue  queue.o
    0x080022e4   0x00000014   Code   RO         3207    i.prvDeleteTCB      tasks.o
    0x080022f8   0x0000004c   Code   RO         3958    i.prvHeapInit       heap_4.o
    0x08002344   0x00000028   Code   RO         3208    i.prvIdleTask       tasks.o
    0x0800236c   0x0000008a   Code   RO         3209    i.prvInitialiseNewTask  tasks.o
    0x080023f6   0x00000002   PAD
    0x080023f8   0x0000004c   Code   RO         3959    i.prvInsertBlockIntoFreeList  heap_4.o
    0x08002444   0x00000038   Code   RO         3467    i.prvInsertTimerInActiveList  timers.o
    0x0800247c   0x0000001a   Code   RO         3066    i.prvIsQueueEmpty   queue.o
    0x08002496   0x00000002   PAD
    0x08002498   0x000000b8   Code   RO         3468    i.prvProcessReceivedCommands  timers.o
    0x08002550   0x000000b4   Code   RO         3469    i.prvProcessTimerOrBlockTask  timers.o
    0x08002604   0x00000020   Code   RO         3210    i.prvResetNextTaskUnblockTime  tasks.o
    0x08002624   0x00000028   Code   RO         3470    i.prvSampleTimeNow  timers.o
    0x0800264c   0x0000006c   Code   RO         3471    i.prvSwitchTimerLists  timers.o
    0x080026b8   0x00000028   Code   RO         4009    i.prvTaskExitError  port.o
    0x080026e0   0x00000028   Code   RO         3472    i.prvTimerTask      timers.o
    0x08002708   0x0000006a   Code   RO         3067    i.prvUnlockQueue    queue.o
    0x08002772   0x00000002   PAD
    0x08002774   0x00000058   Code   RO          444    i.putCH             uoled.o
    0x080027cc   0x00000036   Code   RO          445    i.putINT            uoled.o
    0x08002802   0x00000002   PAD
    0x08002804   0x000000d8   Code   RO         3960    i.pvPortMalloc      heap_4.o
    0x080028dc   0x0000002c   Code   RO         4010    i.pxPortInitialiseStack  port.o
    0x08002908   0x00000068   Code   RO          446    i.setbaudWait       uoled.o
    0x08002970   0x00000058   Code   RO          447    i.txt_BGcolour      uoled.o
    0x080029c8   0x00000058   Code   RO          448    i.txt_FGcolour      uoled.o
    0x08002a20   0x0000007c   Code   RO          449    i.txt_MoveCursor    uoled.o
    0x08002a9c   0x00000024   Code   RO         3027    i.uxListRemove      list.o
    0x08002ac0   0x00000002   Code   RO          253    i.vApplicationTickHook  freertos.o
    0x08002ac2   0x00000016   Code   RO         3028    i.vListInitialise   list.o
    0x08002ad8   0x00000006   Code   RO         3029    i.vListInitialiseItem  list.o
    0x08002ade   0x00000030   Code   RO         3030    i.vListInsert       list.o
    0x08002b0e   0x00000018   Code   RO         3031    i.vListInsertEnd    list.o
    0x08002b26   0x00000002   PAD
    0x08002b28   0x00000040   Code   RO         4012    i.vPortEnterCritical  port.o
    0x08002b68   0x00000028   Code   RO         4013    i.vPortExitCritical  port.o
    0x08002b90   0x0000005c   Code   RO         3961    i.vPortFree         heap_4.o
    0x08002bec   0x00000020   Code   RO         4014    i.vPortSetupTimerInterrupt  port.o
    0x08002c0c   0x00000054   Code   RO         4015    i.vPortValidateInterruptPriority  port.o
    0x08002c60   0x00000024   Code   RO         3071    i.vQueueAddToRegistry  queue.o
    0x08002c84   0x00000044   Code   RO         3074    i.vQueueWaitForMessageRestricted  queue.o
    0x08002cc8   0x0000004c   Code   RO         3217    i.vTaskDelay        tasks.o
    0x08002d14   0x0000000c   Code   RO         3220    i.vTaskMissedYield  tasks.o
    0x08002d20   0x00000030   Code   RO         3222    i.vTaskPlaceOnEventList  tasks.o
    0x08002d50   0x00000038   Code   RO         3223    i.vTaskPlaceOnEventListRestricted  tasks.o
    0x08002d88   0x00000024   Code   RO         3227    i.vTaskSetTimeOutState  tasks.o
    0x08002dac   0x00000070   Code   RO         3228    i.vTaskStartScheduler  tasks.o
    0x08002e1c   0x00000010   Code   RO         3230    i.vTaskSuspendAll   tasks.o
    0x08002e2c   0x0000005c   Code   RO         3231    i.vTaskSwitchContext  tasks.o
    0x08002e88   0x000000e4   Code   RO         4016    i.xPortStartScheduler  port.o
    0x08002f6c   0x00000048   Code   RO         3075    i.xQueueGenericCreate  queue.o
    0x08002fb4   0x00000154   Code   RO         3076    i.xQueueGenericReceive  queue.o
    0x08003108   0x00000088   Code   RO         3077    i.xQueueGenericReset  queue.o
    0x08003190   0x00000164   Code   RO         3078    i.xQueueGenericSend  queue.o
    0x080032f4   0x000000bc   Code   RO         3079    i.xQueueGenericSendFromISR  queue.o
    0x080033b0   0x0000006c   Code   RO         3232    i.xTaskCheckForTimeOut  tasks.o
    0x0800341c   0x00000056   Code   RO         3233    i.xTaskCreate       tasks.o
    0x08003472   0x00000002   PAD
    0x08003474   0x000000cc   Code   RO         3234    i.xTaskGenericNotify  tasks.o
    0x08003540   0x000000f0   Code   RO         3235    i.xTaskGenericNotifyFromISR  tasks.o
    0x08003630   0x0000001c   Code   RO         3236    i.xTaskGetSchedulerState  tasks.o
    0x0800364c   0x0000000c   Code   RO         3237    i.xTaskGetTickCount  tasks.o
    0x08003658   0x000000d4   Code   RO         3239    i.xTaskIncrementTick  tasks.o
    0x0800372c   0x0000008c   Code   RO         3241    i.xTaskNotifyWait   tasks.o
    0x080037b8   0x00000074   Code   RO         3242    i.xTaskRemoveFromEventList  tasks.o
    0x0800382c   0x000000c4   Code   RO         3244    i.xTaskResumeAll    tasks.o
    0x080038f0   0x0000004e   Code   RO         3475    i.xTimerCreate      timers.o
    0x0800393e   0x00000002   PAD
    0x08003940   0x00000048   Code   RO         3476    i.xTimerCreateTimerTask  timers.o
    0x08003988   0x0000005c   Code   RO         3477    i.xTimerGenericCommand  timers.o
    0x080039e4   0x00000068   Data   RO           26    .constdata          main.o
    0x08003a4c   0x00000010   Data   RO         2896    .constdata          system_stm32f4xx.o
    0x08003a5c   0x00000008   Data   RO         2897    .constdata          system_stm32f4xx.o
    0x08003a64   0x0000003f   Data   RO           27    .conststring        main.o
    0x08003aa3   0x00000001   PAD
    0x08003aa4   0x00000020   Data   RO         4397    Region$$Table       anon$$obj.o


    Execution Region RW_IRAM1 (Base: 0x20000000, Size: 0x000042c8, Max: 0x00020000, ABSOLUTE)

    Base Addr    Size         Type   Attr      Idx    E Section Name        Object

    0x20000000   0x00000028   Data   RW           28    .data               main.o
    0x20000028   0x0000000c   Data   RW         2748    .data               stm32f4xx_hal.o
    0x20000034   0x00000004   Data   RW         2898    .data               system_stm32f4xx.o
    0x20000038   0x0000003c   Data   RW         3247    .data               tasks.o
    0x20000074   0x00000014   Data   RW         3483    .data               timers.o
    0x20000088   0x00000018   Data   RW         3966    .data               heap_4.o
    0x200000a0   0x0000000c   Data   RW         4017    .data               port.o
    0x200000ac   0x00000004   Data   RW         4090    .data               mc_w.l(rand.o)
    0x200000b0   0x00000004   Data   RW         4373    .data               mc_w.l(stdout.o)
    0x200000b4   0x00000080   Zero   RW           25    .bss                main.o
    0x20000134   0x0000003c   Zero   RW          398    .bss                stm32f4xx_hal_timebase_tim.o
    0x20000170   0x00000040   Zero   RW         3085    .bss                queue.o
    0x200001b0   0x000000f0   Zero   RW         3246    .bss                tasks.o
    0x200002a0   0x00000028   Zero   RW         3482    .bss                timers.o
    0x200002c8   0x00003c00   Zero   RW         3965    .bss                heap_4.o
    0x20003ec8   0x00000400   Zero   RW            1    STACK               startup_stm32f446xx.o


==============================================================================

Image component sizes


      Code (inc. data)   RO Data    RW Data    ZI Data      Debug   Object Name

       400         16          0          0          0      18025   cmsis_os.o
         0          0          0          0          0       9500   event_groups.o
         2          0          0          0          0        447   freertos.o
       460         24          0         24      15360       4811   heap_4.o
       136          0          0          0          0       3498   list.o
      1268        200        167         40        128     728838   main.o
       762         82          0         12          0      11809   port.o
      1456         20          0          0         64      13917   queue.o
        36          8        452          0       1024        828   startup_stm32f446xx.o
       116         18          0         12          0       3850   stm32f4xx_hal.o
       154         14          0          0          0      29542   stm32f4xx_hal_cortex.o
       442         40          0          0          0       2504   stm32f4xx_hal_gpio.o
       208         20          0          0          0       1641   stm32f4xx_hal_msp.o
       432         52          0          0          0       3511   stm32f4xx_hal_rcc.o
       968         34          0          0          0       2878   stm32f4xx_hal_rcc_ex.o
       638         44          0          0          0       7150   stm32f4xx_hal_tim.o
         4          0          0          0          0       1634   stm32f4xx_hal_tim_ex.o
       116         18          0          0         60       1371   stm32f4xx_hal_timebase_tim.o
      1252          8          0          0          0       5227   stm32f4xx_hal_uart.o
        24          6          0          0          0       3164   stm32f4xx_it.o
        84         18         24          4          0       1135   system_stm32f4xx.o
      2424        208          0         60        240      25369   tasks.o
       930         80          0         20         40      18970   timers.o
      1254         70          0          0          0       6870   uoled.o

    ----------------------------------------------------------------------
     13592        980        676        172      16916     906489   Object Totals
         0          0         32          0          0          0   (incl. Generated)
        26          0          1          0          0          0   (incl. Padding)

    ----------------------------------------------------------------------

      Code (inc. data)   RO Data    RW Data    ZI Data      Debug   Library Member Name

         0          0          0          0          0          0   entry.o
         0          0          0          0          0          0   entry10a.o
         0          0          0          0          0          0   entry11a.o
         8          4          0          0          0          0   entry2.o
         4          0          0          0          0          0   entry5.o
         0          0          0          0          0          0   entry7b.o
         0          0          0          0          0          0   entry8b.o
         8          4          0          0          0          0   entry9a.o
        30          0          0          0          0          0   handlers.o
        36          8          0          0          0         68   init.o
        30          0          0          0          0         68   llshl.o
        32          0          0          0          0         68   llushr.o
        36          0          0          0          0         68   memcpya.o
        36          0          0          0          0        108   memseta.o
       372         14          0          0          0        184   printf1.o
        36         10          0          4          0        136   rand.o
         0          0          0          4          0          0   stdout.o
        44          0          0          0          0         80   uidiv.o
        98          0          0          0          0         92   uldiv.o

    ----------------------------------------------------------------------
       776         40          0          8          0        872   Library Totals
         6          0          0          0          0          0   (incl. Padding)

    ----------------------------------------------------------------------

      Code (inc. data)   RO Data    RW Data    ZI Data      Debug   Library Name

       770         40          0          8          0        872   mc_w.l

    ----------------------------------------------------------------------
       776         40          0          8          0        872   Library Totals

    ----------------------------------------------------------------------

==============================================================================


      Code (inc. data)   RO Data    RW Data    ZI Data      Debug   

     14368       1020        676        180      16916     894153   Grand Totals
     14368       1020        676        180      16916     894153   ELF Image Totals
     14368       1020        676        180          0          0   ROM Totals

==============================================================================

    Total RO  Size (Code + RO Data)                15044 (  14.69kB)
    Total RW  Size (RW Data + ZI Data)             17096 (  16.70kB)
    Total ROM Size (Code + RO Data + RW Data)      15224 (  14.87kB)

==============================================================================

