Component: ARM Compiler 5.06 update 6 (build 750) Tool: armlink [4d35ed]

==============================================================================

Section Cross References

    startup_stm32f446xx.o(RESET) refers to startup_stm32f446xx.o(STACK) for __initial_sp
    startup_stm32f446xx.o(RESET) refers to startup_stm32f446xx.o(.text) for Reset_Handler
    startup_stm32f446xx.o(RESET) refers to stm32f4xx_it.o(i.NMI_Handler) for NMI_Handler
    startup_stm32f446xx.o(RESET) refers to stm32f4xx_it.o(i.HardFault_Handler) for HardFault_Handler
    startup_stm32f446xx.o(RESET) refers to stm32f4xx_it.o(i.MemManage_Handler) for MemManage_Handler
    startup_stm32f446xx.o(RESET) refers to stm32f4xx_it.o(i.BusFault_Handler) for BusFault_Handler
    startup_stm32f446xx.o(RESET) refers to stm32f4xx_it.o(i.UsageFault_Handler) for UsageFault_Handler
    startup_stm32f446xx.o(RESET) refers to port.o(.emb_text) for SVC_Handler
    startup_stm32f446xx.o(RESET) refers to stm32f4xx_it.o(i.DebugMon_Handler) for DebugMon_Handler
    startup_stm32f446xx.o(RESET) refers to port.o(i.SysTick_Handler) for SysTick_Handler
    startup_stm32f446xx.o(RESET) refers to stm32f4xx_it.o(i.TIM1_UP_TIM10_IRQHandler) for TIM1_UP_TIM10_IRQHandler
    startup_stm32f446xx.o(.text) refers to system_stm32f4xx_1.o(i.SystemInit) for SystemInit
    startup_stm32f446xx.o(.text) refers to entry.o(.ARM.Collect$$$$00000000) for __main
    uoled.o(i.BeeP) refers to stm32f4xx_hal_uart.o(i.HAL_UART_Transmit) for HAL_UART_Transmit
    uoled.o(i.BeeP) refers to uoled.o(i.GetAck) for GetAck
    uoled.o(i.BeeP) refers to main.o(.bss) for huart4
    uoled.o(i.GetAck) refers to stm32f4xx_hal_uart.o(i.HAL_UART_Receive) for HAL_UART_Receive
    uoled.o(i.GetAck) refers to main.o(.bss) for huart4
    uoled.o(i.WriteBytes) refers to stm32f4xx_hal_uart.o(i.HAL_UART_Transmit) for HAL_UART_Transmit
    uoled.o(i.WriteBytes) refers to main.o(.bss) for huart4
    uoled.o(i.WriteChars) refers to stm32f4xx_hal_uart.o(i.HAL_UART_Transmit) for HAL_UART_Transmit
    uoled.o(i.WriteChars) refers to main.o(.bss) for huart4
    uoled.o(i.Writeuint16_ts) refers to stm32f4xx_hal_uart.o(i.HAL_UART_Transmit) for HAL_UART_Transmit
    uoled.o(i.Writeuint16_ts) refers to main.o(.bss) for huart4
    uoled.o(i.charheight) refers to stm32f4xx_hal_uart.o(i.HAL_UART_Transmit) for HAL_UART_Transmit
    uoled.o(i.charheight) refers to main.o(.bss) for huart4
    uoled.o(i.gfx_Clipping) refers to stm32f4xx_hal_uart.o(i.HAL_UART_Transmit) for HAL_UART_Transmit
    uoled.o(i.gfx_Clipping) refers to uoled.o(i.GetAck) for GetAck
    uoled.o(i.gfx_Clipping) refers to main.o(.bss) for huart4
    uoled.o(i.gfx_Cls) refers to stm32f4xx_hal_uart.o(i.HAL_UART_Transmit) for HAL_UART_Transmit
    uoled.o(i.gfx_Cls) refers to stm32f4xx_hal_uart.o(i.HAL_UART_Receive) for HAL_UART_Receive
    uoled.o(i.gfx_Cls) refers to stm32f4xx_hal_gpio.o(i.HAL_GPIO_WritePin) for HAL_GPIO_WritePin
    uoled.o(i.gfx_Cls) refers to stm32f4xx_hal.o(i.HAL_Delay) for HAL_Delay
    uoled.o(i.gfx_Cls) refers to uoled.o(i.gfx_Rectangle) for gfx_Rectangle
    uoled.o(i.gfx_Cls) refers to main.o(.bss) for huart4
    uoled.o(i.gfx_Rectangle) refers to stm32f4xx_hal_uart.o(i.HAL_UART_Transmit) for HAL_UART_Transmit
    uoled.o(i.gfx_Rectangle) refers to uoled.o(i.GetAck) for GetAck
    uoled.o(i.gfx_Rectangle) refers to main.o(.bss) for huart4
    uoled.o(i.gfx_RectangleFilled) refers to stm32f4xx_hal_uart.o(i.HAL_UART_Transmit) for HAL_UART_Transmit
    uoled.o(i.gfx_RectangleFilled) refers to uoled.o(i.GetAck) for GetAck
    uoled.o(i.gfx_RectangleFilled) refers to main.o(.bss) for huart4
    uoled.o(i.putCH) refers to stm32f4xx_hal_uart.o(i.HAL_UART_Transmit) for HAL_UART_Transmit
    uoled.o(i.putCH) refers to uoled.o(i.GetAck) for GetAck
    uoled.o(i.putCH) refers to main.o(.bss) for huart4
    uoled.o(i.putINT) refers to uoled.o(i.putCH) for putCH
    uoled.o(i.setbaudWait) refers to stm32f4xx_hal_uart.o(i.HAL_UART_Transmit) for HAL_UART_Transmit
    uoled.o(i.setbaudWait) refers to stm32f4xx_hal_uart.o(i.HAL_UART_Init) for HAL_UART_Init
    uoled.o(i.setbaudWait) refers to stm32f4xx_hal.o(i.HAL_Delay) for HAL_Delay
    uoled.o(i.setbaudWait) refers to uoled.o(i.GetAck) for GetAck
    uoled.o(i.setbaudWait) refers to main.o(.bss) for huart4
    uoled.o(i.txt_BGcolour) refers to stm32f4xx_hal_uart.o(i.HAL_UART_Transmit) for HAL_UART_Transmit
    uoled.o(i.txt_BGcolour) refers to uoled.o(i.GetAck) for GetAck
    uoled.o(i.txt_BGcolour) refers to main.o(.bss) for huart4
    uoled.o(i.txt_FGcolour) refers to stm32f4xx_hal_uart.o(i.HAL_UART_Transmit) for HAL_UART_Transmit
    uoled.o(i.txt_FGcolour) refers to uoled.o(i.GetAck) for GetAck
    uoled.o(i.txt_FGcolour) refers to main.o(.bss) for huart4
    uoled.o(i.txt_MoveCursor) refers to stm32f4xx_hal_uart.o(i.HAL_UART_Transmit) for HAL_UART_Transmit
    uoled.o(i.txt_MoveCursor) refers to uoled.o(i.GetAck) for GetAck
[...]
    ../Middlewares/Third_Party/FreeRTOS/Source/event_groups.c 0x00000000   Number         0  event_groups.o ABSOLUTE
    ../Middlewares/Third_Party/FreeRTOS/Source/list.c 0x00000000   Number         0  list.o ABSOLUTE
    ../Middlewares/Third_Party/FreeRTOS/Source/portable/MemMang/heap_4.c 0x00000000   Number         0  heap_4.o ABSOLUTE
    ../Middlewares/Third_Party/FreeRTOS/Source/portable/RVDS/ARM_CM4F/port.c 0x00000000   Number         0  port.o ABSOLUTE
    ../Middlewares/Third_Party/FreeRTOS/Source/queue.c 0x00000000   Number         0  queue.o ABSOLUTE
    ../Middlewares/Third_Party/FreeRTOS/Source/stream_buffer.c 0x00000000   Number         0  stream_buffer.o ABSOLUTE
    ../Middlewares/Third_Party/FreeRTOS/Source/tasks.c 0x00000000   Number         0  tasks.o ABSOLUTE
    ../Middlewares/Third_Party/FreeRTOS/Source/timers.c 0x00000000   Number         0  timers.o ABSOLUTE
    ../Src/freertos.c                        0x00000000   Number         0  freertos.o ABSOLUTE
    ../Src/main.c                            0x00000000   Number         0  main.o ABSOLUTE
    ../Src/stm32f4xx_hal_msp.c               0x00000000   Number         0  stm32f4xx_hal_msp.o ABSOLUTE
    ../Src/stm32f4xx_hal_timebase_tim.c      0x00000000   Number         0  stm32f4xx_hal_timebase_tim.o ABSOLUTE
    ../Src/stm32f4xx_it.c                    0x00000000   Number         0  stm32f4xx_it.o ABSOLUTE
    ../Src/system_stm32f4xx.c                0x00000000   Number         0  system_stm32f4xx_1.o ABSOLUTE
    ../clib/microlib/division.c              0x00000000   Number         0  uidiv.o ABSOLUTE
    ../clib/microlib/division.c              0x00000000   Number         0  uldiv.o ABSOLUTE
    ../clib/microlib/init/entry.s            0x00000000   Number         0  entry10a.o ABSOLUTE
    ../clib/microlib/init/entry.s            0x00000000   Number         0  entry7b.o ABSOLUTE
    ../clib/microlib/init/entry.s            0x00000000   Number         0  entry8b.o ABSOLUTE
    ../clib/microlib/init/entry.s            0x00000000   Number         0  entry2.o ABSOLUTE
    ../clib/microlib/init/entry.s            0x00000000   Number         0  entry9b.o ABSOLUTE
    ../clib/microlib/init/entry.s            0x00000000   Number         0  entry5.o ABSOLUTE
    ../clib/microlib/init/entry.s            0x00000000   Number         0  entry8a.o ABSOLUTE
    ../clib/microlib/init/entry.s            0x00000000   Number         0  entry11b.o ABSOLUTE
    ../clib/microlib/init/entry.s            0x00000000   Number         0  entry9a.o ABSOLUTE
    ../clib/microlib/init/entry.s            0x00000000   Number         0  entry11a.o ABSOLUTE
    ../clib/microlib/init/entry.s            0x00000000   Number         0  entry7a.o ABSOLUTE
    ../clib/microlib/init/entry.s            0x00000000   Number         0  entry.o ABSOLUTE
    ../clib/microlib/init/entry.s            0x00000000   Number         0  entry10b.o ABSOLUTE
    ../clib/microlib/longlong.c              0x00000000   Number         0  llsshr.o ABSOLUTE
    ../clib/microlib/longlong.c              0x00000000   Number         0  llushr.o ABSOLUTE
    ../clib/microlib/longlong.c              0x00000000   Number         0  llshl.o ABSOLUTE
    ../clib/microlib/printf/printf.c         0x00000000   Number         0  printf4.o ABSOLUTE
    ../clib/microlib/printf/printf.c         0x00000000   Number         0  printf6.o ABSOLUTE
    ../clib/microlib/printf/printf.c         0x00000000   Number         0  printf7.o ABSOLUTE
    ../clib/microlib/printf/printf.c         0x00000000   Number         0  printfa.o ABSOLUTE
    ../clib/microlib/printf/printf.c         0x00000000   Number         0  printf8.o ABSOLUTE
    ../clib/microlib/printf/printf.c         0x00000000   Number         0  printfb.o ABSOLUTE
    ../clib/microlib/printf/printf.c         0x00000000   Number         0  printf0.o ABSOLUTE
    ../clib/microlib/printf/printf.c         0x00000000   Number         0  printf1.o ABSOLUTE
    ../clib/microlib/printf/printf.c         0x00000000   Number         0  printf5.o ABSOLUTE
    ../clib/microlib/printf/printf.c         0x00000000   Number         0  printf2.o ABSOLUTE
    ../clib/microlib/printf/printf.c         0x00000000   Number         0  printf3.o ABSOLUTE
    ../clib/microlib/stdio/streams.c         0x00000000   Number         0  stdout.o ABSOLUTE
    ../clib/microlib/stdlib/rand.c           0x00000000   Number         0  rand.o ABSOLUTE
    ../clib/microlib/string/memcpy.c         0x00000000   Number         0  memcpya.o ABSOLUTE
    ../clib/microlib/string/memcpy.c         0x00000000   Number         0  memcpyb.o ABSOLUTE
    ../clib/microlib/string/memset.c         0x00000000   Number         0  memset.o ABSOLUTE
    ../clib/microlib/string/memset.c         0x00000000   Number         0  memseta.o ABSOLUTE
    ../clib/microlib/stubs.s                 0x00000000   Number         0  iusefp.o ABSOLUTE
    ../fplib/microlib/fpadd.c                0x00000000   Number         0  dadd.o ABSOLUTE
    ../fplib/microlib/fpdiv.c                0x00000000   Number         0  ddiv.o ABSOLUTE
    ../fplib/microlib/fpepilogue.c           0x00000000   Number         0  depilogue.o ABSOLUTE
    ../fplib/microlib/fpfix.c                0x00000000   Number         0  dfixul.o ABSOLUTE
    ../fplib/microlib/fpmul.c                0x00000000   Number         0  dmul.o ABSOLUTE
    ..\Drivers\STM32F4xx_HAL_Driver\Src\stm32f4xx_hal.c 0x00000000   Number         0  stm32f4xx_hal.o ABSOLUTE
    ..\Drivers\STM32F4xx_HAL_Driver\Src\stm32f4xx_hal_cortex.c 0x00000000   Number         0  stm32f4xx_hal_cortex.o ABSOLUTE
    ..\Drivers\STM32F4xx_HAL_Driver\Src\stm32f4xx_hal_dma.c 0x00000000   Number         0  stm32f4xx_hal_dma.o ABSOLUTE
    ..\Drivers\STM32F4xx_HAL_Driver\Src\stm32f4xx_hal_dma_ex.c 0x00000000   Number         0  stm32f4xx_hal_dma_ex.o ABSOLUTE
    ..\Drivers\STM32F4xx_HAL_Driver\Src\stm32f4xx_hal_exti.c 0x00000000   Number         0  stm32f4xx_hal_exti.o ABSOLUTE
    ..\Drivers\STM32F4xx_HAL_Driver\Src\stm32f4xx_hal_flash.c 0x00000000   Number         0  stm32f4xx_hal_flash.o ABSOLUTE
    ..\Drivers\STM32F4xx_HAL_Driver\Src\stm32f4xx_hal_flash_ex.c 0x00000000   Number         0  stm32f4xx_hal_flash_ex.o ABSOLUTE
    ..\Drivers\STM32F4xx_HAL_Driver\Src\stm32f4xx_hal_flash_ramfunc.c 0x00000000   Number         0  stm32f4xx_hal_flash_ramfunc.o ABSOLUTE
    ..\Drivers\STM32F4xx_HAL_Driver\Src\stm32f4xx_hal_gpio.c 0x00000000   Number         0  stm32f4xx_hal_gpio.o ABSOLUTE
    ..\Drivers\STM32F4xx_HAL_Driver\Src\stm32f4xx_hal_pwr.c 0x00000000   Number         0  stm32f4xx_hal_pwr.o ABSOLUTE
    ..\Drivers\STM32F4xx_HAL_Driver\Src\stm32f4xx_hal_pwr_ex.c 0x00000000   Number         0  stm32f4xx_hal_pwr_ex.o ABSOLUTE
    ..\Drivers\STM32F4xx_HAL_Driver\Src\stm32f4xx_hal_rcc.c 0x00000000   Number         0  stm32f4xx_hal_rcc.o ABSOLUTE
    ..\Drivers\STM32F4xx_HAL_Driver\Src\stm32f4xx_hal_rcc_ex.c 0x00000000   Number         0  stm32f4xx_hal_rcc_ex.o ABSOLUTE
    ..\Drivers\STM32F4xx_HAL_Driver\Src\stm32f4xx_hal_tim.c 0x00000000   Number         0  stm32f4xx_hal_tim.o ABSOLUTE
    ..\Drivers\STM32F4xx_HAL_Driver\Src\stm32f4xx_hal_tim_ex.c 0x00000000   Number         0  stm32f4xx_hal_tim_ex.o ABSOLUTE
    ..\Drivers\STM32F4xx_HAL_Driver\Src\stm32f4xx_hal_uart.c 0x00000000   Number         0  stm32f4xx_hal_uart.o ABSOLUTE
    ..\Middlewares\Third_Party\FreeRTOS\Source\CMSIS_RTOS\cmsis_os.c 0x00000000   Number         0  cmsis_os.o ABSOLUTE
    ..\Middlewares\Third_Party\FreeRTOS\Source\portable\RVDS\ARM_CM4F\port.c 0x00000000   Number         0  port.o ABSOLUTE
    ..\Src\freertos.c                        0x00000000   Number         0  freertos.o ABSOLUTE
    ..\Src\main.c                            0x00000000   Number         0  main.o ABSOLUTE
    ..\Src\stm32f4xx_hal_msp.c               0x00000000   Number         0  stm32f4xx_hal_msp.o ABSOLUTE
    ..\Src\stm32f4xx_hal_timebase_tim.c      0x00000000   Number         0  stm32f4xx_hal_timebase_tim.o ABSOLUTE
    ..\Src\stm32f4xx_it.c                    0x00000000   Number         0  stm32f4xx_it.o ABSOLUTE
    ..\Src\system_stm32f4xx.c                0x00000000   Number         0  system_stm32f4xx_1.o ABSOLUTE
    ..\Src\uoled.c                           0x00000000   Number         0  uoled.o ABSOLUTE
    ..\\Src\\uoled.c                         0x00000000   Number         0  uoled.o ABSOLUTE
    cdrcmple.s                               0x00000000   Number         0  cdrcmple.o ABSOLUTE
    dc.s                                     0x00000000   Number         0  dc.o ABSOLUTE
    handlers.s                               0x00000000   Number         0  handlers.o ABSOLUTE
    init.s                                   0x00000000   Number         0  init.o ABSOLUTE
    startup_stm32f446xx.s                    0x00000000   Number         0  startup_stm32f446xx.o ABSOLUTE
    RESET                                    0x08000000   Section      452  startup_stm32f446xx.o(RESET)
    .ARM.Collect$$$$00000000                 0x080001c4   Section        0  entry.o(.ARM.Collect$$$$00000000)
    .ARM.Collect$$$$00000001                 0x080001c4   Section        4  entry2.o(.ARM.Collect$$$$00000001)
    .ARM.Collect$$$$00000004                 0x080001c8   Section        4  entry5.o(.ARM.Collect$$$$00000004)
    .ARM.Collect$$$$00000008                 0x080001cc   Section        0  entry7b.o(.ARM.Collect$$$$00000008)
    .ARM.Collect$$$$0000000A                 0x080001cc   Section        0  entry8b.o(.ARM.Collect$$$$0000000A)
    .ARM.Collect$$$$0000000B                 0x080001cc   Section        8  entry9a.o(.ARM.Collect$$$$0000000B)
    .ARM.Collect$$$$0000000D                 0x080001d4   Section        0  entry10a.o(.ARM.Collect$$$$0000000D)
    .ARM.Collect$$$$0000000F                 0x080001d4   Section        0  entry11a.o(.ARM.Collect$$$$0000000F)
    .ARM.Collect$$$$00002712                 0x080001d4   Section        4  entry2.o(.ARM.Collect$$$$00002712)
    __lit__00000000                          0x080001d4   Data           4  entry2.o(.ARM.Collect$$$$00002712)
    .emb_text                                0x080001d8   Section      190  port.o(.emb_text)
    $v0                                      0x080001d8   Number         0  port.o(.emb_text)
    .text                                    0x08000298   Section       36  startup_stm32f446xx.o(.text)
    $v0                                      0x08000298   Number         0  startup_stm32f446xx.o(.text)
    .text                                    0x080002bc   Section        0  uldiv.o(.text)
    .text                                    0x08000320   Section        0  rand.o(.text)
    .text                                    0x08000344   Section        0  memcpya.o(.text)
    .text                                    0x08000368   Section        0  memseta.o(.text)
    .text                                    0x0800038c   Section        0  llshl.o(.text)
    .text                                    0x080003aa   Section        0  llushr.o(.text)
    .text                                    0x080003cc   Section       36  init.o(.text)
    i.BusFault_Handler                       0x080003f0   Section        0  stm32f4xx_it.o(i.BusFault_Handler)
    i.CallbackHorloge                        0x080003f4   Section        0  main.o(i.CallbackHorloge)
    i.DebugMon_Handler                       0x08000434   Section        0  stm32f4xx_it.o(i.DebugMon_Handler)
    i.GetAck                                 0x08000438   Section        0  uoled.o(i.GetAck)
    i.HAL_Delay                              0x08000458   Section        0  stm32f4xx_hal.o(i.HAL_Delay)
    i.HAL_GPIO_Init                          0x0800047c   Section        0  stm32f4xx_hal_gpio.o(i.HAL_GPIO_Init)
    i.HAL_GPIO_WritePin                      0x08000620   Section        0  stm32f4xx_hal_gpio.o(i.HAL_GPIO_WritePin)
    i.HAL_GetTick                            0x0800062c   Section        0  stm32f4xx_hal.o(i.HAL_GetTick)
    i.HAL_IncTick                            0x08000638   Section        0  stm32f4xx_hal.o(i.HAL_IncTick)
    i.HAL_Init                               0x08000648   Section        0  stm32f4xx_hal.o(i.HAL_Init)
    i.HAL_InitTick                           0x0800067c   Section        0  stm32f4xx_hal_timebase_tim.o(i.HAL_InitTick)
    i.HAL_MspInit                            0x080006f0   Section        0  stm32f4xx_hal_msp.o(i.HAL_MspInit)
    i.HAL_NVIC_EnableIRQ                     0x08000728   Section        0  stm32f4xx_hal_cortex.o(i.HAL_NVIC_EnableIRQ)
    i.HAL_NVIC_SetPriority                   0x08000744   Section        0  stm32f4xx_hal_cortex.o(i.HAL_NVIC_SetPriority)
    i.HAL_NVIC_SetPriorityGrouping           0x08000784   Section        0  stm32f4xx_hal_cortex.o(i.HAL_NVIC_SetPriorityGrouping)
    i.HAL_RCC_ClockConfig                    0x080007a8   Section        0  stm32f4xx_hal_rcc.o(i.HAL_RCC_ClockConfig)
    i.HAL_RCC_GetClockConfig                 0x080008dc   Section        0  stm32f4xx_hal_rcc.o(i.HAL_RCC_GetClockConfig)
    i.HAL_RCC_GetPCLK1Freq                   0x0800091c   Section        0  stm32f4xx_hal_rcc.o(i.HAL_RCC_GetPCLK1Freq)
    i.HAL_RCC_GetPCLK2Freq                   0x0800093c   Section        0  stm32f4xx_hal_rcc.o(i.HAL_RCC_GetPCLK2Freq)
    i.HAL_RCC_GetSysClockFreq                0x0800095c   Section        0  stm32f4xx_hal_rcc_ex.o(i.HAL_RCC_GetSysClockFreq)
    i.HAL_RCC_OscConfig                      0x080009f4   Section        0  stm32f4xx_hal_rcc_ex.o(i.HAL_RCC_OscConfig)
    i.HAL_TIMEx_BreakCallback                0x08000d24   Section        0  stm32f4xx_hal_tim_ex.o(i.HAL_TIMEx_BreakCallback)
    i.HAL_TIMEx_CommutCallback               0x08000d26   Section        0  stm32f4xx_hal_tim_ex.o(i.HAL_TIMEx_CommutCallback)
    i.HAL_TIM_Base_Init                      0x08000d28   Section        0  stm32f4xx_hal_tim.o(i.HAL_TIM_Base_Init)
    i.HAL_TIM_Base_MspInit                   0x08000d5e   Section        0  stm32f4xx_hal_tim.o(i.HAL_TIM_Base_MspInit)
    i.HAL_TIM_Base_Start_IT                  0x08000d60   Section        0  stm32f4xx_hal_tim.o(i.HAL_TIM_Base_Start_IT)
    i.HAL_TIM_IC_CaptureCallback             0x08000d82   Section        0  stm32f4xx_hal_tim.o(i.HAL_TIM_IC_CaptureCallback)
    i.HAL_TIM_IRQHandler                     0x08000d84   Section        0  stm32f4xx_hal_tim.o(i.HAL_TIM_IRQHandler)
    i.HAL_TIM_OC_DelayElapsedCallback        0x08000eea   Section        0  stm32f4xx_hal_tim.o(i.HAL_TIM_OC_DelayElapsedCallback)
    i.HAL_TIM_PWM_PulseFinishedCallback      0x08000eec   Section        0  stm32f4xx_hal_tim.o(i.HAL_TIM_PWM_PulseFinishedCallback)
    i.HAL_TIM_PeriodElapsedCallback          0x08000ef0   Section        0  main.o(i.HAL_TIM_PeriodElapsedCallback)
    i.HAL_TIM_TriggerCallback                0x08000f04   Section        0  stm32f4xx_hal_tim.o(i.HAL_TIM_TriggerCallback)
    i.HAL_UART_Init                          0x08000f06   Section        0  stm32f4xx_hal_uart.o(i.HAL_UART_Init)
    i.HAL_UART_MspInit                       0x08000f68   Section        0  stm32f4xx_hal_msp.o(i.HAL_UART_MspInit)
    i.HAL_UART_Receive                       0x08001008   Section        0  stm32f4xx_hal_uart.o(i.HAL_UART_Receive)
    i.HAL_UART_Transmit                      0x080010c2   Section        0  stm32f4xx_hal_uart.o(i.HAL_UART_Transmit)
    i.HardFault_Handler                      0x0800117c   Section        0  stm32f4xx_it.o(i.HardFault_Handler)
    i.MX_GPIO_Init                           0x08001180   Section        0  main.o(i.MX_GPIO_Init)
    MX_GPIO_Init                             0x08001181   Thumb Code   134  main.o(i.MX_GPIO_Init)
    i.MemManage_Handler                      0x08001214   Section        0  stm32f4xx_it.o(i.MemManage_Handler)
    i.NMI_Handler                            0x08001216   Section        0  stm32f4xx_it.o(i.NMI_Handler)
    i.StartDecodManch                        0x08001218   Section        0  main.o(i.StartDecodManch)
    i.StartGestEcran                         0x08001220   Section        0  main.o(i.StartGestEcran)
    i.StartGestLed                           0x080013c4   Section        0  main.o(i.StartGestLed)
    i.StartGestRadio                         0x080013cc   Section        0  main.o(i.StartGestRadio)
    i.StartGestTours                         0x080013d4   Section        0  main.o(i.StartGestTours)
    i.StartReinit                            0x0800143c   Section        0  main.o(i.StartReinit)
    i.SysTick_Handler                        0x08001444   Section        0  port.o(i.SysTick_Handler)
    i.SystemClock_Config                     0x08001470   Section        0  main.o(i.SystemClock_Config)
    i.SystemInit                             0x080014e4   Section        0  system_stm32f4xx_1.o(i.SystemInit)
    i.TIM1_UP_TIM10_IRQHandler               0x08001538   Section        0  stm32f4xx_it.o(i.TIM1_UP_TIM10_IRQHandler)
    i.TIM_Base_SetConfig                     0x08001544   Section        0  stm32f4xx_hal_tim.o(i.TIM_Base_SetConfig)
    i.UART_SetConfig                         0x0800160c   Section        0  stm32f4xx_hal_uart.o(i.UART_SetConfig)
    UART_SetConfig                           0x0800160d   Thumb Code   288  stm32f4xx_hal_uart.o(i.UART_SetConfig)
    i.UART_WaitOnFlagUntilTimeout            0x08001734   Section        0  stm32f4xx_hal_uart.o(i.UART_WaitOnFlagUntilTimeout)
    UART_WaitOnFlagUntilTimeout              0x08001735   Thumb Code    98  stm32f4xx_hal_uart.o(i.UART_WaitOnFlagUntilTimeout)
    i.UsageFault_Handler                     0x08001796   Section        0  stm32f4xx_it.o(i.UsageFault_Handler)
    i.__0printf$bare                         0x08001798   Section        0  printfb.o(i.__0printf$bare)
    i.__NVIC_SetPriority                     0x080017a8   Section        0  stm32f4xx_hal_cortex.o(i.__NVIC_SetPriority)
    __NVIC_SetPriority                       0x080017a9   Thumb Code    32  stm32f4xx_hal_cortex.o(i.__NVIC_SetPriority)
    i.__scatterload_copy                     0x080017c8   Section       14  handlers.o(i.__scatterload_copy)
    i.__scatterload_null                     0x080017d6   Section        2  handlers.o(i.__scatterload_null)
    i.__scatterload_zeroinit                 0x080017d8   Section       14  handlers.o(i.__scatterload_zeroinit)
    i._printf_core                           0x080017e6   Section        0  printfb.o(i._printf_core)
    _printf_core                             0x080017e7   Thumb Code    34  printfb.o(i._printf_core)
    i.fputc                                  0x08001808   Section        0  main.o(i.fputc)
    i.gfx_Cls                                0x08001820   Section        0  uoled.o(i.gfx_Cls)
    i.gfx_Rectangle                          0x080018d8   Section        0  uoled.o(i.gfx_Rectangle)
    i.gfx_RectangleFilled                    0x080019c8   Section        0  uoled.o(i.gfx_RectangleFilled)
    i.inHandlerMode                          0x08001ac4   Section        0  cmsis_os.o(i.inHandlerMode)
    inHandlerMode                            0x08001ac5   Thumb Code    12  cmsis_os.o(i.inHandlerMode)
    i.main                                   0x08001ad0   Section        0  main.o(i.main)
    i.makeFreeRtosPriority                   0x08001c10   Section        0  cmsis_os.o(i.makeFreeRtosPriority)
    makeFreeRtosPriority                     0x08001c11   Thumb Code    12  cmsis_os.o(i.makeFreeRtosPriority)
    i.osDelay                                0x08001c1c   Section        0  cmsis_os.o(i.osDelay)
    i.osKernelStart                          0x08001c2a   Section        0  cmsis_os.o(i.osKernelStart)
    i.osSemaphoreCreate                      0x08001c34   Section        0  cmsis_os.o(i.osSemaphoreCreate)
    i.osSemaphoreRelease                     0x08001c74   Section        0  cmsis_os.o(i.osSemaphoreRelease)
    i.osSemaphoreWait                        0x08001cc4   Section        0  cmsis_os.o(i.osSemaphoreWait)
    i.osSignalSet                            0x08001d28   Section        0  cmsis_os.o(i.osSignalSet)
    i.osSignalWait                           0x08001d84   Section        0  cmsis_os.o(i.osSignalWait)
    i.osThreadCreate                         0x08001dda   Section        0  cmsis_os.o(i.osThreadCreate)
    i.osTimerCreate                          0x08001e30   Section        0  cmsis_os.o(i.osTimerCreate)
    i.osTimerStart                           0x08001e6c   Section        0  cmsis_os.o(i.osTimerStart)
    i.prvAddCurrentTaskToDelayedList         0x08001ecc   Section        0  tasks.o(i.prvAddCurrentTaskToDelayedList)
    prvAddCurrentTaskToDelayedList           0x08001ecd   Thumb Code   102  tasks.o(i.prvAddCurrentTaskToDelayedList)
    i.prvAddNewTaskToReadyList               0x08001f3c   Section        0  tasks.o(i.prvAddNewTaskToReadyList)
    prvAddNewTaskToReadyList                 0x08001f3d   Thumb Code   194  tasks.o(i.prvAddNewTaskToReadyList)
    i.prvCheckForValidListAndQueue           0x0800200c   Section        0  timers.o(i.prvCheckForValidListAndQueue)
    prvCheckForValidListAndQueue             0x0800200d   Thumb Code    72  timers.o(i.prvCheckForValidListAndQueue)
    i.prvCopyDataFromQueue                   0x08002064   Section        0  queue.o(i.prvCopyDataFromQueue)
    prvCopyDataFromQueue                     0x08002065   Thumb Code    38  queue.o(i.prvCopyDataFromQueue)
    i.prvCopyDataToQueue                     0x0800208a   Section        0  queue.o(i.prvCopyDataToQueue)
    prvCopyDataToQueue                       0x0800208b   Thumb Code    90  queue.o(i.prvCopyDataToQueue)
    i.prvDeleteTCB                           0x080020e4   Section        0  tasks.o(i.prvDeleteTCB)
    prvDeleteTCB                             0x080020e5   Thumb Code    52  tasks.o(i.prvDeleteTCB)
    i.prvHeapInit                            0x08002118   Section        0  heap_4.o(i.prvHeapInit)
    prvHeapInit                              0x08002119   Thumb Code    66  heap_4.o(i.prvHeapInit)
    i.prvIdleTask                            0x08002164   Section        0  tasks.o(i.prvIdleTask)
    prvIdleTask                              0x08002165   Thumb Code    80  tasks.o(i.prvIdleTask)
    i.prvInitialiseNewQueue                  0x080021c0   Section        0  queue.o(i.prvInitialiseNewQueue)
    prvInitialiseNewQueue                    0x080021c1   Thumb Code    22  queue.o(i.prvInitialiseNewQueue)
    i.prvInitialiseNewTask                   0x080021d6   Section        0  tasks.o(i.prvInitialiseNewTask)
    prvInitialiseNewTask                     0x080021d7   Thumb Code   138  tasks.o(i.prvInitialiseNewTask)
    i.prvInitialiseNewTimer                  0x08002260   Section        0  timers.o(i.prvInitialiseNewTimer)
    prvInitialiseNewTimer                    0x08002261   Thumb Code    68  timers.o(i.prvInitialiseNewTimer)
    i.prvInsertBlockIntoFreeList             0x080022a4   Section        0  heap_4.o(i.prvInsertBlockIntoFreeList)
    prvInsertBlockIntoFreeList               0x080022a5   Thumb Code    72  heap_4.o(i.prvInsertBlockIntoFreeList)
    i.prvInsertTimerInActiveList             0x080022f0   Section        0  timers.o(i.prvInsertTimerInActiveList)
    prvInsertTimerInActiveList               0x080022f1   Thumb Code    52  timers.o(i.prvInsertTimerInActiveList)
    i.prvIsQueueEmpty                        0x08002328   Section        0  queue.o(i.prvIsQueueEmpty)
    prvIsQueueEmpty                          0x08002329   Thumb Code    26  queue.o(i.prvIsQueueEmpty)
    i.prvProcessReceivedCommands             0x08002344   Section        0  timers.o(i.prvProcessReceivedCommands)
    prvProcessReceivedCommands               0x08002345   Thumb Code   184  timers.o(i.prvProcessReceivedCommands)
    i.prvProcessTimerOrBlockTask             0x08002400   Section        0  timers.o(i.prvProcessTimerOrBlockTask)
    prvProcessTimerOrBlockTask               0x08002401   Thumb Code   172  timers.o(i.prvProcessTimerOrBlockTask)
    i.prvResetNextTaskUnblockTime            0x080024b4   Section        0  tasks.o(i.prvResetNextTaskUnblockTime)
    prvResetNextTaskUnblockTime              0x080024b5   Thumb Code    26  tasks.o(i.prvResetNextTaskUnblockTime)
    i.prvSampleTimeNow                       0x080024d4   Section        0  timers.o(i.prvSampleTimeNow)
    prvSampleTimeNow                         0x080024d5   Thumb Code    36  timers.o(i.prvSampleTimeNow)
    i.prvSwitchTimerLists                    0x080024fc   Section        0  timers.o(i.prvSwitchTimerLists)
    prvSwitchTimerLists                      0x080024fd   Thumb Code   102  timers.o(i.prvSwitchTimerLists)
    i.prvTaskExitError                       0x08002568   Section        0  port.o(i.prvTaskExitError)
    prvTaskExitError                         0x08002569   Thumb Code    36  port.o(i.prvTaskExitError)
    i.prvTimerTask                           0x08002590   Section        0  timers.o(i.prvTimerTask)
    prvTimerTask                             0x08002591   Thumb Code    34  timers.o(i.prvTimerTask)
    i.prvUnlockQueue                         0x080025b8   Section        0  queue.o(i.prvUnlockQueue)
    prvUnlockQueue                           0x080025b9   Thumb Code   106  queue.o(i.prvUnlockQueue)
    i.putCH                                  0x08002624   Section        0  uoled.o(i.putCH)
    i.putINT                                 0x0800267c   Section        0  uoled.o(i.putINT)
    i.pvPortMalloc                           0x080026b4   Section        0  heap_4.o(i.pvPortMalloc)
    i.pxPortInitialiseStack                  0x0800278c   Section        0  port.o(i.pxPortInitialiseStack)
    i.setbaudWait                            0x080027b8   Section        0  uoled.o(i.setbaudWait)
    i.txt_BGcolour                           0x08002820   Section        0  uoled.o(i.txt_BGcolour)
    i.txt_FGcolour                           0x08002878   Section        0  uoled.o(i.txt_FGcolour)
    i.txt_MoveCursor                         0x080028d0   Section        0  uoled.o(i.txt_MoveCursor)
    i.uxListRemove                           0x0800294c   Section        0  list.o(i.uxListRemove)
    i.vApplicationGetIdleTaskMemory          0x08002974   Section        0  freertos.o(i.vApplicationGetIdleTaskMemory)
    i.vApplicationGetTimerTaskMemory         0x08002988   Section        0  freertos.o(i.vApplicationGetTimerTaskMemory)
    i.vApplicationTickHook                   0x080029a0   Section        0  freertos.o(i.vApplicationTickHook)
    i.vListInitialise                        0x080029a2   Section        0  list.o(i.vListInitialise)
    i.vListInitialiseItem                    0x080029b8   Section        0  list.o(i.vListInitialiseItem)
    i.vListInsert                            0x080029be   Section        0  list.o(i.vListInsert)
    i.vListInsertEnd                         0x080029ee   Section        0  list.o(i.vListInsertEnd)
    i.vPortEnterCritical                     0x08002a08   Section        0  port.o(i.vPortEnterCritical)
    i.vPortExitCritical                      0x08002a48   Section        0  port.o(i.vPortExitCritical)
    i.vPortFree                              0x08002a70   Section        0  heap_4.o(i.vPortFree)
    i.vPortSetupTimerInterrupt               0x08002acc   Section        0  port.o(i.vPortSetupTimerInterrupt)
    i.vPortValidateInterruptPriority         0x08002af0   Section        0  port.o(i.vPortValidateInterruptPriority)
    i.vQueueAddToRegistry                    0x08002b44   Section        0  queue.o(i.vQueueAddToRegistry)
    i.vQueueWaitForMessageRestricted         0x08002b68   Section        0  queue.o(i.vQueueWaitForMessageRestricted)
    i.vTaskDelay                             0x08002bac   Section        0  tasks.o(i.vTaskDelay)
    i.vTaskInternalSetTimeOutState           0x08002bf8   Section        0  tasks.o(i.vTaskInternalSetTimeOutState)
    i.vTaskMissedYield                       0x08002c08   Section        0  tasks.o(i.vTaskMissedYield)
    i.vTaskPlaceOnEventList                  0x08002c14   Section        0  tasks.o(i.vTaskPlaceOnEventList)
    i.vTaskPlaceOnEventListRestricted        0x08002c44   Section        0  tasks.o(i.vTaskPlaceOnEventListRestricted)
    i.vTaskStartScheduler                    0x08002c7c   Section        0  tasks.o(i.vTaskStartScheduler)
    i.vTaskSuspendAll                        0x08002d00   Section        0  tasks.o(i.vTaskSuspendAll)
    i.vTaskSwitchContext                     0x08002d10   Section        0  tasks.o(i.vTaskSwitchContext)
    i.xPortStartScheduler                    0x08002d6c   Section        0  port.o(i.xPortStartScheduler)
    i.xQueueGenericCreate                    0x08002e60   Section        0  queue.o(i.xQueueGenericCreate)
    i.xQueueGenericCreateStatic              0x08002ea8   Section        0  queue.o(i.xQueueGenericCreateStatic)
    i.xQueueGenericReset                     0x08002f10   Section        0  queue.o(i.xQueueGenericReset)
    i.xQueueGenericSend                      0x08002f98   Section        0  queue.o(i.xQueueGenericSend)
    i.xQueueGenericSendFromISR               0x080030fc   Section        0  queue.o(i.xQueueGenericSendFromISR)
    i.xQueueGiveFromISR                      0x080031b8   Section        0  queue.o(i.xQueueGiveFromISR)
    i.xQueueReceive                          0x08003254   Section        0  queue.o(i.xQueueReceive)
    i.xQueueReceiveFromISR                   0x0800338c   Section        0  queue.o(i.xQueueReceiveFromISR)
    i.xQueueSemaphoreTake                    0x08003428   Section        0  queue.o(i.xQueueSemaphoreTake)
    i.xTaskCheckForTimeOut                   0x08003550   Section        0  tasks.o(i.xTaskCheckForTimeOut)
    i.xTaskCreate                            0x080035c4   Section        0  tasks.o(i.xTaskCreate)
    i.xTaskCreateStatic                      0x0800361e   Section        0  tasks.o(i.xTaskCreateStatic)
    i.xTaskGenericNotify                     0x08003678   Section        0  tasks.o(i.xTaskGenericNotify)
    i.xTaskGenericNotifyFromISR              0x08003744   Section        0  tasks.o(i.xTaskGenericNotifyFromISR)
    i.xTaskGetSchedulerState                 0x08003834   Section        0  tasks.o(i.xTaskGetSchedulerState)
    i.xTaskGetTickCount                      0x08003850   Section        0  tasks.o(i.xTaskGetTickCount)
    i.xTaskIncrementTick                     0x0800385c   Section        0  tasks.o(i.xTaskIncrementTick)
    i.xTaskNotifyWait                        0x08003930   Section        0  tasks.o(i.xTaskNotifyWait)
    i.xTaskRemoveFromEventList               0x080039bc   Section        0  tasks.o(i.xTaskRemoveFromEventList)
    i.xTaskResumeAll                         0x08003a30   Section        0  tasks.o(i.xTaskResumeAll)
    i.xTimerCreate                           0x08003af4   Section        0  timers.o(i.xTimerCreate)
    i.xTimerCreateStatic                     0x08003b28   Section        0  timers.o(i.xTimerCreateStatic)
    i.xTimerCreateTimerTask                  0x08003b58   Section        0  timers.o(i.xTimerCreateTimerTask)
    i.xTimerGenericCommand                   0x08003bb8   Section        0  timers.o(i.xTimerGenericCommand)
    .constdata                               0x08003c14   Section      176  main.o(.constdata)
    .constdata                               0x08003cc4   Section       16  system_stm32f4xx_1.o(.constdata)
    .constdata                               0x08003cd4   Section        8  system_stm32f4xx_1.o(.constdata)
    .conststring                             0x08003cdc   Section       63  main.o(.conststring)
    .data                                    0x20000000   Section       56  main.o(.data)
    .data                                    0x20000038   Section        4  system_stm32f4xx_1.o(.data)
    .data                                    0x2000003c   Section       12  stm32f4xx_hal.o(.data)
    .data                                    0x20000048   Section       60  tasks.o(.data)
    pxDelayedTaskList                        0x2000004c   Data           4  tasks.o(.data)
    pxOverflowDelayedTaskList                0x20000050   Data           4  tasks.o(.data)
    uxDeletedTasksWaitingCleanUp             0x20000054   Data           4  tasks.o(.data)
    uxCurrentNumberOfTasks                   0x20000058   Data           4  tasks.o(.data)
    xTickCount                               0x2000005c   Data           4  tasks.o(.data)
    uxTopReadyPriority                       0x20000060   Data           4  tasks.o(.data)
    xSchedulerRunning                        0x20000064   Data           4  tasks.o(.data)
    uxPendedTicks                            0x20000068   Data           4  tasks.o(.data)
    xYieldPending                            0x2000006c   Data           4  tasks.o(.data)
    xNumOfOverflows                          0x20000070   Data           4  tasks.o(.data)
    uxTaskNumber                             0x20000074   Data           4  tasks.o(.data)
    xNextTaskUnblockTime                     0x20000078   Data           4  tasks.o(.data)
    xIdleTaskHandle                          0x2000007c   Data           4  tasks.o(.data)
    uxSchedulerSuspended                     0x20000080   Data           4  tasks.o(.data)
    .data                                    0x20000084   Section       20  timers.o(.data)
    pxCurrentTimerList                       0x20000084   Data           4  timers.o(.data)
    pxOverflowTimerList                      0x20000088   Data           4  timers.o(.data)
    xTimerQueue                              0x2000008c   Data           4  timers.o(.data)
    xTimerTaskHandle                         0x20000090   Data           4  timers.o(.data)
    xLastTime                                0x20000094   Data           4  timers.o(.data)
    .data                                    0x20000098   Section       24  heap_4.o(.data)
    pxEnd                                    0x20000098   Data           4  heap_4.o(.data)
    xFreeBytesRemaining                      0x2000009c   Data           4  heap_4.o(.data)
    xMinimumEverFreeBytesRemaining           0x200000a0   Data           4  heap_4.o(.data)
    xBlockAllocatedBit                       0x200000a4   Data           4  heap_4.o(.data)
    xStart                                   0x200000a8   Data           8  heap_4.o(.data)
    .data                                    0x200000b0   Section       12  port.o(.data)
    ucMaxSysCallPriority                     0x200000b0   Data           1  port.o(.data)
    uxCriticalNesting                        0x200000b4   Data           4  port.o(.data)
    ulMaxPRIGROUPValue                       0x200000b8   Data           4  port.o(.data)
    .data                                    0x200000bc   Section        4  rand.o(.data)
    _rand_state                              0x200000bc   Data           4  rand.o(.data)
    .data                                    0x200000c0   Section        4  stdout.o(.data)
    .bss                                     0x200000c4   Section      128  main.o(.bss)
    .bss                                     0x20000144   Section     1688  freertos.o(.bss)
    xIdleTaskTCBBuffer                       0x20000144   Data          76  freertos.o(.bss)
    xIdleStack                               0x20000190   Data         512  freertos.o(.bss)
    xTimerTaskTCBBuffer                      0x20000390   Data          76  freertos.o(.bss)
    xTimerStack                              0x200003dc   Data        1024  freertos.o(.bss)
    .bss                                     0x200007dc   Section       64  stm32f4xx_hal_timebase_tim.o(.bss)
    .bss                                     0x2000081c   Section       64  queue.o(.bss)
    .bss                                     0x2000085c   Section      240  tasks.o(.bss)
    pxReadyTasksLists                        0x2000085c   Data         140  tasks.o(.bss)
    xDelayedTaskList1                        0x200008e8   Data          20  tasks.o(.bss)
    xDelayedTaskList2                        0x200008fc   Data          20  tasks.o(.bss)
    xPendingReadyList                        0x20000910   Data          20  tasks.o(.bss)
    xTasksWaitingTermination                 0x20000924   Data          20  tasks.o(.bss)
    xSuspendedTaskList                       0x20000938   Data          20  tasks.o(.bss)
    .bss                                     0x2000094c   Section      232  timers.o(.bss)
    xActiveTimerList1                        0x2000094c   Data          20  timers.o(.bss)
    xActiveTimerList2                        0x20000960   Data          20  timers.o(.bss)
    xStaticTimerQueue                        0x20000974   Data          72  timers.o(.bss)
    ucStaticTimerQueueStorage                0x200009bc   Data         120  timers.o(.bss)
    .bss                                     0x20000a34   Section    15360  heap_4.o(.bss)
    ucHeap                                   0x20000a34   Data       15360  heap_4.o(.bss)
    STACK                                    0x20004638   Section     1024  startup_stm32f446xx.o(STACK)

    Global Symbols

    Symbol Name                              Value     Ov Type        Size  Object(Section)

    BuildAttributes$$THM_ISAv4$E$P$D$K$B$S$7EM$VFPi3$EXTD16$VFPS$VFMA$PE$A:L22UL41UL21$X:L11$S22US41US21$IEEE1$IW$USESV6$~STKCKD$USESV7$~SHL$OSPACE$ROPI$EBA8$MICROLIB$REQ8$PRES8$EABIv2 0x00000000   Number         0  anon$$obj.o ABSOLUTE
    __ARM_use_no_argv                        0x00000000   Number         0  main.o ABSOLUTE
    __cpp_initialize__aeabi_                  - Undefined Weak Reference
    __cxa_finalize                            - Undefined Weak Reference
    __decompress                              - Undefined Weak Reference
    _clock_init                               - Undefined Weak Reference
    _microlib_exit                            - Undefined Weak Reference
    __Vectors_Size                           0x000001c4   Number         0  startup_stm32f446xx.o ABSOLUTE
    __Vectors                                0x08000000   Data           4  startup_stm32f446xx.o(RESET)
    __Vectors_End                            0x080001c4   Data           0  startup_stm32f446xx.o(RESET)
    __main                                   0x080001c5   Thumb Code     0  entry.o(.ARM.Collect$$$$00000000)
    _main_stk                                0x080001c5   Thumb Code     0  entry2.o(.ARM.Collect$$$$00000001)
    _main_scatterload                        0x080001c9   Thumb Code     0  entry5.o(.ARM.Collect$$$$00000004)
    __main_after_scatterload                 0x080001cd   Thumb Code     0  entry5.o(.ARM.Collect$$$$00000004)
    _main_clock                              0x080001cd   Thumb Code     0  entry7b.o(.ARM.Collect$$$$00000008)
    _main_cpp_init                           0x080001cd   Thumb Code     0  entry8b.o(.ARM.Collect$$$$0000000A)
    _main_init                               0x080001cd   Thumb Code     0  entry9a.o(.ARM.Collect$$$$0000000B)
    __rt_final_cpp                           0x080001d5   Thumb Code     0  entry10a.o(.ARM.Collect$$$$0000000D)
    __rt_final_exit                          0x080001d5   Thumb Code     0  entry11a.o(.ARM.Collect$$$$0000000F)
    SVC_Handler                              0x080001d9   Thumb Code    28  port.o(.emb_text)
    __asm___6_port_c_39a90d8d__prvStartFirstTask 0x080001f9   Thumb Code    36  port.o(.emb_text)
    __asm___6_port_c_39a90d8d__prvEnableVFP  0x08000221   Thumb Code    16  port.o(.emb_text)
    PendSV_Handler                           0x08000235   Thumb Code    88  port.o(.emb_text)
    vPortGetIPSR                             0x08000291   Thumb Code     6  port.o(.emb_text)
    Reset_Handler                            0x08000299   Thumb Code     8  startup_stm32f446xx.o(.text)
    ADC_IRQHandler                           0x080002b3   Thumb Code     0  startup_stm32f446xx.o(.text)
    CAN1_RX0_IRQHandler                      0x080002b3   Thumb Code     0  startup_stm32f446xx.o(.text)
    CAN1_RX1_IRQHandler                      0x080002b3   Thumb Code     0  startup_stm32f446xx.o(.text)
    CAN1_SCE_IRQHandler                      0x080002b3   Thumb Code     0  startup_stm32f446xx.o(.text)
    CAN1_TX_IRQHandler                       0x080002b3   Thumb Code     0  startup_stm32f446xx.o(.text)
    CAN2_RX0_IRQHandler                      0x080002b3   Thumb Code     0  startup_stm32f446xx.o(.text)
    CAN2_RX1_IRQHandler                      0x080002b3   Thumb Code     0  startup_stm32f446xx.o(.text)
    CAN2_SCE_IRQHandler                      0x080002b3   Thumb Code     0  startup_stm32f446xx.o(.text)
    CAN2_TX_IRQHandler                       0x080002b3   Thumb Code     0  startup_stm32f446xx.o(.text)
    CEC_IRQHandler                           0x080002b3   Thumb Code     0  startup_stm32f446xx.o(.text)
    DCMI_IRQHandler                          0x080002b3   Thumb Code     0  startup_stm32f446xx.o(.text)
    DMA1_Stream0_IRQHandler                  0x080002b3   Thumb Code     0  startup_stm32f446xx.o(.text)
    DMA1_Stream1_IRQHandler                  0x080002b3   Thumb Code     0  startup_stm32f446xx.o(.text)
    DMA1_Stream2_IRQHandler                  0x080002b3   Thumb Code     0  startup_stm32f446xx.o(.text)
    DMA1_Stream3_IRQHandler                  0x080002b3   Thumb Code     0  startup_stm32f446xx.o(.text)
    DMA1_Stream4_IRQHandler                  0x080002b3   Thumb Code     0  startup_stm32f446xx.o(.text)
    DMA1_Stream5_IRQHandler                  0x080002b3   Thumb Code     0  startup_stm32f446xx.o(.text)
    DMA1_Stream6_IRQHandler                  0x080002b3   Thumb Code     0  startup_stm32f446xx.o(.text)
    DMA1_Stream7_IRQHandler                  0x080002b3   Thumb Code     0  startup_stm32f446xx.o(.text)
    DMA2_Stream0_IRQHandler                  0x080002b3   Thumb Code     0  startup_stm32f446xx.o(.text)
    DMA2_Stream1_IRQHandler                  0x080002b3   Thumb Code     0  startup_stm32f446xx.o(.text)
    DMA2_Stream2_IRQHandler                  0x080002b3   Thumb Code     0  startup_stm32f446xx.o(.text)
    DMA2_Stream3_IRQHandler                  0x080002b3   Thumb Code     0  startup_stm32f446xx.o(.text)
    DMA2_Stream4_IRQHandler                  0x080002b3   Thumb Code     0  startup_stm32f446xx.o(.text)
    DMA2_Stream5_IRQHandler                  0x080002b3   Thumb Code     0  startup_stm32f446xx.o(.text)
    DMA2_Stream6_IRQHandler                  0x080002b3   Thumb Code     0  startup_stm32f446xx.o(.text)
    DMA2_Stream7_IRQHandler                  0x080002b3   Thumb Code     0  startup_stm32f446xx.o(.text)
    EXTI0_IRQHandler                         0x080002b3   Thumb Code     0  startup_stm32f446xx.o(.text)
    EXTI15_10_IRQHandler                     0x080002b3   Thumb Code     0  startup_stm32f446xx.o(.text)
    EXTI1_IRQHandler                         0x080002b3   Thumb Code     0  startup_stm32f446xx.o(.text)
    EXTI2_IRQHandler                         0x080002b3   Thumb Code     0  startup_stm32f446xx.o(.text)
    EXTI3_IRQHandler                         0x080002b3   Thumb Code     0  startup_stm32f446xx.o(.text)
    EXTI4_IRQHandler                         0x080002b3   Thumb Code     0  startup_stm32f446xx.o(.text)
    EXTI9_5_IRQHandler                       0x080002b3   Thumb Code     0  startup_stm32f446xx.o(.text)
    FLASH_IRQHandler                         0x080002b3   Thumb Code     0  startup_stm32f446xx.o(.text)
    FMC_IRQHandler                           0x080002b3   Thumb Code     0  startup_stm32f446xx.o(.text)
    FPU_IRQHandler                           0x080002b3   Thumb Code     0  startup_stm32f446xx.o(.text)
    I2C1_ER_IRQHandler                       0x080002b3   Thumb Code     0  startup_stm32f446xx.o(.text)
    I2C1_EV_IRQHandler                       0x080002b3   Thumb Code     0  startup_stm32f446xx.o(.text)
    I2C2_ER_IRQHandler                       0x080002b3   Thumb Code     0  startup_stm32f446xx.o(.text)
    I2C2_EV_IRQHandler                       0x080002b3   Thumb Code     0  startup_stm32f446xx.o(.text)
    I2C3_ER_IRQHandler                       0x080002b3   Thumb Code     0  startup_stm32f446xx.o(.text)
    I2C3_EV_IRQHandler                       0x080002b3   Thumb Code     0  startup_stm32f446xx.o(.text)
    I2C4_Error_IRQHandler                    0x080002b3   Thumb Code     0  startup_stm32f446xx.o(.text)
    I2C4_Event_IRQHandler                    0x080002b3   Thumb Code     0  startup_stm32f446xx.o(.text)
    OTG_FS_IRQHandler                        0x080002b3   Thumb Code     0  startup_stm32f446xx.o(.text)
    OTG_FS_WKUP_IRQHandler                   0x080002b3   Thumb Code     0  startup_stm32f446xx.o(.text)
    OTG_HS_EP1_IN_IRQHandler                 0x080002b3   Thumb Code     0  startup_stm32f446xx.o(.text)
    OTG_HS_EP1_OUT_IRQHandler                0x080002b3   Thumb Code     0  startup_stm32f446xx.o(.text)
    OTG_HS_IRQHandler                        0x080002b3   Thumb Code     0  startup_stm32f446xx.o(.text)
    OTG_HS_WKUP_IRQHandler                   0x080002b3   Thumb Code     0  startup_stm32f446xx.o(.text)
    PVD_IRQHandler                           0x080002b3   Thumb Code     0  startup_stm32f446xx.o(.text)
    QUADSPI_IRQHandler                       0x080002b3   Thumb Code     0  startup_stm32f446xx.o(.text)
    RCC_IRQHandler                           0x080002b3   Thumb Code     0  startup_stm32f446xx.o(.text)
    RTC_Alarm_IRQHandler                     0x080002b3   Thumb Code     0  startup_stm32f446xx.o(.text)
    RTC_WKUP_IRQHandler                      0x080002b3   Thumb Code     0  startup_stm32f446xx.o(.text)
    SAI1_IRQHandler                          0x080002b3   Thumb Code     0  startup_stm32f446xx.o(.text)
    SAI2_IRQHandler                          0x080002b3   Thumb Code     0  startup_stm32f446xx.o(.text)
    SDIO_IRQHandler                          0x080002b3   Thumb Code     0  startup_stm32f446xx.o(.text)
    SPDIF_RX_IRQHandler                      0x080002b3   Thumb Code     0  startup_stm32f446xx.o(.text)
    SPI1_IRQHandler                          0x080002b3   Thumb Code     0  startup_stm32f446xx.o(.text)
    SPI2_IRQHandler                          0x080002b3   Thumb Code     0  startup_stm32f446xx.o(.text)
    SPI3_IRQHandler                          0x080002b3   Thumb Code     0  startup_stm32f446xx.o(.text)
    SPI4_IRQHandler                          0x080002b3   Thumb Code     0  startup_stm32f446xx.o(.text)
    TAMP_STAMP_IRQHandler                    0x080002b3   Thumb Code     0  startup_stm32f446xx.o(.text)
    TIM1_BRK_TIM9_IRQHandler                 0x080002b3   Thumb Code     0  startup_stm32f446xx.o(.text)
    TIM1_CC_IRQHandler                       0x080002b3   Thumb Code     0  startup_stm32f446xx.o(.text)
    TIM1_TRG_COM_TIM11_IRQHandler            0x080002b3   Thumb Code     0  startup_stm32f446xx.o(.text)
    TIM2_IRQHandler                          0x080002b3   Thumb Code     0  startup_stm32f446xx.o(.text)
    TIM3_IRQHandler                          0x080002b3   Thumb Code     0  startup_stm32f446xx.o(.text)
    TIM4_IRQHandler                          0x080002b3   Thumb Code     0  startup_stm32f446xx.o(.text)
    TIM5_IRQHandler                          0x080002b3   Thumb Code     0  startup_stm32f446xx.o(.text)
    TIM6_DAC_IRQHandler                      0x080002b3   Thumb Code     0  startup_stm32f446xx.o(.text)
    TIM7_IRQHandler                          0x080002b3   Thumb Code     0  startup_stm32f446xx.o(.text)
    TIM8_BRK_TIM12_IRQHandler                0x080002b3   Thumb Code     0  startup_stm32f446xx.o(.text)
    TIM8_CC_IRQHandler                       0x080002b3   Thumb Code     0  startup_stm32f446xx.o(.text)
    TIM8_TRG_COM_TIM14_IRQHandler            0x080002b3   Thumb Code     0  startup_stm32f446xx.o(.text)
    TIM8_UP_TIM13_IRQHandler                 0x080002b3   Thumb Code     0  startup_stm32f446xx.o(.text)
    UART4_IRQHandler                         0x080002b3   Thumb Code     0  startup_stm32f446xx.o(.text)
    UART5_IRQHandler                         0x080002b3   Thumb Code     0  startup_stm32f446xx.o(.text)
    USART1_IRQHandler                        0x080002b3   Thumb Code     0  startup_stm32f446xx.o(.text)
    USART2_IRQHandler                        0x080002b3   Thumb Code     0  startup_stm32f446xx.o(.text)
    USART3_IRQHandler                        0x080002b3   Thumb Code     0  startup_stm32f446xx.o(.text)
    USART6_IRQHandler                        0x080002b3   Thumb Code     0  startup_stm32f446xx.o(.text)
    WWDG_IRQHandler                          0x080002b3   Thumb Code     0  startup_stm32f446xx.o(.text)
    __aeabi_uldivmod                         0x080002bd   Thumb Code    98  uldiv.o(.text)
    rand                                     0x08000321   Thumb Code    20  rand.o(.text)
    srand                                    0x08000335   Thumb Code     6  rand.o(.text)
    __aeabi_memcpy                           0x08000345   Thumb Code    36  memcpya.o(.text)
    __aeabi_memcpy4                          0x08000345   Thumb Code     0  memcpya.o(.text)
    __aeabi_memcpy8                          0x08000345   Thumb Code     0  memcpya.o(.text)
    __aeabi_memset                           0x08000369   Thumb Code    14  memseta.o(.text)
    __aeabi_memset4                          0x08000369   Thumb Code     0  memseta.o(.text)
    __aeabi_memset8                          0x08000369   Thumb Code     0  memseta.o(.text)
    __aeabi_memclr                           0x08000377   Thumb Code     4  memseta.o(.text)
    __aeabi_memclr4                          0x08000377   Thumb Code     0  memseta.o(.text)
    __aeabi_memclr8                          0x08000377   Thumb Code     0  memseta.o(.text)
    memset                                   0x0800037b   Thumb Code    18  memseta.o(.text)
    __aeabi_llsl                             0x0800038d   Thumb Code    30  llshl.o(.text)
    _ll_shift_l                              0x0800038d   Thumb Code     0  llshl.o(.text)
    __aeabi_llsr                             0x080003ab   Thumb Code    32  llushr.o(.text)
    _ll_ushift_r                             0x080003ab   Thumb Code     0  llushr.o(.text)
    __scatterload                            0x080003cd   Thumb Code    28  init.o(.text)
    __scatterload_rt2                        0x080003cd   Thumb Code     0  init.o(.text)
    BusFault_Handler                         0x080003f1   Thumb Code     2  stm32f4xx_it.o(i.BusFault_Handler)
    CallbackHorloge                          0x080003f5   Thumb Code    42  main.o(i.CallbackHorloge)
    DebugMon_Handler                         0x08000435   Thumb Code     2  stm32f4xx_it.o(i.DebugMon_Handler)
    GetAck                                   0x08000439   Thumb Code    28  uoled.o(i.GetAck)
    HAL_Delay                                0x08000459   Thumb Code    32  stm32f4xx_hal.o(i.HAL_Delay)
    HAL_GPIO_Init                            0x0800047d   Thumb Code   380  stm32f4xx_hal_gpio.o(i.HAL_GPIO_Init)
    HAL_GPIO_WritePin                        0x08000621   Thumb Code    10  stm32f4xx_hal_gpio.o(i.HAL_GPIO_WritePin)
    HAL_GetTick                              0x0800062d   Thumb Code     6  stm32f4xx_hal.o(i.HAL_GetTick)
    HAL_IncTick                              0x08000639   Thumb Code    12  stm32f4xx_hal.o(i.HAL_IncTick)
    HAL_Init                                 0x08000649   Thumb Code    48  stm32f4xx_hal.o(i.HAL_Init)
    HAL_InitTick                             0x0800067d   Thumb Code    98  stm32f4xx_hal_timebase_tim.o(i.HAL_InitTick)
    HAL_MspInit                              0x080006f1   Thumb Code    52  stm32f4xx_hal_msp.o(i.HAL_MspInit)
    HAL_NVIC_EnableIRQ                       0x08000729   Thumb Code    26  stm32f4xx_hal_cortex.o(i.HAL_NVIC_EnableIRQ)
    HAL_NVIC_SetPriority                     0x08000745   Thumb Code    60  stm32f4xx_hal_cortex.o(i.HAL_NVIC_SetPriority)
    HAL_NVIC_SetPriorityGrouping             0x08000785   Thumb Code    26  stm32f4xx_hal_cortex.o(i.HAL_NVIC_SetPriorityGrouping)
    HAL_RCC_ClockConfig                      0x080007a9   Thumb Code   288  stm32f4xx_hal_rcc.o(i.HAL_RCC_ClockConfig)
    HAL_RCC_GetClockConfig                   0x080008dd   Thumb Code    54  stm32f4xx_hal_rcc.o(i.HAL_RCC_GetClockConfig)
    HAL_RCC_GetPCLK1Freq                     0x0800091d   Thumb Code    20  stm32f4xx_hal_rcc.o(i.HAL_RCC_GetPCLK1Freq)
    HAL_RCC_GetPCLK2Freq                     0x0800093d   Thumb Code    20  stm32f4xx_hal_rcc.o(i.HAL_RCC_GetPCLK2Freq)
    HAL_RCC_GetSysClockFreq                  0x0800095d   Thumb Code   140  stm32f4xx_hal_rcc_ex.o(i.HAL_RCC_GetSysClockFreq)
    HAL_RCC_OscConfig                        0x080009f5   Thumb Code   794  stm32f4xx_hal_rcc_ex.o(i.HAL_RCC_OscConfig)
    HAL_TIMEx_BreakCallback                  0x08000d25   Thumb Code     2  stm32f4xx_hal_tim_ex.o(i.HAL_TIMEx_BreakCallback)
    HAL_TIMEx_CommutCallback                 0x08000d27   Thumb Code     2  stm32f4xx_hal_tim_ex.o(i.HAL_TIMEx_CommutCallback)
    HAL_TIM_Base_Init                        0x08000d29   Thumb Code    54  stm32f4xx_hal_tim.o(i.HAL_TIM_Base_Init)
    HAL_TIM_Base_MspInit                     0x08000d5f   Thumb Code     2  stm32f4xx_hal_tim.o(i.HAL_TIM_Base_MspInit)
    HAL_TIM_Base_Start_IT                    0x08000d61   Thumb Code    34  stm32f4xx_hal_tim.o(i.HAL_TIM_Base_Start_IT)
    HAL_TIM_IC_CaptureCallback               0x08000d83   Thumb Code     2  stm32f4xx_hal_tim.o(i.HAL_TIM_IC_CaptureCallback)
    HAL_TIM_IRQHandler                       0x08000d85   Thumb Code   358  stm32f4xx_hal_tim.o(i.HAL_TIM_IRQHandler)
    HAL_TIM_OC_DelayElapsedCallback          0x08000eeb   Thumb Code     2  stm32f4xx_hal_tim.o(i.HAL_TIM_OC_DelayElapsedCallback)
    HAL_TIM_PWM_PulseFinishedCallback        0x08000eed   Thumb Code     2  stm32f4xx_hal_tim.o(i.HAL_TIM_PWM_PulseFinishedCallback)
    HAL_TIM_PeriodElapsedCallback            0x08000ef1   Thumb Code    14  main.o(i.HAL_TIM_PeriodElapsedCallback)
    HAL_TIM_TriggerCallback                  0x08000f05   Thumb Code     2  stm32f4xx_hal_tim.o(i.HAL_TIM_TriggerCallback)
    HAL_UART_Init                            0x08000f07   Thumb Code    98  stm32f4xx_hal_uart.o(i.HAL_UART_Init)
    HAL_UART_MspInit                         0x08000f69   Thumb Code   144  stm32f4xx_hal_msp.o(i.HAL_UART_MspInit)
    HAL_UART_Receive                         0x08001009   Thumb Code   186  stm32f4xx_hal_uart.o(i.HAL_UART_Receive)
    HAL_UART_Transmit                        0x080010c3   Thumb Code   186  stm32f4xx_hal_uart.o(i.HAL_UART_Transmit)
    HardFault_Handler                        0x0800117d   Thumb Code     2  stm32f4xx_it.o(i.HardFault_Handler)
    MemManage_Handler                        0x08001215   Thumb Code     2  stm32f4xx_it.o(i.MemManage_Handler)
    NMI_Handler                              0x08001217   Thumb Code     2  stm32f4xx_it.o(i.NMI_Handler)
    StartDecodManch                          0x08001219   Thumb Code     8  main.o(i.StartDecodManch)
    StartGestEcran                           0x08001221   Thumb Code   400  main.o(i.StartGestEcran)
    StartGestLed                             0x080013c5   Thumb Code     8  main.o(i.StartGestLed)
    StartGestRadio                           0x080013cd   Thumb Code     8  main.o(i.StartGestRadio)
    StartGestTours                           0x080013d5   Thumb Code    84  main.o(i.StartGestTours)
    StartReinit                              0x0800143d   Thumb Code     8  main.o(i.StartReinit)
    SysTick_Handler                          0x08001445   Thumb Code    38  port.o(i.SysTick_Handler)
    SystemClock_Config                       0x08001471   Thumb Code   106  main.o(i.SystemClock_Config)
    SystemInit                               0x080014e5   Thumb Code    66  system_stm32f4xx_1.o(i.SystemInit)
    TIM1_UP_TIM10_IRQHandler                 0x08001539   Thumb Code     6  stm32f4xx_it.o(i.TIM1_UP_TIM10_IRQHandler)
    TIM_Base_SetConfig                       0x08001545   Thumb Code   156  stm32f4xx_hal_tim.o(i.TIM_Base_SetConfig)
    UsageFault_Handler                       0x08001797   Thumb Code     2  stm32f4xx_it.o(i.UsageFault_Handler)
    __0printf$bare                           0x08001799   Thumb Code     8  printfb.o(i.__0printf$bare)
    __1printf$bare                           0x08001799   Thumb Code     0  printfb.o(i.__0printf$bare)
    __2printf                                0x08001799   Thumb Code     0  printfb.o(i.__0printf$bare)
    __scatterload_copy                       0x080017c9   Thumb Code    14  handlers.o(i.__scatterload_copy)
    __scatterload_null                       0x080017d7   Thumb Code     2  handlers.o(i.__scatterload_null)
    __scatterload_zeroinit                   0x080017d9   Thumb Code    14  handlers.o(i.__scatterload_zeroinit)
    fputc                                    0x08001809   Thumb Code    20  main.o(i.fputc)
    gfx_Cls                                  0x08001821   Thumb Code   174  uoled.o(i.gfx_Cls)
    gfx_Rectangle                            0x080018d9   Thumb Code   232  uoled.o(i.gfx_Rectangle)
    gfx_RectangleFilled                      0x080019c9   Thumb Code   244  uoled.o(i.gfx_RectangleFilled)
    main                                     0x08001ad1   Thumb Code   298  main.o(i.main)
    osDelay                                  0x08001c1d   Thumb Code    14  cmsis_os.o(i.osDelay)
    osKernelStart                            0x08001c2b   Thumb Code    10  cmsis_os.o(i.osKernelStart)
    osSemaphoreCreate                        0x08001c35   Thumb Code    62  cmsis_os.o(i.osSemaphoreCreate)
    osSemaphoreRelease                       0x08001c75   Thumb Code    74  cmsis_os.o(i.osSemaphoreRelease)
    osSemaphoreWait                          0x08001cc5   Thumb Code    96  cmsis_os.o(i.osSemaphoreWait)
    osSignalSet                              0x08001d29   Thumb Code    86  cmsis_os.o(i.osSignalSet)
    osSignalWait                             0x08001d85   Thumb Code    86  cmsis_os.o(i.osSignalWait)
    osThreadCreate                           0x08001ddb   Thumb Code    84  cmsis_os.o(i.osThreadCreate)
    osTimerCreate                            0x08001e31   Thumb Code    54  cmsis_os.o(i.osTimerCreate)
    osTimerStart                             0x08001e6d   Thumb Code    90  cmsis_os.o(i.osTimerStart)
    putCH                                    0x08002625   Thumb Code    80  uoled.o(i.putCH)
    putINT                                   0x0800267d   Thumb Code    54  uoled.o(i.putINT)
    pvPortMalloc                             0x080026b5   Thumb Code   210  heap_4.o(i.pvPortMalloc)
    pxPortInitialiseStack                    0x0800278d   Thumb Code    40  port.o(i.pxPortInitialiseStack)
    setbaudWait                              0x080027b9   Thumb Code    96  uoled.o(i.setbaudWait)
    txt_BGcolour                             0x08002821   Thumb Code    80  uoled.o(i.txt_BGcolour)
    txt_FGcolour                             0x08002879   Thumb Code    80  uoled.o(i.txt_FGcolour)
    txt_MoveCursor                           0x080028d1   Thumb Code   116  uoled.o(i.txt_MoveCursor)
    uxListRemove                             0x0800294d   Thumb Code    38  list.o(i.uxListRemove)
    vApplicationGetIdleTaskMemory            0x08002975   Thumb Code    16  freertos.o(i.vApplicationGetIdleTaskMemory)
    vApplicationGetTimerTaskMemory           0x08002989   Thumb Code    18  freertos.o(i.vApplicationGetTimerTaskMemory)
    vApplicationTickHook                     0x080029a1   Thumb Code     2  freertos.o(i.vApplicationTickHook)
    vListInitialise                          0x080029a3   Thumb Code    22  list.o(i.vListInitialise)
    vListInitialiseItem                      0x080029b9   Thumb Code     6  list.o(i.vListInitialiseItem)
    vListInsert                              0x080029bf   Thumb Code    48  list.o(i.vListInsert)
    vListInsertEnd                           0x080029ef   Thumb Code    24  list.o(i.vListInsertEnd)
    vPortEnterCritical                       0x08002a09   Thumb Code    54  port.o(i.vPortEnterCritical)
    vPortExitCritical                        0x08002a49   Thumb Code    34  port.o(i.vPortExitCritical)
    vPortFree                                0x08002a71   Thumb Code    88  heap_4.o(i.vPortFree)
    vPortSetupTimerInterrupt                 0x08002acd   Thumb Code    32  port.o(i.vPortSetupTimerInterrupt)
    vPortValidateInterruptPriority           0x08002af1   Thumb Code    74  port.o(i.vPortValidateInterruptPriority)
    vQueueAddToRegistry                      0x08002b45   Thumb Code    32  queue.o(i.vQueueAddToRegistry)
    vQueueWaitForMessageRestricted           0x08002b69   Thumb Code    68  queue.o(i.vQueueWaitForMessageRestricted)
    vTaskDelay                               0x08002bad   Thumb Code    66  tasks.o(i.vTaskDelay)
    vTaskInternalSetTimeOutState             0x08002bf9   Thumb Code    12  tasks.o(i.vTaskInternalSetTimeOutState)
    vTaskMissedYield                         0x08002c09   Thumb Code     8  tasks.o(i.vTaskMissedYield)
    vTaskPlaceOnEventList                    0x08002c15   Thumb Code    44  tasks.o(i.vTaskPlaceOnEventList)
    vTaskPlaceOnEventListRestricted          0x08002c45   Thumb Code    52  tasks.o(i.vTaskPlaceOnEventListRestricted)
    vTaskStartScheduler                      0x08002c7d   Thumb Code   116  tasks.o(i.vTaskStartScheduler)
    vTaskSuspendAll                          0x08002d01   Thumb Code    10  tasks.o(i.vTaskSuspendAll)
    vTaskSwitchContext                       0x08002d11   Thumb Code    82  tasks.o(i.vTaskSwitchContext)
    xPortStartScheduler                      0x08002d6d   Thumb Code   224  port.o(i.xPortStartScheduler)
    xQueueGenericCreate                      0x08002e61   Thumb Code    72  queue.o(i.xQueueGenericCreate)
    xQueueGenericCreateStatic                0x08002ea9   Thumb Code   102  queue.o(i.xQueueGenericCreateStatic)
    xQueueGenericReset                       0x08002f11   Thumb Code   132  queue.o(i.xQueueGenericReset)
    xQueueGenericSend                        0x08002f99   Thumb Code   350  queue.o(i.xQueueGenericSend)
    xQueueGenericSendFromISR                 0x080030fd   Thumb Code   188  queue.o(i.xQueueGenericSendFromISR)
    xQueueGiveFromISR                        0x080031b9   Thumb Code   156  queue.o(i.xQueueGiveFromISR)
    xQueueReceive                            0x08003255   Thumb Code   308  queue.o(i.xQueueReceive)
    xQueueReceiveFromISR                     0x0800338d   Thumb Code   154  queue.o(i.xQueueReceiveFromISR)
    xQueueSemaphoreTake                      0x08003429   Thumb Code   290  queue.o(i.xQueueSemaphoreTake)
    xTaskCheckForTimeOut                     0x08003551   Thumb Code   112  tasks.o(i.xTaskCheckForTimeOut)
    xTaskCreate                              0x080035c5   Thumb Code    90  tasks.o(i.xTaskCreate)
    xTaskCreateStatic                        0x0800361f   Thumb Code    90  tasks.o(i.xTaskCreateStatic)
    xTaskGenericNotify                       0x08003679   Thumb Code   190  tasks.o(i.xTaskGenericNotify)
    xTaskGenericNotifyFromISR                0x08003745   Thumb Code   230  tasks.o(i.xTaskGenericNotifyFromISR)
    xTaskGetSchedulerState                   0x08003835   Thumb Code    22  tasks.o(i.xTaskGetSchedulerState)
    xTaskGetTickCount                        0x08003851   Thumb Code     6  tasks.o(i.xTaskGetTickCount)
    xTaskIncrementTick                       0x0800385d   Thumb Code   202  tasks.o(i.xTaskIncrementTick)
    xTaskNotifyWait                          0x08003931   Thumb Code   130  tasks.o(i.xTaskNotifyWait)
    xTaskRemoveFromEventList                 0x080039bd   Thumb Code   108  tasks.o(i.xTaskRemoveFromEventList)
    xTaskResumeAll                           0x08003a31   Thumb Code   182  tasks.o(i.xTaskResumeAll)
    xTimerCreate                             0x08003af5   Thumb Code    52  timers.o(i.xTimerCreate)
    xTimerCreateStatic                       0x08003b29   Thumb Code    46  timers.o(i.xTimerCreateStatic)
    xTimerCreateTimerTask                    0x08003b59   Thumb Code    78  timers.o(i.xTimerCreateTimerTask)
    xTimerGenericCommand                     0x08003bb9   Thumb Code    88  timers.o(i.xTimerGenericCommand)
    AHBPrescTable                            0x08003cc4   Data          16  system_stm32f4xx_1.o(.constdata)
    APBPrescTable                            0x08003cd4   Data           8  system_stm32f4xx_1.o(.constdata)
    Region$$Table$$Base                      0x08003d1c   Number         0  anon$$obj.o(Region$$Table)
    Region$$Table$$Limit                     0x08003d3c   Number         0  anon$$obj.o(Region$$Table)
    anomalie                                 0x20000000   Data           1  main.o(.data)
    DecodManchHandle                         0x20000004   Data           4  main.o(.data)
    GestEcranHandle                          0x20000008   Data           4  main.o(.data)
    GestToursHandle                          0x2000000c   Data           4  main.o(.data)
    GestRadioHandle                          0x20000010   Data           4  main.o(.data)
    ReinitHandle                             0x20000014   Data           4  main.o(.data)
    GestLedHandle                            0x20000018   Data           4  main.o(.data)
    HorlogeHandle                            0x2000001c   Data           4  main.o(.data)
    PassageHandle                            0x20000020   Data           4  main.o(.data)
    ActuEcranHandle                          0x20000024   Data           4  main.o(.data)
    EnvoiHandle                              0x20000028   Data           4  main.o(.data)
    nbTour1                                  0x2000002c   Data           4  main.o(.data)
    nbTour2                                  0x20000030   Data           4  main.o(.data)
    endroit                                  0x20000034   Data           4  main.o(.data)
    SystemCoreClock                          0x20000038   Data           4  system_stm32f4xx_1.o(.data)
    uwTickFreq                               0x2000003c   Data           1  stm32f4xx_hal.o(.data)
    uwTickPrio                               0x20000040   Data           4  stm32f4xx_hal.o(.data)
    uwTick                                   0x20000044   Data           4  stm32f4xx_hal.o(.data)
    pxCurrentTCB                             0x20000048   Data           4  tasks.o(.data)
    __stdout                                 0x200000c0   Data           4  stdout.o(.data)
    huart4                                   0x200000c4   Data          64  main.o(.bss)
    huart2                                   0x20000104   Data          64  main.o(.bss)
    htim1                                    0x200007dc   Data          64  stm32f4xx_hal_timebase_tim.o(.bss)
    xQueueRegistry                           0x2000081c   Data          64  queue.o(.bss)
    __initial_sp                             0x20004a38   Data           0  startup_stm32f446xx.o(STACK)



==============================================================================

Memory Map of the image

  Image Entry point : 0x080001c5

  Load Region LR_IROM1 (Base: 0x08000000, Size: 0x00003e00, Max: 0x00080000, ABSOLUTE)

    Execution Region ER_IROM1 (Exec base: 0x08000000, Load base: 0x08000000, Size: 0x00003d3c, Max: 0x00080000, ABSOLUTE)

    Exec Addr    Load Addr    Size         Type   Attr      Idx    E Section Name        Object

    0x08000000   0x08000000   0x000001c4   Data   RO            3    RESET               startup_stm32f446xx.o
    0x080001c4   0x080001c4   0x00000000   Code   RO         4435  * .ARM.Collect$$$$00000000  mc_w.l(entry.o)
    0x080001c4   0x080001c4   0x00000004   Code   RO         4711    .ARM.Collect$$$$00000001  mc_w.l(entry2.o)
    0x080001c8   0x080001c8   0x00000004   Code   RO         4714    .ARM.Collect$$$$00000004  mc_w.l(entry5.o)
    0x080001cc   0x080001cc   0x00000000   Code   RO         4716    .ARM.Collect$$$$00000008  mc_w.l(entry7b.o)
    0x080001cc   0x080001cc   0x00000000   Code   RO         4718    .ARM.Collect$$$$0000000A  mc_w.l(entry8b.o)
    0x080001cc   0x080001cc   0x00000008   Code   RO         4719    .ARM.Collect$$$$0000000B  mc_w.l(entry9a.o)
    0x080001d4   0x080001d4   0x00000000   Code   RO         4721    .ARM.Collect$$$$0000000D  mc_w.l(entry10a.o)
    0x080001d4   0x080001d4   0x00000000   Code   RO         4723    .ARM.Collect$$$$0000000F  mc_w.l(entry11a.o)
    0x080001d4   0x080001d4   0x00000004   Code   RO         4712    .ARM.Collect$$$$00002712  mc_w.l(entry2.o)
    0x080001d8   0x080001d8   0x000000be   Code   RO         4358    .emb_text           port.o
    0x08000296   0x08000296   0x00000002   PAD
    0x08000298   0x08000298   0x00000024   Code   RO            4    .text               startup_stm32f446xx.o
    0x080002bc   0x080002bc   0x00000062   Code   RO         4438    .text               mc_w.l(uldiv.o)
    0x0800031e   0x0800031e   0x00000002   PAD
    0x08000320   0x08000320   0x00000024   Code   RO         4440    .text               mc_w.l(rand.o)
    0x08000344   0x08000344   0x00000024   Code   RO         4443    .text               mc_w.l(memcpya.o)
    0x08000368   0x08000368   0x00000024   Code   RO         4447    .text               mc_w.l(memseta.o)
    0x0800038c   0x0800038c   0x0000001e   Code   RO         4728    .text               mc_w.l(llshl.o)
    0x080003aa   0x080003aa   0x00000020   Code   RO         4730    .text               mc_w.l(llushr.o)
    0x080003ca   0x080003ca   0x00000002   PAD
    0x080003cc   0x080003cc   0x00000024   Code   RO         4743    .text               mc_w.l(init.o)
    0x080003f0   0x080003f0   0x00000002   Code   RO          426    i.BusFault_Handler  stm32f4xx_it.o
    0x080003f2   0x080003f2   0x00000002   PAD
    0x080003f4   0x080003f4   0x00000040   Code   RO          227    i.CallbackHorloge   main.o
    0x08000434   0x08000434   0x00000002   Code   RO          427    i.DebugMon_Handler  stm32f4xx_it.o
    0x08000436   0x08000436   0x00000002   PAD
    0x08000438   0x08000438   0x00000020   Code   RO           14    i.GetAck            uoled.o
    0x08000458   0x08000458   0x00000024   Code   RO         1586    i.HAL_Delay         stm32f4xx_hal.o
    0x0800047c   0x0800047c   0x000001a4   Code   RO         1042    i.HAL_GPIO_Init     stm32f4xx_hal_gpio.o
    0x08000620   0x08000620   0x0000000a   Code   RO         1046    i.HAL_GPIO_WritePin  stm32f4xx_hal_gpio.o
    0x0800062a   0x0800062a   0x00000002   PAD
    0x0800062c   0x0800062c   0x0000000c   Code   RO         1592    i.HAL_GetTick       stm32f4xx_hal.o
    0x08000638   0x08000638   0x00000010   Code   RO         1598    i.HAL_IncTick       stm32f4xx_hal.o
    0x08000648   0x08000648   0x00000034   Code   RO         1599    i.HAL_Init          stm32f4xx_hal.o
    0x0800067c   0x0800067c   0x00000074   Code   RO          526    i.HAL_InitTick      stm32f4xx_hal_timebase_tim.o
    0x080006f0   0x080006f0   0x00000038   Code   RO          490    i.HAL_MspInit       stm32f4xx_hal_msp.o
    0x08000728   0x08000728   0x0000001a   Code   RO         1449    i.HAL_NVIC_EnableIRQ  stm32f4xx_hal_cortex.o
    0x08000742   0x08000742   0x00000002   PAD
    0x08000744   0x08000744   0x00000040   Code   RO         1455    i.HAL_NVIC_SetPriority  stm32f4xx_hal_cortex.o
    0x08000784   0x08000784   0x00000024   Code   RO         1456    i.HAL_NVIC_SetPriorityGrouping  stm32f4xx_hal_cortex.o
    0x080007a8   0x080007a8   0x00000134   Code   RO          604    i.HAL_RCC_ClockConfig  stm32f4xx_hal_rcc.o
    0x080008dc   0x080008dc   0x00000040   Code   RO          608    i.HAL_RCC_GetClockConfig  stm32f4xx_hal_rcc.o
    0x0800091c   0x0800091c   0x00000020   Code   RO          611    i.HAL_RCC_GetPCLK1Freq  stm32f4xx_hal_rcc.o
    0x0800093c   0x0800093c   0x00000020   Code   RO          612    i.HAL_RCC_GetPCLK2Freq  stm32f4xx_hal_rcc.o
    0x0800095c   0x0800095c   0x00000098   Code   RO          715    i.HAL_RCC_GetSysClockFreq  stm32f4xx_hal_rcc_ex.o
    0x080009f4   0x080009f4   0x00000330   Code   RO          716    i.HAL_RCC_OscConfig  stm32f4xx_hal_rcc_ex.o
    0x08000d24   0x08000d24   0x00000002   Code   RO         2514    i.HAL_TIMEx_BreakCallback  stm32f4xx_hal_tim_ex.o
    0x08000d26   0x08000d26   0x00000002   Code   RO         2515    i.HAL_TIMEx_CommutCallback  stm32f4xx_hal_tim_ex.o
    0x08000d28   0x08000d28   0x00000036   Code   RO         1839    i.HAL_TIM_Base_Init  stm32f4xx_hal_tim.o
    0x08000d5e   0x08000d5e   0x00000002   Code   RO         1841    i.HAL_TIM_Base_MspInit  stm32f4xx_hal_tim.o
    0x08000d60   0x08000d60   0x00000022   Code   RO         1844    i.HAL_TIM_Base_Start_IT  stm32f4xx_hal_tim.o
    0x08000d82   0x08000d82   0x00000002   Code   RO         1868    i.HAL_TIM_IC_CaptureCallback  stm32f4xx_hal_tim.o
    0x08000d84   0x08000d84   0x00000166   Code   RO         1882    i.HAL_TIM_IRQHandler  stm32f4xx_hal_tim.o
    0x08000eea   0x08000eea   0x00000002   Code   RO         1885    i.HAL_TIM_OC_DelayElapsedCallback  stm32f4xx_hal_tim.o
    0x08000eec   0x08000eec   0x00000002   Code   RO         1912    i.HAL_TIM_PWM_PulseFinishedCallback  stm32f4xx_hal_tim.o
    0x08000eee   0x08000eee   0x00000002   PAD
    0x08000ef0   0x08000ef0   0x00000014   Code   RO          229    i.HAL_TIM_PeriodElapsedCallback  main.o
    0x08000f04   0x08000f04   0x00000002   Code   RO         1925    i.HAL_TIM_TriggerCallback  stm32f4xx_hal_tim.o
    0x08000f06   0x08000f06   0x00000062   Code   RO         2790    i.HAL_UART_Init     stm32f4xx_hal_uart.o
    0x08000f68   0x08000f68   0x000000a0   Code   RO          492    i.HAL_UART_MspInit  stm32f4xx_hal_msp.o
    0x08001008   0x08001008   0x000000ba   Code   RO         2793    i.HAL_UART_Receive  stm32f4xx_hal_uart.o
    0x080010c2   0x080010c2   0x000000ba   Code   RO         2798    i.HAL_UART_Transmit  stm32f4xx_hal_uart.o
    0x0800117c   0x0800117c   0x00000002   Code   RO          428    i.HardFault_Handler  stm32f4xx_it.o
    0x0800117e   0x0800117e   0x00000002   PAD
    0x08001180   0x08001180   0x00000094   Code   RO          230    i.MX_GPIO_Init      main.o
    0x08001214   0x08001214   0x00000002   Code   RO          429    i.MemManage_Handler  stm32f4xx_it.o
    0x08001216   0x08001216   0x00000002   Code   RO          430    i.NMI_Handler       stm32f4xx_it.o
    0x08001218   0x08001218   0x00000008   Code   RO          231    i.StartDecodManch   main.o
    0x08001220   0x08001220   0x000001a4   Code   RO          232    i.StartGestEcran    main.o
    0x080013c4   0x080013c4   0x00000008   Code   RO          233    i.StartGestLed      main.o
    0x080013cc   0x080013cc   0x00000008   Code   RO          234    i.StartGestRadio    main.o
    0x080013d4   0x080013d4   0x00000068   Code   RO          235    i.StartGestTours    main.o
    0x0800143c   0x0800143c   0x00000008   Code   RO          236    i.StartReinit       main.o
    0x08001444   0x08001444   0x0000002c   Code   RO         4359    i.SysTick_Handler   port.o
    0x08001470   0x08001470   0x00000074   Code   RO          237    i.SystemClock_Config  main.o
    0x080014e4   0x080014e4   0x00000054   Code   RO          566    i.SystemInit        system_stm32f4xx_1.o
    0x08001538   0x08001538   0x0000000c   Code   RO          431    i.TIM1_UP_TIM10_IRQHandler  stm32f4xx_it.o
    0x08001544   0x08001544   0x000000c8   Code   RO         1927    i.TIM_Base_SetConfig  stm32f4xx_hal_tim.o
    0x0800160c   0x0800160c   0x00000128   Code   RO         2816    i.UART_SetConfig    stm32f4xx_hal_uart.o
    0x08001734   0x08001734   0x00000062   Code   RO         2818    i.UART_WaitOnFlagUntilTimeout  stm32f4xx_hal_uart.o
    0x08001796   0x08001796   0x00000002   Code   RO          432    i.UsageFault_Handler  stm32f4xx_it.o
    0x08001798   0x08001798   0x00000010   Code   RO         4452    i.__0printf$bare    mc_w.l(printfb.o)
    0x080017a8   0x080017a8   0x00000020   Code   RO         1462    i.__NVIC_SetPriority  stm32f4xx_hal_cortex.o
    0x080017c8   0x080017c8   0x0000000e   Code   RO         4751    i.__scatterload_copy  mc_w.l(handlers.o)
    0x080017d6   0x080017d6   0x00000002   Code   RO         4752    i.__scatterload_null  mc_w.l(handlers.o)
    0x080017d8   0x080017d8   0x0000000e   Code   RO         4753    i.__scatterload_zeroinit  mc_w.l(handlers.o)
    0x080017e6   0x080017e6   0x00000022   Code   RO         4459    i._printf_core      mc_w.l(printfb.o)
    0x08001808   0x08001808   0x00000018   Code   RO          238    i.fputc             main.o
    0x08001820   0x08001820   0x000000b8   Code   RO           20    i.gfx_Cls           uoled.o
    0x080018d8   0x080018d8   0x000000f0   Code   RO           21    i.gfx_Rectangle     uoled.o
    0x080019c8   0x080019c8   0x000000fc   Code   RO           22    i.gfx_RectangleFilled  uoled.o
    0x08001ac4   0x08001ac4   0x0000000c   Code   RO         3940    i.inHandlerMode     cmsis_os.o
    0x08001ad0   0x08001ad0   0x00000140   Code   RO          239    i.main              main.o
    0x08001c10   0x08001c10   0x0000000c   Code   RO         3942    i.makeFreeRtosPriority  cmsis_os.o
    0x08001c1c   0x08001c1c   0x0000000e   Code   RO         3944    i.osDelay           cmsis_os.o
    0x08001c2a   0x08001c2a   0x0000000a   Code   RO         3947    i.osKernelStart     cmsis_os.o
    0x08001c34   0x08001c34   0x0000003e   Code   RO         3973    i.osSemaphoreCreate  cmsis_os.o
    0x08001c72   0x08001c72   0x00000002   PAD
    0x08001c74   0x08001c74   0x00000050   Code   RO         3976    i.osSemaphoreRelease  cmsis_os.o
    0x08001cc4   0x08001cc4   0x00000064   Code   RO         3977    i.osSemaphoreWait   cmsis_os.o
    0x08001d28   0x08001d28   0x0000005c   Code   RO         3978    i.osSignalSet       cmsis_os.o
    0x08001d84   0x08001d84   0x00000056   Code   RO         3979    i.osSignalWait      cmsis_os.o
    0x08001dda   0x08001dda   0x00000054   Code   RO         3981    i.osThreadCreate    cmsis_os.o
    0x08001e2e   0x08001e2e   0x00000002   PAD
    0x08001e30   0x08001e30   0x0000003c   Code   RO         3992    i.osTimerCreate     cmsis_os.o
    0x08001e6c   0x08001e6c   0x00000060   Code   RO         3994    i.osTimerStart      cmsis_os.o
    0x08001ecc   0x08001ecc   0x00000070   Code   RO         3536    i.prvAddCurrentTaskToDelayedList  tasks.o
    0x08001f3c   0x08001f3c   0x000000d0   Code   RO         3537    i.prvAddNewTaskToReadyList  tasks.o
    0x0800200c   0x0800200c   0x00000058   Code   RO         3811    i.prvCheckForValidListAndQueue  timers.o
    0x08002064   0x08002064   0x00000026   Code   RO         3232    i.prvCopyDataFromQueue  queue.o
    0x0800208a   0x0800208a   0x0000005a   Code   RO         3233    i.prvCopyDataToQueue  queue.o
    0x080020e4   0x080020e4   0x00000034   Code   RO         3538    i.prvDeleteTCB      tasks.o
    0x08002118   0x08002118   0x0000004c   Code   RO         4309    i.prvHeapInit       heap_4.o
    0x08002164   0x08002164   0x0000005c   Code   RO         3539    i.prvIdleTask       tasks.o
    0x080021c0   0x080021c0   0x00000016   Code   RO         3234    i.prvInitialiseNewQueue  queue.o
    0x080021d6   0x080021d6   0x0000008a   Code   RO         3540    i.prvInitialiseNewTask  tasks.o
    0x08002260   0x08002260   0x00000044   Code   RO         3812    i.prvInitialiseNewTimer  timers.o
    0x080022a4   0x080022a4   0x0000004c   Code   RO         4310    i.prvInsertBlockIntoFreeList  heap_4.o
    0x080022f0   0x080022f0   0x00000038   Code   RO         3813    i.prvInsertTimerInActiveList  timers.o
    0x08002328   0x08002328   0x0000001a   Code   RO         3235    i.prvIsQueueEmpty   queue.o
    0x08002342   0x08002342   0x00000002   PAD
    0x08002344   0x08002344   0x000000bc   Code   RO         3814    i.prvProcessReceivedCommands  timers.o
    0x08002400   0x08002400   0x000000b4   Code   RO         3815    i.prvProcessTimerOrBlockTask  timers.o
    0x080024b4   0x080024b4   0x00000020   Code   RO         3541    i.prvResetNextTaskUnblockTime  tasks.o
    0x080024d4   0x080024d4   0x00000028   Code   RO         3816    i.prvSampleTimeNow  timers.o
    0x080024fc   0x080024fc   0x0000006c   Code   RO         3817    i.prvSwitchTimerLists  timers.o
    0x08002568   0x08002568   0x00000028   Code   RO         4360    i.prvTaskExitError  port.o
    0x08002590   0x08002590   0x00000028   Code   RO         3818    i.prvTimerTask      timers.o
    0x080025b8   0x080025b8   0x0000006a   Code   RO         3236    i.prvUnlockQueue    queue.o
    0x08002622   0x08002622   0x00000002   PAD
    0x08002624   0x08002624   0x00000058   Code   RO           23    i.putCH             uoled.o
    0x0800267c   0x0800267c   0x00000036   Code   RO           24    i.putINT            uoled.o
    0x080026b2   0x080026b2   0x00000002   PAD
    0x080026b4   0x080026b4   0x000000d8   Code   RO         4311    i.pvPortMalloc      heap_4.o
    0x0800278c   0x0800278c   0x0000002c   Code   RO         4361    i.pxPortInitialiseStack  port.o
    0x080027b8   0x080027b8   0x00000068   Code   RO           25    i.setbaudWait       uoled.o
    0x08002820   0x08002820   0x00000058   Code   RO           26    i.txt_BGcolour      uoled.o
    0x08002878   0x08002878   0x00000058   Code   RO           27    i.txt_FGcolour      uoled.o
    0x080028d0   0x080028d0   0x0000007c   Code   RO           28    i.txt_MoveCursor    uoled.o
    0x0800294c   0x0800294c   0x00000026   Code   RO         3192    i.uxListRemove      list.o
    0x08002972   0x08002972   0x00000002   PAD
    0x08002974   0x08002974   0x00000014   Code   RO          380    i.vApplicationGetIdleTaskMemory  freertos.o
    0x08002988   0x08002988   0x00000018   Code   RO          381    i.vApplicationGetTimerTaskMemory  freertos.o
    0x080029a0   0x080029a0   0x00000002   Code   RO          382    i.vApplicationTickHook  freertos.o
    0x080029a2   0x080029a2   0x00000016   Code   RO         3193    i.vListInitialise   list.o
    0x080029b8   0x080029b8   0x00000006   Code   RO         3194    i.vListInitialiseItem  list.o
    0x080029be   0x080029be   0x00000030   Code   RO         3195    i.vListInsert       list.o
    0x080029ee   0x080029ee   0x00000018   Code   RO         3196    i.vListInsertEnd    list.o
    0x08002a06   0x08002a06   0x00000002   PAD
    0x08002a08   0x08002a08   0x00000040   Code   RO         4363    i.vPortEnterCritical  port.o
    0x08002a48   0x08002a48   0x00000028   Code   RO         4364    i.vPortExitCritical  port.o
    0x08002a70   0x08002a70   0x0000005c   Code   RO         4312    i.vPortFree         heap_4.o
    0x08002acc   0x08002acc   0x00000024   Code   RO         4365    i.vPortSetupTimerInterrupt  port.o
    0x08002af0   0x08002af0   0x00000054   Code   RO         4366    i.vPortValidateInterruptPriority  port.o
    0x08002b44   0x08002b44   0x00000024   Code   RO         3240    i.vQueueAddToRegistry  queue.o
    0x08002b68   0x08002b68   0x00000044   Code   RO         3243    i.vQueueWaitForMessageRestricted  queue.o
    0x08002bac   0x08002bac   0x0000004c   Code   RO         3548    i.vTaskDelay        tasks.o
    0x08002bf8   0x08002bf8   0x00000010   Code   RO         3551    i.vTaskInternalSetTimeOutState  tasks.o
    0x08002c08   0x08002c08   0x0000000c   Code   RO         3552    i.vTaskMissedYield  tasks.o
    0x08002c14   0x08002c14   0x00000030   Code   RO         3554    i.vTaskPlaceOnEventList  tasks.o
    0x08002c44   0x08002c44   0x00000038   Code   RO         3555    i.vTaskPlaceOnEventListRestricted  tasks.o
    0x08002c7c   0x08002c7c   0x00000084   Code   RO         3561    i.vTaskStartScheduler  tasks.o
    0x08002d00   0x08002d00   0x00000010   Code   RO         3563    i.vTaskSuspendAll   tasks.o
    0x08002d10   0x08002d10   0x0000005c   Code   RO         3564    i.vTaskSwitchContext  tasks.o
    0x08002d6c   0x08002d6c   0x000000f4   Code   RO         4367    i.xPortStartScheduler  port.o
    0x08002e60   0x08002e60   0x00000048   Code   RO         3244    i.xQueueGenericCreate  queue.o
    0x08002ea8   0x08002ea8   0x00000066   Code   RO         3245    i.xQueueGenericCreateStatic  queue.o
    0x08002f0e   0x08002f0e   0x00000002   PAD
    0x08002f10   0x08002f10   0x00000088   Code   RO         3246    i.xQueueGenericReset  queue.o
    0x08002f98   0x08002f98   0x00000164   Code   RO         3247    i.xQueueGenericSend  queue.o
    0x080030fc   0x080030fc   0x000000bc   Code   RO         3248    i.xQueueGenericSendFromISR  queue.o
    0x080031b8   0x080031b8   0x0000009c   Code   RO         3249    i.xQueueGiveFromISR  queue.o
    0x08003254   0x08003254   0x00000138   Code   RO         3254    i.xQueueReceive     queue.o
    0x0800338c   0x0800338c   0x0000009a   Code   RO         3255    i.xQueueReceiveFromISR  queue.o
    0x08003426   0x08003426   0x00000002   PAD
    0x08003428   0x08003428   0x00000128   Code   RO         3256    i.xQueueSemaphoreTake  queue.o
    0x08003550   0x08003550   0x00000074   Code   RO         3565    i.xTaskCheckForTimeOut  tasks.o
    0x080035c4   0x080035c4   0x0000005a   Code   RO         3566    i.xTaskCreate       tasks.o
    0x0800361e   0x0800361e   0x0000005a   Code   RO         3567    i.xTaskCreateStatic  tasks.o
    0x08003678   0x08003678   0x000000cc   Code   RO         3568    i.xTaskGenericNotify  tasks.o
    0x08003744   0x08003744   0x000000f0   Code   RO         3569    i.xTaskGenericNotifyFromISR  tasks.o
    0x08003834   0x08003834   0x0000001c   Code   RO         3571    i.xTaskGetSchedulerState  tasks.o
    0x08003850   0x08003850   0x0000000c   Code   RO         3572    i.xTaskGetTickCount  tasks.o
    0x0800385c   0x0800385c   0x000000d4   Code   RO         3574    i.xTaskIncrementTick  tasks.o
    0x08003930   0x08003930   0x0000008c   Code   RO         3576    i.xTaskNotifyWait   tasks.o
    0x080039bc   0x080039bc   0x00000074   Code   RO         3577    i.xTaskRemoveFromEventList  tasks.o
    0x08003a30   0x08003a30   0x000000c4   Code   RO         3578    i.xTaskResumeAll    tasks.o
    0x08003af4   0x08003af4   0x00000034   Code   RO         3821    i.xTimerCreate      timers.o
    0x08003b28   0x08003b28   0x0000002e   Code   RO         3822    i.xTimerCreateStatic  timers.o
    0x08003b56   0x08003b56   0x00000002   PAD
    0x08003b58   0x08003b58   0x00000060   Code   RO         3823    i.xTimerCreateTimerTask  timers.o
    0x08003bb8   0x08003bb8   0x0000005c   Code   RO         3824    i.xTimerGenericCommand  timers.o
    0x08003c14   0x08003c14   0x000000b0   Data   RO          241    .constdata          main.o
    0x08003cc4   0x08003cc4   0x00000010   Data   RO          567    .constdata          system_stm32f4xx_1.o
    0x08003cd4   0x08003cd4   0x00000008   Data   RO          568    .constdata          system_stm32f4xx_1.o
    0x08003cdc   0x08003cdc   0x0000003f   Data   RO          242    .conststring        main.o
    0x08003d1b   0x08003d1b   0x00000001   PAD
    0x08003d1c   0x08003d1c   0x00000020   Data   RO         4749    Region$$Table       anon$$obj.o


    Execution Region RW_IRAM1 (Exec base: 0x20000000, Load base: 0x08003d3c, Size: 0x00004a38, Max: 0x00020000, ABSOLUTE)

    Exec Addr    Load Addr    Size         Type   Attr      Idx    E Section Name        Object

    0x20000000   0x08003d3c   0x00000038   Data   RW          243    .data               main.o
    0x20000038   0x08003d74   0x00000004   Data   RW          569    .data               system_stm32f4xx_1.o
    0x2000003c   0x08003d78   0x0000000c   Data   RW         1606    .data               stm32f4xx_hal.o
    0x20000048   0x08003d84   0x0000003c   Data   RW         3581    .data               tasks.o
    0x20000084   0x08003dc0   0x00000014   Data   RW         3830    .data               timers.o
    0x20000098   0x08003dd4   0x00000018   Data   RW         4317    .data               heap_4.o
    0x200000b0   0x08003dec   0x0000000c   Data   RW         4368    .data               port.o
    0x200000bc   0x08003df8   0x00000004   Data   RW         4441    .data               mc_w.l(rand.o)
    0x200000c0   0x08003dfc   0x00000004   Data   RW         4725    .data               mc_w.l(stdout.o)
    0x200000c4        -       0x00000080   Zero   RW          240    .bss                main.o
    0x20000144        -       0x00000698   Zero   RW          383    .bss                freertos.o
    0x200007dc        -       0x00000040   Zero   RW          529    .bss                stm32f4xx_hal_timebase_tim.o
    0x2000081c        -       0x00000040   Zero   RW         3257    .bss                queue.o
    0x2000085c        -       0x000000f0   Zero   RW         3580    .bss                tasks.o
    0x2000094c        -       0x000000e8   Zero   RW         3829    .bss                timers.o
    0x20000a34        -       0x00003c00   Zero   RW         4316    .bss                heap_4.o
    0x20004634   0x08003e00   0x00000004   PAD
    0x20004638        -       0x00000400   Zero   RW            1    STACK               startup_stm32f446xx.o


==============================================================================

Image component sizes


      Code (inc. data)   RO Data    RW Data    ZI Data      Debug   Object Name

       708         28          0          0          0      35076   cmsis_os.o
         0          0          0          0          0      18372   event_groups.o
        46         10          0          0       1688       2688   freertos.o
       460         24          0         24      15360       5247   heap_4.o
       138          0          0          0          0       3938   list.o
      1248        118        239         56        128      42077   main.o
       786         80          0         12          0      12685   port.o
      2158         24          0          0         64      21051   queue.o
        36          8        452          0       1024        900   startup_stm32f446xx.o
       116         18          0         12          0       9010   stm32f4xx_hal.o
       158         14          0          0          0      33454   stm32f4xx_hal_cortex.o
       430         40          0          0          0       2708   stm32f4xx_hal_gpio.o
       216         20          0          0          0       1869   stm32f4xx_hal_msp.o
       436         54          0          0          0       3863   stm32f4xx_hal_rcc.o
       968         34          0          0          0       3086   stm32f4xx_hal_rcc_ex.o
       656         44          0          0          0       8052   stm32f4xx_hal_tim.o
         4          0          0          0          0       1837   stm32f4xx_hal_tim_ex.o
       116         18          0          0         64       1583   stm32f4xx_hal_timebase_tim.o
       864          8          0          0          0       5635   stm32f4xx_hal_uart.o
        24          6          0          0          0       3648   stm32f4xx_it.o
         0          0          0          0          0        432   stream_buffer.o
        84         18         24          4          0       1347   system_stm32f4xx_1.o
      2526        194          0         60        240      28397   tasks.o
      1054         80          0         20        232      30739   timers.o
      1254         70          0          0          0     714942   uoled.o

    ----------------------------------------------------------------------
     14520        910        748        188      18804     992636   Object Totals
         0          0         32          0          0          0   (incl. Generated)
        34          0          1          0          4          0   (incl. Padding)

    ----------------------------------------------------------------------

      Code (inc. data)   RO Data    RW Data    ZI Data      Debug   Library Member Name

         0          0          0          0          0          0   entry.o
         0          0          0          0          0          0   entry10a.o
         0          0          0          0          0          0   entry11a.o
         8          4          0          0          0          0   entry2.o
         4          0          0          0          0          0   entry5.o
         0          0          0          0          0          0   entry7b.o
         0          0          0          0          0          0   entry8b.o
         8          4          0          0          0          0   entry9a.o
        30          0          0          0          0          0   handlers.o
        36          8          0          0          0         68   init.o
        30          0          0          0          0         68   llshl.o
        32          0          0          0          0         68   llushr.o
        36          0          0          0          0         68   memcpya.o
        36          0          0          0          0        108   memseta.o
        50          8          0          0          0        152   printfb.o
        36         10          0          4          0        136   rand.o
         0          0          0          4          0          0   stdout.o
        98          0          0          0          0         92   uldiv.o

    ----------------------------------------------------------------------
       408         34          0          8          0        760   Library Totals
         4          0          0          0          0          0   (incl. Padding)

    ----------------------------------------------------------------------

      Code (inc. data)   RO Data    RW Data    ZI Data      Debug   Library Name

       404         34          0          8          0        760   mc_w.l

    ----------------------------------------------------------------------
       408         34          0          8          0        760   Library Totals

    ----------------------------------------------------------------------

==============================================================================


      Code (inc. data)   RO Data    RW Data    ZI Data      Debug   

     14928        944        748        196      18804     978940   Grand Totals
     14928        944        748        196      18804     978940   ELF Image Totals
     14928        944        748        196          0          0   ROM Totals

==============================================================================

    Total RO  Size (Code + RO Data)                15676 (  15.31kB)
    Total RW  Size (RW Data + ZI Data)             19000 (  18.55kB)
    Total ROM Size (Code + RO Data + RW Data)      15872 (  15.50kB)

==============================================================================

