<html>
<body>
<pre>
<h1>µVision Build Log</h1>
<h2>Tool Versions:</h2>
IDE-Version: µVision V5.22.0.0
Copyright (C) 2016 ARM Ltd and ARM Germany GmbH. All rights reserved.
License Information: ASSISTANCE DSI INSA Rennes Flex license: MDK-ARM Professional: 98 user(s) (mdk_pro) Operation stops: 27 Feb 2020
 
Tool Versions:
Toolchain:       MDK-ARM Professional: 98 user(s)  Version: 5.22
Toolchain Path:  c:\Keil_v5\ARM\ARMCC\Bin
C Compiler:      Armcc.exe V5.06 update 4 (build 422)
Assembler:       Armasm.exe V5.06 update 4 (build 422)
Linker/Locator:  ArmLink.exe V5.06 update 4 (build 422)
Library Manager: ArmAr.exe V5.06 update 4 (build 422)
Hex Converter:   FromElf.exe V5.06 update 4 (build 422)
CPU DLL:         SARMCM3.DLL V5.22
Dialog DLL:      DCM.DLL V1.13.9.0
Target DLL:      STLink\ST-LINKIII-KEIL_SWO.dll V2.0.18.0
Dialog DLL:      TCM.DLL V1.21.0.0
 
<h2>Project:</h2>
C:\Temp\Projet Pluri\Code_stm\MDK-ARM\FreeRTOS_TP1.uvprojx
Project File Date:  02/12/2020

<h2>Output:</h2>
*** Using Compiler 'V5.06 update 4 (build 422)', folder: 'c:\Keil_v5\ARM\ARMCC\Bin'
Build target 'FreeRTOS_TP1'
compiling main.c...
../Src/main.c(486): warning:  #223-D: function "abs" declared implicitly
  		if(abs(nbTour1-nbTour2)<2){
../Src/main.c(544): warning:  #223-D: function "rand" declared implicitly
  	int r = rand();
../Src/main.c: 2 warnings, 0 errors
linking...
Program Size: Code=14368 RO-data=676 RW-data=180 ZI-data=16916  
FromELF: creating hex file...
"FreeRTOS_TP1\FreeRTOS_TP1.axf" - 0 Error(s), 2 Warning(s).

<h2>Software Packages used:</h2>

Package Vendor: ARM
                http://www.keil.com/pack/ARM.CMSIS.5.0.1.pack
                ARM::CMSIS:CORE:5.0.1
                CMSIS (Cortex Microcontroller Software Interface Standard)
   * Component: CORE Version: 5.0.1

<h2>Collection of Component include folders:</h2>
  C:\Temp\Projet Pluri\Code_stm\MDK-ARM\RTE\_FreeRTOS_TP1
  c:\Keil_v5\ARM\PACK\ARM\CMSIS\5.0.1\CMSIS\Include
  c:\Keil_v5\ARM\PACK\Keil\STM32F4xx_DFP\2.11.0\Drivers\CMSIS\Device\ST\STM32F4xx\Include

<h2>Collection of Component Files used:</h2>

   * Component: ARM::CMSIS:CORE:5.0.1
Build Time Elapsed:  00:00:02
</pre>
</body>
</html>
